<?xml version="1.0" encoding="ISO-8859-1" ?>
<link_info>
   <banner>MSP430 Linker PC v21.6.1.LTS</banner>
   <copyright>Copyright (c) 2003-2018 Texas Instruments Incorporated</copyright>
   <link_time>0x641637fc</link_time>
   <link_errors>0x0</link_errors>
   <output_file>ibpt.out</output_file>
   <entry_point>
      <name>_c_int00_noargs_mpu</name>
      <address>0x4000</address>
   </entry_point>
   <input_file_list>
      <input_file id="fl-2">
         <path>.\</path>
         <kind>object</kind>
         <file>algorithm.obj</file>
         <name>algorithm.obj</name>
      </input_file>
      <input_file id="fl-3">
         <path>.\</path>
         <kind>object</kind>
         <file>config.obj</file>
         <name>config.obj</name>
      </input_file>
      <input_file id="fl-4">
         <path>.\</path>
         <kind>object</kind>
         <file>i2c.obj</file>
         <name>i2c.obj</name>
      </input_file>
      <input_file id="fl-5">
         <path>.\</path>
         <kind>object</kind>
         <file>main.obj</file>
         <name>main.obj</name>
      </input_file>
      <input_file id="fl-6">
         <path>.\</path>
         <kind>object</kind>
         <file>maxim30102.obj</file>
         <name>maxim30102.obj</name>
      </input_file>
      <input_file id="fl-7">
         <path>.\</path>
         <kind>object</kind>
         <file>uart.obj</file>
         <name>uart.obj</name>
      </input_file>
      <input_file id="fl-e">
         <kind>object</kind>
         <file>&lt;internal&gt;</file>
         <name>&lt;internal&gt;</name>
      </input_file>
      <input_file id="fl-2e">
         <path>C:\ti\ccs1220\ccs\tools\compiler\ti-cgt-msp430_21.6.1.LTS\lib\</path>
         <kind>archive</kind>
         <file>rts430x_lc_rd_eabi.lib</file>
         <name>copy_decompress_lzss.c.obj</name>
      </input_file>
      <input_file id="fl-2f">
         <path>C:\ti\ccs1220\ccs\tools\compiler\ti-cgt-msp430_21.6.1.LTS\lib\</path>
         <kind>archive</kind>
         <file>rts430x_lc_rd_eabi.lib</file>
         <name>copy_decompress_none.c.obj</name>
      </input_file>
      <input_file id="fl-30">
         <path>C:\ti\ccs1220\ccs\tools\compiler\ti-cgt-msp430_21.6.1.LTS\lib\</path>
         <kind>archive</kind>
         <file>rts430x_lc_rd_eabi.lib</file>
         <name>int18.asm.obj</name>
      </input_file>
      <input_file id="fl-31">
         <path>C:\ti\ccs1220\ccs\tools\compiler\ti-cgt-msp430_21.6.1.LTS\lib\</path>
         <kind>archive</kind>
         <file>rts430x_lc_rd_eabi.lib</file>
         <name>isr_trap.asm.obj</name>
      </input_file>
      <input_file id="fl-32">
         <path>C:\ti\ccs1220\ccs\tools\compiler\ti-cgt-msp430_21.6.1.LTS\lib\</path>
         <kind>archive</kind>
         <file>rts430x_lc_rd_eabi.lib</file>
         <name>int19.asm.obj</name>
      </input_file>
      <input_file id="fl-33">
         <path>C:\ti\ccs1220\ccs\tools\compiler\ti-cgt-msp430_21.6.1.LTS\lib\</path>
         <kind>archive</kind>
         <file>rts430x_lc_rd_eabi.lib</file>
         <name>int20.asm.obj</name>
      </input_file>
      <input_file id="fl-34">
         <path>C:\ti\ccs1220\ccs\tools\compiler\ti-cgt-msp430_21.6.1.LTS\lib\</path>
         <kind>archive</kind>
         <file>rts430x_lc_rd_eabi.lib</file>
         <name>int21.asm.obj</name>
      </input_file>
      <input_file id="fl-35">
         <path>C:\ti\ccs1220\ccs\tools\compiler\ti-cgt-msp430_21.6.1.LTS\lib\</path>
         <kind>archive</kind>
         <file>rts430x_lc_rd_eabi.lib</file>
         <name>int22.asm.obj</name>
      </input_file>
      <input_file id="fl-36">
         <path>C:\ti\ccs1220\ccs\tools\compiler\ti-cgt-msp430_21.6.1.LTS\lib\</path>
         <kind>archive</kind>
         <file>rts430x_lc_rd_eabi.lib</file>
         <name>int23.asm.obj</name>
      </input_file>
      <input_file id="fl-37">
         <path>C:\ti\ccs1220\ccs\tools\compiler\ti-cgt-msp430_21.6.1.LTS\lib\</path>
         <kind>archive</kind>
         <file>rts430x_lc_rd_eabi.lib</file>
         <name>int24.asm.obj</name>
      </input_file>
      <input_file id="fl-38">
         <path>C:\ti\ccs1220\ccs\tools\compiler\ti-cgt-msp430_21.6.1.LTS\lib\</path>
         <kind>archive</kind>
         <file>rts430x_lc_rd_eabi.lib</file>
         <name>int25.asm.obj</name>
      </input_file>
      <input_file id="fl-39">
         <path>C:\ti\ccs1220\ccs\tools\compiler\ti-cgt-msp430_21.6.1.LTS\lib\</path>
         <kind>archive</kind>
         <file>rts430x_lc_rd_eabi.lib</file>
         <name>int26.asm.obj</name>
      </input_file>
      <input_file id="fl-3a">
         <path>C:\ti\ccs1220\ccs\tools\compiler\ti-cgt-msp430_21.6.1.LTS\lib\</path>
         <kind>archive</kind>
         <file>rts430x_lc_rd_eabi.lib</file>
         <name>int27.asm.obj</name>
      </input_file>
      <input_file id="fl-3b">
         <path>C:\ti\ccs1220\ccs\tools\compiler\ti-cgt-msp430_21.6.1.LTS\lib\</path>
         <kind>archive</kind>
         <file>rts430x_lc_rd_eabi.lib</file>
         <name>int28.asm.obj</name>
      </input_file>
      <input_file id="fl-3c">
         <path>C:\ti\ccs1220\ccs\tools\compiler\ti-cgt-msp430_21.6.1.LTS\lib\</path>
         <kind>archive</kind>
         <file>rts430x_lc_rd_eabi.lib</file>
         <name>int29.asm.obj</name>
      </input_file>
      <input_file id="fl-3d">
         <path>C:\ti\ccs1220\ccs\tools\compiler\ti-cgt-msp430_21.6.1.LTS\lib\</path>
         <kind>archive</kind>
         <file>rts430x_lc_rd_eabi.lib</file>
         <name>int30.asm.obj</name>
      </input_file>
      <input_file id="fl-3e">
         <path>C:\ti\ccs1220\ccs\tools\compiler\ti-cgt-msp430_21.6.1.LTS\lib\</path>
         <kind>archive</kind>
         <file>rts430x_lc_rd_eabi.lib</file>
         <name>int31.asm.obj</name>
      </input_file>
      <input_file id="fl-3f">
         <path>C:\ti\ccs1220\ccs\tools\compiler\ti-cgt-msp430_21.6.1.LTS\lib\</path>
         <kind>archive</kind>
         <file>rts430x_lc_rd_eabi.lib</file>
         <name>int32.asm.obj</name>
      </input_file>
      <input_file id="fl-40">
         <path>C:\ti\ccs1220\ccs\tools\compiler\ti-cgt-msp430_21.6.1.LTS\lib\</path>
         <kind>archive</kind>
         <file>rts430x_lc_rd_eabi.lib</file>
         <name>int33.asm.obj</name>
      </input_file>
      <input_file id="fl-41">
         <path>C:\ti\ccs1220\ccs\tools\compiler\ti-cgt-msp430_21.6.1.LTS\lib\</path>
         <kind>archive</kind>
         <file>rts430x_lc_rd_eabi.lib</file>
         <name>int34.asm.obj</name>
      </input_file>
      <input_file id="fl-42">
         <path>C:\ti\ccs1220\ccs\tools\compiler\ti-cgt-msp430_21.6.1.LTS\lib\</path>
         <kind>archive</kind>
         <file>rts430x_lc_rd_eabi.lib</file>
         <name>int35.asm.obj</name>
      </input_file>
      <input_file id="fl-43">
         <path>C:\ti\ccs1220\ccs\tools\compiler\ti-cgt-msp430_21.6.1.LTS\lib\</path>
         <kind>archive</kind>
         <file>rts430x_lc_rd_eabi.lib</file>
         <name>int36.asm.obj</name>
      </input_file>
      <input_file id="fl-44">
         <path>C:\ti\ccs1220\ccs\tools\compiler\ti-cgt-msp430_21.6.1.LTS\lib\</path>
         <kind>archive</kind>
         <file>rts430x_lc_rd_eabi.lib</file>
         <name>int37.asm.obj</name>
      </input_file>
      <input_file id="fl-45">
         <path>C:\ti\ccs1220\ccs\tools\compiler\ti-cgt-msp430_21.6.1.LTS\lib\</path>
         <kind>archive</kind>
         <file>rts430x_lc_rd_eabi.lib</file>
         <name>int38.asm.obj</name>
      </input_file>
      <input_file id="fl-46">
         <path>C:\ti\ccs1220\ccs\tools\compiler\ti-cgt-msp430_21.6.1.LTS\lib\</path>
         <kind>archive</kind>
         <file>rts430x_lc_rd_eabi.lib</file>
         <name>int39.asm.obj</name>
      </input_file>
      <input_file id="fl-47">
         <path>C:\ti\ccs1220\ccs\tools\compiler\ti-cgt-msp430_21.6.1.LTS\lib\</path>
         <kind>archive</kind>
         <file>rts430x_lc_rd_eabi.lib</file>
         <name>int40.asm.obj</name>
      </input_file>
      <input_file id="fl-48">
         <path>C:\ti\ccs1220\ccs\tools\compiler\ti-cgt-msp430_21.6.1.LTS\lib\</path>
         <kind>archive</kind>
         <file>rts430x_lc_rd_eabi.lib</file>
         <name>int41.asm.obj</name>
      </input_file>
      <input_file id="fl-49">
         <path>C:\ti\ccs1220\ccs\tools\compiler\ti-cgt-msp430_21.6.1.LTS\lib\</path>
         <kind>archive</kind>
         <file>rts430x_lc_rd_eabi.lib</file>
         <name>int42.asm.obj</name>
      </input_file>
      <input_file id="fl-4a">
         <path>C:\ti\ccs1220\ccs\tools\compiler\ti-cgt-msp430_21.6.1.LTS\lib\</path>
         <kind>archive</kind>
         <file>rts430x_lc_rd_eabi.lib</file>
         <name>int43.asm.obj</name>
      </input_file>
      <input_file id="fl-4b">
         <path>C:\ti\ccs1220\ccs\tools\compiler\ti-cgt-msp430_21.6.1.LTS\lib\</path>
         <kind>archive</kind>
         <file>rts430x_lc_rd_eabi.lib</file>
         <name>int44.asm.obj</name>
      </input_file>
      <input_file id="fl-4c">
         <path>C:\ti\ccs1220\ccs\tools\compiler\ti-cgt-msp430_21.6.1.LTS\lib\</path>
         <kind>archive</kind>
         <file>rts430x_lc_rd_eabi.lib</file>
         <name>int45.asm.obj</name>
      </input_file>
      <input_file id="fl-4d">
         <path>C:\ti\ccs1220\ccs\tools\compiler\ti-cgt-msp430_21.6.1.LTS\lib\</path>
         <kind>archive</kind>
         <file>rts430x_lc_rd_eabi.lib</file>
         <name>int46.asm.obj</name>
      </input_file>
      <input_file id="fl-4e">
         <path>C:\ti\ccs1220\ccs\tools\compiler\ti-cgt-msp430_21.6.1.LTS\lib\</path>
         <kind>archive</kind>
         <file>rts430x_lc_rd_eabi.lib</file>
         <name>int47.asm.obj</name>
      </input_file>
      <input_file id="fl-4f">
         <path>C:\ti\ccs1220\ccs\tools\compiler\ti-cgt-msp430_21.6.1.LTS\lib\</path>
         <kind>archive</kind>
         <file>rts430x_lc_rd_eabi.lib</file>
         <name>int49.asm.obj</name>
      </input_file>
      <input_file id="fl-50">
         <path>C:\ti\ccs1220\ccs\tools\compiler\ti-cgt-msp430_21.6.1.LTS\lib\</path>
         <kind>archive</kind>
         <file>rts430x_lc_rd_eabi.lib</file>
         <name>int50.asm.obj</name>
      </input_file>
      <input_file id="fl-51">
         <path>C:\ti\ccs1220\ccs\tools\compiler\ti-cgt-msp430_21.6.1.LTS\lib\</path>
         <kind>archive</kind>
         <file>rts430x_lc_rd_eabi.lib</file>
         <name>int51.asm.obj</name>
      </input_file>
      <input_file id="fl-52">
         <path>C:\ti\ccs1220\ccs\tools\compiler\ti-cgt-msp430_21.6.1.LTS\lib\</path>
         <kind>archive</kind>
         <file>rts430x_lc_rd_eabi.lib</file>
         <name>int52.asm.obj</name>
      </input_file>
      <input_file id="fl-53">
         <path>C:\ti\ccs1220\ccs\tools\compiler\ti-cgt-msp430_21.6.1.LTS\lib\</path>
         <kind>archive</kind>
         <file>rts430x_lc_rd_eabi.lib</file>
         <name>int53.asm.obj</name>
      </input_file>
      <input_file id="fl-54">
         <path>C:\ti\ccs1220\ccs\tools\compiler\ti-cgt-msp430_21.6.1.LTS\lib\</path>
         <kind>archive</kind>
         <file>rts430x_lc_rd_eabi.lib</file>
         <name>int54.asm.obj</name>
      </input_file>
      <input_file id="fl-55">
         <path>C:\ti\ccs1220\ccs\tools\compiler\ti-cgt-msp430_21.6.1.LTS\lib\</path>
         <kind>archive</kind>
         <file>rts430x_lc_rd_eabi.lib</file>
         <name>copy_zero_init.c.obj</name>
      </input_file>
      <input_file id="fl-56">
         <path>C:\ti\ccs1220\ccs\tools\compiler\ti-cgt-msp430_21.6.1.LTS\lib\</path>
         <kind>archive</kind>
         <file>rts430x_lc_rd_eabi.lib</file>
         <name>div32s.asm.obj</name>
      </input_file>
      <input_file id="fl-57">
         <path>C:\ti\ccs1220\ccs\tools\compiler\ti-cgt-msp430_21.6.1.LTS\lib\</path>
         <kind>archive</kind>
         <file>rts430x_lc_rd_eabi.lib</file>
         <name>div32u.asm.obj</name>
      </input_file>
      <input_file id="fl-58">
         <path>C:\ti\ccs1220\ccs\tools\compiler\ti-cgt-msp430_21.6.1.LTS\lib\</path>
         <kind>archive</kind>
         <file>rts430x_lc_rd_eabi.lib</file>
         <name>mult16_f5hw.asm.obj</name>
      </input_file>
      <input_file id="fl-59">
         <path>C:\ti\ccs1220\ccs\tools\compiler\ti-cgt-msp430_21.6.1.LTS\lib\</path>
         <kind>archive</kind>
         <file>rts430x_lc_rd_eabi.lib</file>
         <name>mult32.asm.obj</name>
      </input_file>
      <input_file id="fl-5a">
         <path>C:\ti\ccs1220\ccs\tools\compiler\ti-cgt-msp430_21.6.1.LTS\lib\</path>
         <kind>archive</kind>
         <file>rts430x_lc_rd_eabi.lib</file>
         <name>mult32_f5hw.asm.obj</name>
      </input_file>
      <input_file id="fl-5b">
         <path>C:\ti\ccs1220\ccs\tools\compiler\ti-cgt-msp430_21.6.1.LTS\lib\</path>
         <kind>archive</kind>
         <file>rts430x_lc_rd_eabi.lib</file>
         <name>mult64_f5hw.asm.obj</name>
      </input_file>
      <input_file id="fl-5c">
         <path>C:\ti\ccs1220\ccs\tools\compiler\ti-cgt-msp430_21.6.1.LTS\lib\</path>
         <kind>archive</kind>
         <file>rts430x_lc_rd_eabi.lib</file>
         <name>mult1632_f5hw.asm.obj</name>
      </input_file>
      <input_file id="fl-5d">
         <path>C:\ti\ccs1220\ccs\tools\compiler\ti-cgt-msp430_21.6.1.LTS\lib\</path>
         <kind>archive</kind>
         <file>rts430x_lc_rd_eabi.lib</file>
         <name>mult3264_f5hw.asm.obj</name>
      </input_file>
      <input_file id="fl-5e">
         <path>C:\ti\ccs1220\ccs\tools\compiler\ti-cgt-msp430_21.6.1.LTS\lib\</path>
         <kind>archive</kind>
         <file>rts430x_lc_rd_eabi.lib</file>
         <name>lsl32.asm.obj</name>
      </input_file>
      <input_file id="fl-5f">
         <path>C:\ti\ccs1220\ccs\tools\compiler\ti-cgt-msp430_21.6.1.LTS\lib\</path>
         <kind>archive</kind>
         <file>rts430x_lc_rd_eabi.lib</file>
         <name>asr32.asm.obj</name>
      </input_file>
      <input_file id="fl-60">
         <path>C:\ti\ccs1220\ccs\tools\compiler\ti-cgt-msp430_21.6.1.LTS\lib\</path>
         <kind>archive</kind>
         <file>rts430x_lc_rd_eabi.lib</file>
         <name>boot.c.obj</name>
      </input_file>
      <input_file id="fl-61">
         <path>C:\ti\ccs1220\ccs\ccs_base\msp430\lib\FR59xx\</path>
         <kind>archive</kind>
         <file>MSPMPU_INIT_LIB_CCS_msp430_large_code_restricted_data.lib</file>
         <name>mpu_init.o</name>
      </input_file>
      <input_file id="fl-62">
         <path>C:\ti\ccs1220\ccs\tools\compiler\ti-cgt-msp430_21.6.1.LTS\lib\</path>
         <kind>archive</kind>
         <file>rts430x_lc_rd_eabi.lib</file>
         <name>args_main.c.obj</name>
      </input_file>
      <input_file id="fl-63">
         <path>C:\ti\ccs1220\ccs\tools\compiler\ti-cgt-msp430_21.6.1.LTS\lib\</path>
         <kind>archive</kind>
         <file>rts430x_lc_rd_eabi.lib</file>
         <name>autoinit.c.obj</name>
      </input_file>
      <input_file id="fl-64">
         <path>C:\ti\ccs1220\ccs\tools\compiler\ti-cgt-msp430_21.6.1.LTS\lib\</path>
         <kind>archive</kind>
         <file>rts430x_lc_rd_eabi.lib</file>
         <name>startup.c.obj</name>
      </input_file>
      <input_file id="fl-65">
         <path>C:\ti\ccs1220\ccs\tools\compiler\ti-cgt-msp430_21.6.1.LTS\lib\</path>
         <kind>archive</kind>
         <file>rts430x_lc_rd_eabi.lib</file>
         <name>pre_init.c.obj</name>
      </input_file>
      <input_file id="fl-66">
         <path>C:\ti\ccs1220\ccs\tools\compiler\ti-cgt-msp430_21.6.1.LTS\lib\</path>
         <kind>archive</kind>
         <file>rts430x_lc_rd_eabi.lib</file>
         <name>cpy_tbl.c.obj</name>
      </input_file>
      <input_file id="fl-67">
         <path>C:\ti\ccs1220\ccs\tools\compiler\ti-cgt-msp430_21.6.1.LTS\lib\</path>
         <kind>archive</kind>
         <file>rts430x_lc_rd_eabi.lib</file>
         <name>mult16.asm.obj</name>
      </input_file>
      <input_file id="fl-68">
         <path>C:\ti\ccs1220\ccs\tools\compiler\ti-cgt-msp430_21.6.1.LTS\lib\</path>
         <kind>archive</kind>
         <file>rts430x_lc_rd_eabi.lib</file>
         <name>exit.c.obj</name>
      </input_file>
      <input_file id="fl-69">
         <path>C:\ti\ccs1220\ccs\tools\compiler\ti-cgt-msp430_21.6.1.LTS\lib\</path>
         <kind>archive</kind>
         <file>rts430x_lc_rd_eabi.lib</file>
         <name>exit_gvars.c.obj</name>
      </input_file>
      <input_file id="fl-6a">
         <path>C:\ti\ccs1220\ccs\tools\compiler\ti-cgt-msp430_21.6.1.LTS\lib\</path>
         <kind>archive</kind>
         <file>rts430x_lc_rd_eabi.lib</file>
         <name>_lock.c.obj</name>
      </input_file>
      <input_file id="fl-6b">
         <path>C:\ti\ccs1220\ccs\tools\compiler\ti-cgt-msp430_21.6.1.LTS\lib\</path>
         <kind>archive</kind>
         <file>rts430x_lc_rd_eabi.lib</file>
         <name>memcpy.c.obj</name>
      </input_file>
      <input_file id="fl-6c">
         <path>C:\ti\ccs1220\ccs\tools\compiler\ti-cgt-msp430_21.6.1.LTS\lib\</path>
         <kind>archive</kind>
         <file>rts430x_lc_rd_eabi.lib</file>
         <name>memset.c.obj</name>
      </input_file>
      <input_file id="fl-6d">
         <path>C:\ti\ccs1220\ccs\tools\compiler\ti-cgt-msp430_21.6.1.LTS\lib\</path>
         <kind>archive</kind>
         <file>rts430x_lc_rd_eabi.lib</file>
         <name>sprintf.c.obj</name>
      </input_file>
      <input_file id="fl-6e">
         <path>C:\ti\ccs1220\ccs\tools\compiler\ti-cgt-msp430_21.6.1.LTS\lib\</path>
         <kind>archive</kind>
         <file>rts430x_lc_rd_eabi.lib</file>
         <name>_printfi.c.obj</name>
      </input_file>
      <input_file id="fl-6f">
         <path>C:\ti\ccs1220\ccs\tools\compiler\ti-cgt-msp430_21.6.1.LTS\lib\</path>
         <kind>archive</kind>
         <file>rts430x_lc_rd_eabi.lib</file>
         <name>_ltoa.c.obj</name>
      </input_file>
      <input_file id="fl-70">
         <path>C:\ti\ccs1220\ccs\tools\compiler\ti-cgt-msp430_21.6.1.LTS\lib\</path>
         <kind>archive</kind>
         <file>rts430x_lc_rd_eabi.lib</file>
         <name>cmpd.c.obj</name>
      </input_file>
      <input_file id="fl-71">
         <path>C:\ti\ccs1220\ccs\tools\compiler\ti-cgt-msp430_21.6.1.LTS\lib\</path>
         <kind>archive</kind>
         <file>rts430x_lc_rd_eabi.lib</file>
         <name>divd.c.obj</name>
      </input_file>
      <input_file id="fl-72">
         <path>C:\ti\ccs1220\ccs\tools\compiler\ti-cgt-msp430_21.6.1.LTS\lib\</path>
         <kind>archive</kind>
         <file>rts430x_lc_rd_eabi.lib</file>
         <name>frcdivd.c.obj</name>
      </input_file>
      <input_file id="fl-73">
         <path>C:\ti\ccs1220\ccs\tools\compiler\ti-cgt-msp430_21.6.1.LTS\lib\</path>
         <kind>archive</kind>
         <file>rts430x_lc_rd_eabi.lib</file>
         <name>div16u.asm.obj</name>
      </input_file>
      <input_file id="fl-74">
         <path>C:\ti\ccs1220\ccs\tools\compiler\ti-cgt-msp430_21.6.1.LTS\lib\</path>
         <kind>archive</kind>
         <file>rts430x_lc_rd_eabi.lib</file>
         <name>div64u.c.obj</name>
      </input_file>
      <input_file id="fl-75">
         <path>C:\ti\ccs1220\ccs\tools\compiler\ti-cgt-msp430_21.6.1.LTS\lib\</path>
         <kind>archive</kind>
         <file>rts430x_lc_rd_eabi.lib</file>
         <name>fixdi.c.obj</name>
      </input_file>
      <input_file id="fl-76">
         <path>C:\ti\ccs1220\ccs\tools\compiler\ti-cgt-msp430_21.6.1.LTS\lib\</path>
         <kind>archive</kind>
         <file>rts430x_lc_rd_eabi.lib</file>
         <name>fixdli.c.obj</name>
      </input_file>
      <input_file id="fl-77">
         <path>C:\ti\ccs1220\ccs\tools\compiler\ti-cgt-msp430_21.6.1.LTS\lib\</path>
         <kind>archive</kind>
         <file>rts430x_lc_rd_eabi.lib</file>
         <name>fltid.c.obj</name>
      </input_file>
      <input_file id="fl-78">
         <path>C:\ti\ccs1220\ccs\tools\compiler\ti-cgt-msp430_21.6.1.LTS\lib\</path>
         <kind>archive</kind>
         <file>rts430x_lc_rd_eabi.lib</file>
         <name>fltlid.c.obj</name>
      </input_file>
      <input_file id="fl-79">
         <path>C:\ti\ccs1220\ccs\tools\compiler\ti-cgt-msp430_21.6.1.LTS\lib\</path>
         <kind>archive</kind>
         <file>rts430x_lc_rd_eabi.lib</file>
         <name>mpyd.c.obj</name>
      </input_file>
      <input_file id="fl-7a">
         <path>C:\ti\ccs1220\ccs\tools\compiler\ti-cgt-msp430_21.6.1.LTS\lib\</path>
         <kind>archive</kind>
         <file>rts430x_lc_rd_eabi.lib</file>
         <name>frcmpyd.c.obj</name>
      </input_file>
      <input_file id="fl-7b">
         <path>C:\ti\ccs1220\ccs\tools\compiler\ti-cgt-msp430_21.6.1.LTS\lib\</path>
         <kind>archive</kind>
         <file>rts430x_lc_rd_eabi.lib</file>
         <name>mult64.asm.obj</name>
      </input_file>
      <input_file id="fl-7c">
         <path>C:\ti\ccs1220\ccs\tools\compiler\ti-cgt-msp430_21.6.1.LTS\lib\</path>
         <kind>archive</kind>
         <file>rts430x_lc_rd_eabi.lib</file>
         <name>mult1632.asm.obj</name>
      </input_file>
      <input_file id="fl-7d">
         <path>C:\ti\ccs1220\ccs\tools\compiler\ti-cgt-msp430_21.6.1.LTS\lib\</path>
         <kind>archive</kind>
         <file>rts430x_lc_rd_eabi.lib</file>
         <name>mult3264.asm.obj</name>
      </input_file>
      <input_file id="fl-7e">
         <path>C:\ti\ccs1220\ccs\tools\compiler\ti-cgt-msp430_21.6.1.LTS\lib\</path>
         <kind>archive</kind>
         <file>rts430x_lc_rd_eabi.lib</file>
         <name>negd.c.obj</name>
      </input_file>
      <input_file id="fl-7f">
         <path>C:\ti\ccs1220\ccs\tools\compiler\ti-cgt-msp430_21.6.1.LTS\lib\</path>
         <kind>archive</kind>
         <file>rts430x_lc_rd_eabi.lib</file>
         <name>lsl64.c.obj</name>
      </input_file>
      <input_file id="fl-80">
         <path>C:\ti\ccs1220\ccs\tools\compiler\ti-cgt-msp430_21.6.1.LTS\lib\</path>
         <kind>archive</kind>
         <file>rts430x_lc_rd_eabi.lib</file>
         <name>lsr32.asm.obj</name>
      </input_file>
      <input_file id="fl-81">
         <path>C:\ti\ccs1220\ccs\tools\compiler\ti-cgt-msp430_21.6.1.LTS\lib\</path>
         <kind>archive</kind>
         <file>rts430x_lc_rd_eabi.lib</file>
         <name>lsr64.c.obj</name>
      </input_file>
      <input_file id="fl-82">
         <path>C:\ti\ccs1220\ccs\tools\compiler\ti-cgt-msp430_21.6.1.LTS\lib\</path>
         <kind>archive</kind>
         <file>rts430x_lc_rd_eabi.lib</file>
         <name>subd.c.obj</name>
      </input_file>
      <input_file id="fl-83">
         <path>C:\ti\ccs1220\ccs\tools\compiler\ti-cgt-msp430_21.6.1.LTS\lib\</path>
         <kind>archive</kind>
         <file>rts430x_lc_rd_eabi.lib</file>
         <name>addd.c.obj</name>
      </input_file>
      <input_file id="fl-84">
         <path>C:\ti\ccs1220\ccs\tools\compiler\ti-cgt-msp430_21.6.1.LTS\lib\</path>
         <kind>archive</kind>
         <file>rts430x_lc_rd_eabi.lib</file>
         <name>asr64.c.obj</name>
      </input_file>
      <input_file id="fl-85">
         <path>C:\ti\ccs1220\ccs\tools\compiler\ti-cgt-msp430_21.6.1.LTS\lib\</path>
         <kind>archive</kind>
         <file>rts430x_lc_rd_eabi.lib</file>
         <name>abs.c.obj</name>
      </input_file>
      <input_file id="fl-86">
         <path>C:\ti\ccs1220\ccs\tools\compiler\ti-cgt-msp430_21.6.1.LTS\lib\</path>
         <kind>archive</kind>
         <file>rts430x_lc_rd_eabi.lib</file>
         <name>atoi.c.obj</name>
      </input_file>
      <input_file id="fl-87">
         <path>C:\ti\ccs1220\ccs\tools\compiler\ti-cgt-msp430_21.6.1.LTS\lib\</path>
         <kind>archive</kind>
         <file>rts430x_lc_rd_eabi.lib</file>
         <name>ctype.c.obj</name>
      </input_file>
      <input_file id="fl-88">
         <path>C:\ti\ccs1220\ccs\tools\compiler\ti-cgt-msp430_21.6.1.LTS\lib\</path>
         <kind>archive</kind>
         <file>rts430x_lc_rd_eabi.lib</file>
         <name>errno.c.obj</name>
      </input_file>
      <input_file id="fl-89">
         <path>C:\ti\ccs1220\ccs\tools\compiler\ti-cgt-msp430_21.6.1.LTS\lib\</path>
         <kind>archive</kind>
         <file>rts430x_lc_rd_eabi.lib</file>
         <name>s_frexp.c.obj</name>
      </input_file>
      <input_file id="fl-8a">
         <path>C:\ti\ccs1220\ccs\tools\compiler\ti-cgt-msp430_21.6.1.LTS\lib\</path>
         <kind>archive</kind>
         <file>rts430x_lc_rd_eabi.lib</file>
         <name>s_scalbn.c.obj</name>
      </input_file>
      <input_file id="fl-8b">
         <path>C:\ti\ccs1220\ccs\tools\compiler\ti-cgt-msp430_21.6.1.LTS\lib\</path>
         <kind>archive</kind>
         <file>rts430x_lc_rd_eabi.lib</file>
         <name>s_copysign.c.obj</name>
      </input_file>
      <input_file id="fl-8c">
         <path>C:\ti\ccs1220\ccs\tools\compiler\ti-cgt-msp430_21.6.1.LTS\lib\</path>
         <kind>archive</kind>
         <file>rts430x_lc_rd_eabi.lib</file>
         <name>memccpy.c.obj</name>
      </input_file>
      <input_file id="fl-8d">
         <path>C:\ti\ccs1220\ccs\tools\compiler\ti-cgt-msp430_21.6.1.LTS\lib\</path>
         <kind>archive</kind>
         <file>rts430x_lc_rd_eabi.lib</file>
         <name>strchr.c.obj</name>
      </input_file>
      <input_file id="fl-8e">
         <path>C:\ti\ccs1220\ccs\tools\compiler\ti-cgt-msp430_21.6.1.LTS\lib\</path>
         <kind>archive</kind>
         <file>rts430x_lc_rd_eabi.lib</file>
         <name>strlen.c.obj</name>
      </input_file>
      <input_file id="fl-8f">
         <path>C:\ti\ccs1220\ccs\tools\compiler\ti-cgt-msp430_21.6.1.LTS\lib\</path>
         <kind>archive</kind>
         <file>rts430x_lc_rd_eabi.lib</file>
         <name>toupper.c.obj</name>
      </input_file>
      <input_file id="fl-90">
         <path>C:\ti\ccs1220\ccs\tools\compiler\ti-cgt-msp430_21.6.1.LTS\lib\</path>
         <kind>archive</kind>
         <file>rts430x_lc_rd_eabi.lib</file>
         <name>wcslen.c.obj</name>
      </input_file>
   </input_file_list>
   <object_component_list>
      <object_component id="oc-a16">
         <name>__TI_handler_table</name>
         <load_address>0x4140</load_address>
         <run_address>0x4140</run_address>
         <size>0xc</size>
      </object_component>
      <object_component id="oc-a18">
         <name>.cinit..bss.load</name>
         <load_address>0x414c</load_address>
         <run_address>0x414c</run_address>
         <size>0x6</size>
      </object_component>
      <object_component id="oc-a19">
         <name>.cinit..data.load</name>
         <load_address>0x4152</load_address>
         <run_address>0x4152</run_address>
         <size>0x5</size>
      </object_component>
      <object_component id="oc-a17">
         <name>__TI_cinit_table</name>
         <load_address>0x4158</load_address>
         <run_address>0x4158</run_address>
         <size>0x10</size>
      </object_component>
      <object_component id="oc-9a5">
         <name>.binit</name>
         <load_address>0x4000</load_address>
         <run_address>0x4000</run_address>
         <size>0x0</size>
      </object_component>
      <object_component id="oc-717">
         <name>.text:_isr:_c_int00_noargs_mpu</name>
         <load_address>0x4000</load_address>
         <run_address>0x4000</run_address>
         <size>0x20</size>
         <input_file_ref idref="fl-60"/>
      </object_component>
      <object_component id="oc-6e7">
         <name>.text:_isr:uartA0</name>
         <load_address>0x4020</load_address>
         <run_address>0x4020</run_address>
         <size>0x18</size>
         <input_file_ref idref="fl-7"/>
      </object_component>
      <object_component id="oc-6e2">
         <name>.text:_isr:__TI_ISR_TRAP</name>
         <load_address>0x4038</load_address>
         <run_address>0x4038</run_address>
         <size>0x8</size>
         <input_file_ref idref="fl-31"/>
      </object_component>
      <object_component id="oc-890">
         <name>.const:.string:uch_spo2_table</name>
         <load_address>0x4040</load_address>
         <run_address>0x4040</run_address>
         <size>0xb8</size>
         <input_file_ref idref="fl-2"/>
      </object_component>
      <object_component id="oc-960">
         <name>.const:.string</name>
         <load_address>0x40f8</load_address>
         <run_address>0x40f8</run_address>
         <size>0x26</size>
         <input_file_ref idref="fl-6e"/>
      </object_component>
      <object_component id="oc-7ac">
         <name>.const:.string</name>
         <load_address>0x411e</load_address>
         <run_address>0x411e</run_address>
         <size>0x16</size>
         <input_file_ref idref="fl-5"/>
      </object_component>
      <object_component id="oc-846">
         <name>.const:.string:$P$T0$1</name>
         <load_address>0x4134</load_address>
         <run_address>0x4134</run_address>
         <size>0xb</size>
         <input_file_ref idref="fl-6"/>
      </object_component>
      <object_component id="oc-7d4">
         <name>.text:maxim_heart_rate_and_oxygen_saturation</name>
         <load_address>0x10000</load_address>
         <run_address>0x10000</run_address>
         <size>0x762</size>
         <input_file_ref idref="fl-2"/>
      </object_component>
      <object_component id="oc-756">
         <name>.text:main</name>
         <load_address>0x10762</load_address>
         <run_address>0x10762</run_address>
         <size>0x1b2</size>
         <input_file_ref idref="fl-5"/>
      </object_component>
      <object_component id="oc-8ef">
         <name>.text:maxim_peaks_above_min_height</name>
         <load_address>0x10914</load_address>
         <run_address>0x10914</run_address>
         <size>0x170</size>
         <input_file_ref idref="fl-2"/>
      </object_component>
      <object_component id="oc-90b">
         <name>.text:__TI_printfi_minimal:_setfield___TI_printfi_minimal</name>
         <load_address>0x10a84</load_address>
         <run_address>0x10a84</run_address>
         <size>0x132</size>
         <input_file_ref idref="fl-6e"/>
      </object_component>
      <object_component id="oc-8f5">
         <name>.text:maxim_remove_close_peaks</name>
         <load_address>0x10bb6</load_address>
         <run_address>0x10bb6</run_address>
         <size>0x128</size>
         <input_file_ref idref="fl-2"/>
      </object_component>
      <object_component id="oc-8a0">
         <name>.text:__TI_printfi_minimal:__TI_printfi_minimal</name>
         <load_address>0x10cde</load_address>
         <run_address>0x10cde</run_address>
         <size>0xdc</size>
         <input_file_ref idref="fl-6e"/>
      </object_component>
      <object_component id="oc-961">
         <name>.text:__TI_printfi_minimal:_pproc_diouxp___TI_printfi_minimal</name>
         <load_address>0x10dba</load_address>
         <run_address>0x10dba</run_address>
         <size>0xda</size>
         <input_file_ref idref="fl-6e"/>
      </object_component>
      <object_component id="oc-957">
         <name>.text:maxim_sort_indices_descend</name>
         <load_address>0x10e94</load_address>
         <run_address>0x10e94</run_address>
         <size>0xbe</size>
         <input_file_ref idref="fl-2"/>
      </object_component>
      <object_component id="oc-7ca">
         <name>.text:maxim_max30102_read_fifo</name>
         <load_address>0x10f52</load_address>
         <run_address>0x10f52</run_address>
         <size>0xaa</size>
         <input_file_ref idref="fl-6"/>
      </object_component>
      <object_component id="oc-88a">
         <name>.text:maxim_sort_ascend</name>
         <load_address>0x10ffc</load_address>
         <run_address>0x10ffc</run_address>
         <size>0xa6</size>
         <input_file_ref idref="fl-2"/>
      </object_component>
      <object_component id="oc-7bf">
         <name>.text:maxim_max30102_init</name>
         <load_address>0x110a2</load_address>
         <run_address>0x110a2</run_address>
         <size>0x86</size>
         <input_file_ref idref="fl-6"/>
      </object_component>
      <object_component id="oc-84">
         <name>.text:decompress:lzss:__TI_decompress_lzss</name>
         <load_address>0x11128</load_address>
         <run_address>0x11128</run_address>
         <size>0x76</size>
         <input_file_ref idref="fl-2e"/>
      </object_component>
      <object_component id="oc-877">
         <name>.text:maxim_find_peaks</name>
         <load_address>0x1119e</load_address>
         <run_address>0x1119e</run_address>
         <size>0x64</size>
         <input_file_ref idref="fl-2"/>
      </object_component>
      <object_component id="oc-86a">
         <name>.text</name>
         <load_address>0x11202</load_address>
         <run_address>0x11202</run_address>
         <size>0x58</size>
         <input_file_ref idref="fl-57"/>
      </object_component>
      <object_component id="oc-805">
         <name>.text:__TI_auto_init_nobinit_nopinit_hold_wdt:__TI_auto_init_nobinit_nopinit_hold_wdt</name>
         <load_address>0x1125a</load_address>
         <run_address>0x1125a</run_address>
         <size>0x54</size>
         <input_file_ref idref="fl-63"/>
      </object_component>
      <object_component id="oc-911">
         <name>.text:__TI_printfi_minimal:_pproc_str___TI_printfi_minimal</name>
         <load_address>0x112ae</load_address>
         <run_address>0x112ae</run_address>
         <size>0x48</size>
         <input_file_ref idref="fl-6e"/>
      </object_component>
      <object_component id="oc-7a6">
         <name>.text:uca0Init</name>
         <load_address>0x112f6</load_address>
         <run_address>0x112f6</run_address>
         <size>0x46</size>
         <input_file_ref idref="fl-7"/>
      </object_component>
      <object_component id="oc-7da">
         <name>.text:sprintf</name>
         <load_address>0x1133c</load_address>
         <run_address>0x1133c</run_address>
         <size>0x44</size>
         <input_file_ref idref="fl-6d"/>
      </object_component>
      <object_component id="oc-872">
         <name>.text</name>
         <load_address>0x11380</load_address>
         <run_address>0x11380</run_address>
         <size>0x40</size>
         <input_file_ref idref="fl-56"/>
      </object_component>
      <object_component id="oc-885">
         <name>.text:l_asr_const</name>
         <load_address>0x113c0</load_address>
         <run_address>0x113c0</run_address>
         <size>0x3e</size>
         <input_file_ref idref="fl-5f"/>
      </object_component>
      <object_component id="oc-864">
         <name>.text:l_lsl_const</name>
         <load_address>0x113fe</load_address>
         <run_address>0x113fe</run_address>
         <size>0x3e</size>
         <input_file_ref idref="fl-5e"/>
      </object_component>
      <object_component id="oc-85e">
         <name>.text:i2c_read</name>
         <load_address>0x1143c</load_address>
         <run_address>0x1143c</run_address>
         <size>0x3c</size>
         <input_file_ref idref="fl-4"/>
      </object_component>
      <object_component id="oc-79a">
         <name>.text:initI2C</name>
         <load_address>0x11478</load_address>
         <run_address>0x11478</run_address>
         <size>0x38</size>
         <input_file_ref idref="fl-4"/>
      </object_component>
      <object_component id="oc-768">
         <name>.text:__mpu_init</name>
         <load_address>0x114b0</load_address>
         <run_address>0x114b0</run_address>
         <size>0x2c</size>
         <input_file_ref idref="fl-61"/>
      </object_component>
      <object_component id="oc-832">
         <name>.text:i2c_start</name>
         <load_address>0x114dc</load_address>
         <run_address>0x114dc</run_address>
         <size>0x2c</size>
         <input_file_ref idref="fl-4"/>
      </object_component>
      <object_component id="oc-73b">
         <name>.text:uca0ReadString</name>
         <load_address>0x11508</load_address>
         <run_address>0x11508</run_address>
         <size>0x2a</size>
         <input_file_ref idref="fl-7"/>
      </object_component>
      <object_component id="oc-967">
         <name>.text:memccpy</name>
         <load_address>0x11532</load_address>
         <run_address>0x11532</run_address>
         <size>0x26</size>
         <input_file_ref idref="fl-8c"/>
      </object_component>
      <object_component id="oc-6f3">
         <name>.text:decompress:ZI:__TI_zero_init</name>
         <load_address>0x11558</load_address>
         <run_address>0x11558</run_address>
         <size>0x24</size>
         <input_file_ref idref="fl-55"/>
      </object_component>
      <object_component id="oc-852">
         <name>.text:i2c_repeated_start</name>
         <load_address>0x1157c</load_address>
         <run_address>0x1157c</run_address>
         <size>0x24</size>
         <input_file_ref idref="fl-4"/>
      </object_component>
      <object_component id="oc-880">
         <name>.text</name>
         <load_address>0x115a0</load_address>
         <run_address>0x115a0</run_address>
         <size>0x24</size>
         <input_file_ref idref="fl-5a"/>
      </object_component>
      <object_component id="oc-894">
         <name>.text:_outs</name>
         <load_address>0x115c4</load_address>
         <run_address>0x115c4</run_address>
         <size>0x20</size>
         <input_file_ref idref="fl-6d"/>
      </object_component>
      <object_component id="oc-7b3">
         <name>.text:maxim_max30102_reset</name>
         <load_address>0x115e4</load_address>
         <run_address>0x115e4</run_address>
         <size>0x20</size>
         <input_file_ref idref="fl-6"/>
      </object_component>
      <object_component id="oc-838">
         <name>.text:i2c_write</name>
         <load_address>0x11604</load_address>
         <run_address>0x11604</run_address>
         <size>0x1a</size>
         <input_file_ref idref="fl-4"/>
      </object_component>
      <object_component id="oc-77c">
         <name>.text:uca0ReadByte</name>
         <load_address>0x1161e</load_address>
         <run_address>0x1161e</run_address>
         <size>0x1a</size>
         <input_file_ref idref="fl-7"/>
      </object_component>
      <object_component id="oc-946">
         <name>.text</name>
         <load_address>0x11638</load_address>
         <run_address>0x11638</run_address>
         <size>0x18</size>
         <input_file_ref idref="fl-58"/>
      </object_component>
      <object_component id="oc-7b9">
         <name>.text:delay</name>
         <load_address>0x11650</load_address>
         <run_address>0x11650</run_address>
         <size>0x16</size>
         <input_file_ref idref="fl-3"/>
      </object_component>
      <object_component id="oc-858">
         <name>.text:memset</name>
         <load_address>0x11666</load_address>
         <run_address>0x11666</run_address>
         <size>0x16</size>
         <input_file_ref idref="fl-6c"/>
      </object_component>
      <object_component id="oc-98b">
         <name>.text</name>
         <load_address>0x1167c</load_address>
         <run_address>0x1167c</run_address>
         <size>0x16</size>
         <input_file_ref idref="fl-73"/>
      </object_component>
      <object_component id="oc-89a">
         <name>.text:_outc</name>
         <load_address>0x11692</load_address>
         <run_address>0x11692</run_address>
         <size>0x14</size>
         <input_file_ref idref="fl-6d"/>
      </object_component>
      <object_component id="oc-6d5">
         <name>.text:memcpy</name>
         <load_address>0x116a6</load_address>
         <run_address>0x116a6</run_address>
         <size>0x14</size>
         <input_file_ref idref="fl-6b"/>
      </object_component>
      <object_component id="oc-7ad">
         <name>.text:uca0WriteString</name>
         <load_address>0x116ba</load_address>
         <run_address>0x116ba</run_address>
         <size>0x14</size>
         <input_file_ref idref="fl-7"/>
      </object_component>
      <object_component id="oc-794">
         <name>.text:configClock</name>
         <load_address>0x116ce</load_address>
         <run_address>0x116ce</run_address>
         <size>0x12</size>
         <input_file_ref idref="fl-3"/>
      </object_component>
      <object_component id="oc-8a">
         <name>.text:decompress:none:__TI_decompress_none</name>
         <load_address>0x116e0</load_address>
         <run_address>0x116e0</run_address>
         <size>0x12</size>
         <input_file_ref idref="fl-2f"/>
      </object_component>
      <object_component id="oc-905">
         <name>.text:strlen</name>
         <load_address>0x116f2</load_address>
         <run_address>0x116f2</run_address>
         <size>0xe</size>
         <input_file_ref idref="fl-8e"/>
      </object_component>
      <object_component id="oc-82b">
         <name>.text:uca0WriteByte</name>
         <load_address>0x11700</load_address>
         <run_address>0x11700</run_address>
         <size>0xe</size>
         <input_file_ref idref="fl-7"/>
      </object_component>
      <object_component id="oc-83e">
         <name>.text:i2c_stop</name>
         <load_address>0x1170e</load_address>
         <run_address>0x1170e</run_address>
         <size>0xc</size>
         <input_file_ref idref="fl-4"/>
      </object_component>
      <object_component id="oc-7a0">
         <name>.text:initTMR</name>
         <load_address>0x1171a</load_address>
         <run_address>0x1171a</run_address>
         <size>0x8</size>
         <input_file_ref idref="fl-3"/>
      </object_component>
      <object_component id="oc-7e1">
         <name>.text:abort</name>
         <load_address>0x11722</load_address>
         <run_address>0x11722</run_address>
         <size>0x6</size>
         <input_file_ref idref="fl-68"/>
      </object_component>
      <object_component id="oc-750">
         <name>.text:_system_pre_init</name>
         <load_address>0x11728</load_address>
         <run_address>0x11728</run_address>
         <size>0x4</size>
         <input_file_ref idref="fl-65"/>
      </object_component>
      <object_component id="oc-8ba">
         <name>.text:_system_post_cinit</name>
         <load_address>0x1172c</load_address>
         <run_address>0x1172c</run_address>
         <size>0x2</size>
         <input_file_ref idref="fl-64"/>
      </object_component>
      <object_component id="oc-86f">
         <name>.bss:an_x</name>
         <uninitialized>true</uninitialized>
         <run_address>0x1c00</run_address>
         <size>0x190</size>
         <input_file_ref idref="fl-2"/>
      </object_component>
      <object_component id="oc-87d">
         <name>.bss:an_y</name>
         <uninitialized>true</uninitialized>
         <run_address>0x1d90</run_address>
         <size>0x190</size>
         <input_file_ref idref="fl-2"/>
      </object_component>
      <object_component id="oc-77b">
         <name>.bss:buffer$1</name>
         <uninitialized>true</uninitialized>
         <run_address>0x2240</run_address>
         <size>0x80</size>
         <input_file_ref idref="fl-7"/>
      </object_component>
      <object_component id="oc-7c9">
         <name>.common:aun_ir_buffer</name>
         <uninitialized>true</uninitialized>
         <run_address>0x1f20</run_address>
         <size>0x190</size>
      </object_component>
      <object_component id="oc-7c8">
         <name>.common:aun_red_buffer</name>
         <uninitialized>true</uninitialized>
         <run_address>0x20b0</run_address>
         <size>0x190</size>
      </object_component>
      <object_component id="oc-7c5">
         <name>.common:n_ir_buffer_length</name>
         <uninitialized>true</uninitialized>
         <run_address>0x22c4</run_address>
         <size>0x4</size>
      </object_component>
      <object_component id="oc-7d0">
         <name>.common:n_spo2</name>
         <uninitialized>true</uninitialized>
         <run_address>0x22c8</run_address>
         <size>0x4</size>
      </object_component>
      <object_component id="oc-7d1">
         <name>.common:ch_spo2_valid</name>
         <uninitialized>true</uninitialized>
         <run_address>0x22d1</run_address>
         <size>0x1</size>
      </object_component>
      <object_component id="oc-7d2">
         <name>.common:n_heart_rate</name>
         <uninitialized>true</uninitialized>
         <run_address>0x22c0</run_address>
         <size>0x4</size>
      </object_component>
      <object_component id="oc-7d3">
         <name>.common:ch_hr_valid</name>
         <uninitialized>true</uninitialized>
         <run_address>0x22d0</run_address>
         <size>0x1</size>
      </object_component>
      <object_component id="oc-741">
         <name>.common:uca0Receiver</name>
         <uninitialized>true</uninitialized>
         <run_address>0x22cc</run_address>
         <size>0x4</size>
      </object_component>
      <object_component id="oc-744">
         <name>.data</name>
         <load_address>0x22d2</load_address>
         <run_address>0x22d2</run_address>
         <size>0x1</size>
         <input_file_ref idref="fl-7"/>
      </object_component>
      <object_component id="oc-6c6">
         <name>.stack</name>
         <uninitialized>true</uninitialized>
         <run_address>0x2b60</run_address>
         <size>0x4</size>
         <input_file_ref idref="fl-60"/>
      </object_component>
      <object_component id="oc-a1a">
         <name>.stack</name>
         <uninitialized>true</uninitialized>
         <run_address>0x2b60</run_address>
         <size>0x0</size>
      </object_component>
      <object_component id="oc-90">
         <name>.int18</name>
         <load_address>0xffb4</load_address>
         <run_address>0xffb4</run_address>
         <size>0x2</size>
         <input_file_ref idref="fl-30"/>
      </object_component>
      <object_component id="oc-91">
         <name>.int19</name>
         <load_address>0xffb6</load_address>
         <run_address>0xffb6</run_address>
         <size>0x2</size>
         <input_file_ref idref="fl-32"/>
      </object_component>
      <object_component id="oc-92">
         <name>.int20</name>
         <load_address>0xffb8</load_address>
         <run_address>0xffb8</run_address>
         <size>0x2</size>
         <input_file_ref idref="fl-33"/>
      </object_component>
      <object_component id="oc-93">
         <name>.int21</name>
         <load_address>0xffba</load_address>
         <run_address>0xffba</run_address>
         <size>0x2</size>
         <input_file_ref idref="fl-34"/>
      </object_component>
      <object_component id="oc-94">
         <name>.int22</name>
         <load_address>0xffbc</load_address>
         <run_address>0xffbc</run_address>
         <size>0x2</size>
         <input_file_ref idref="fl-35"/>
      </object_component>
      <object_component id="oc-95">
         <name>.int23</name>
         <load_address>0xffbe</load_address>
         <run_address>0xffbe</run_address>
         <size>0x2</size>
         <input_file_ref idref="fl-36"/>
      </object_component>
      <object_component id="oc-96">
         <name>.int24</name>
         <load_address>0xffc0</load_address>
         <run_address>0xffc0</run_address>
         <size>0x2</size>
         <input_file_ref idref="fl-37"/>
      </object_component>
      <object_component id="oc-97">
         <name>.int25</name>
         <load_address>0xffc2</load_address>
         <run_address>0xffc2</run_address>
         <size>0x2</size>
         <input_file_ref idref="fl-38"/>
      </object_component>
      <object_component id="oc-98">
         <name>.int26</name>
         <load_address>0xffc4</load_address>
         <run_address>0xffc4</run_address>
         <size>0x2</size>
         <input_file_ref idref="fl-39"/>
      </object_component>
      <object_component id="oc-99">
         <name>.int27</name>
         <load_address>0xffc6</load_address>
         <run_address>0xffc6</run_address>
         <size>0x2</size>
         <input_file_ref idref="fl-3a"/>
      </object_component>
      <object_component id="oc-9a">
         <name>.int28</name>
         <load_address>0xffc8</load_address>
         <run_address>0xffc8</run_address>
         <size>0x2</size>
         <input_file_ref idref="fl-3b"/>
      </object_component>
      <object_component id="oc-9b">
         <name>.int29</name>
         <load_address>0xffca</load_address>
         <run_address>0xffca</run_address>
         <size>0x2</size>
         <input_file_ref idref="fl-3c"/>
      </object_component>
      <object_component id="oc-9c">
         <name>.int30</name>
         <load_address>0xffcc</load_address>
         <run_address>0xffcc</run_address>
         <size>0x2</size>
         <input_file_ref idref="fl-3d"/>
      </object_component>
      <object_component id="oc-9d">
         <name>.int31</name>
         <load_address>0xffce</load_address>
         <run_address>0xffce</run_address>
         <size>0x2</size>
         <input_file_ref idref="fl-3e"/>
      </object_component>
      <object_component id="oc-9e">
         <name>.int32</name>
         <load_address>0xffd0</load_address>
         <run_address>0xffd0</run_address>
         <size>0x2</size>
         <input_file_ref idref="fl-3f"/>
      </object_component>
      <object_component id="oc-9f">
         <name>.int33</name>
         <load_address>0xffd2</load_address>
         <run_address>0xffd2</run_address>
         <size>0x2</size>
         <input_file_ref idref="fl-40"/>
      </object_component>
      <object_component id="oc-a0">
         <name>.int34</name>
         <load_address>0xffd4</load_address>
         <run_address>0xffd4</run_address>
         <size>0x2</size>
         <input_file_ref idref="fl-41"/>
      </object_component>
      <object_component id="oc-a1">
         <name>.int35</name>
         <load_address>0xffd6</load_address>
         <run_address>0xffd6</run_address>
         <size>0x2</size>
         <input_file_ref idref="fl-42"/>
      </object_component>
      <object_component id="oc-a2">
         <name>.int36</name>
         <load_address>0xffd8</load_address>
         <run_address>0xffd8</run_address>
         <size>0x2</size>
         <input_file_ref idref="fl-43"/>
      </object_component>
      <object_component id="oc-a3">
         <name>.int37</name>
         <load_address>0xffda</load_address>
         <run_address>0xffda</run_address>
         <size>0x2</size>
         <input_file_ref idref="fl-44"/>
      </object_component>
      <object_component id="oc-a4">
         <name>.int38</name>
         <load_address>0xffdc</load_address>
         <run_address>0xffdc</run_address>
         <size>0x2</size>
         <input_file_ref idref="fl-45"/>
      </object_component>
      <object_component id="oc-a5">
         <name>.int39</name>
         <load_address>0xffde</load_address>
         <run_address>0xffde</run_address>
         <size>0x2</size>
         <input_file_ref idref="fl-46"/>
      </object_component>
      <object_component id="oc-a6">
         <name>.int40</name>
         <load_address>0xffe0</load_address>
         <run_address>0xffe0</run_address>
         <size>0x2</size>
         <input_file_ref idref="fl-47"/>
      </object_component>
      <object_component id="oc-a7">
         <name>.int41</name>
         <load_address>0xffe2</load_address>
         <run_address>0xffe2</run_address>
         <size>0x2</size>
         <input_file_ref idref="fl-48"/>
      </object_component>
      <object_component id="oc-a8">
         <name>.int42</name>
         <load_address>0xffe4</load_address>
         <run_address>0xffe4</run_address>
         <size>0x2</size>
         <input_file_ref idref="fl-49"/>
      </object_component>
      <object_component id="oc-a9">
         <name>.int43</name>
         <load_address>0xffe6</load_address>
         <run_address>0xffe6</run_address>
         <size>0x2</size>
         <input_file_ref idref="fl-4a"/>
      </object_component>
      <object_component id="oc-aa">
         <name>.int44</name>
         <load_address>0xffe8</load_address>
         <run_address>0xffe8</run_address>
         <size>0x2</size>
         <input_file_ref idref="fl-4b"/>
      </object_component>
      <object_component id="oc-ab">
         <name>.int45</name>
         <load_address>0xffea</load_address>
         <run_address>0xffea</run_address>
         <size>0x2</size>
         <input_file_ref idref="fl-4c"/>
      </object_component>
      <object_component id="oc-ac">
         <name>.int46</name>
         <load_address>0xffec</load_address>
         <run_address>0xffec</run_address>
         <size>0x2</size>
         <input_file_ref idref="fl-4d"/>
      </object_component>
      <object_component id="oc-ad">
         <name>.int47</name>
         <load_address>0xffee</load_address>
         <run_address>0xffee</run_address>
         <size>0x2</size>
         <input_file_ref idref="fl-4e"/>
      </object_component>
      <object_component id="oc-ae">
         <name>.int48</name>
         <load_address>0xfff0</load_address>
         <run_address>0xfff0</run_address>
         <size>0x2</size>
         <input_file_ref idref="fl-7"/>
      </object_component>
      <object_component id="oc-af">
         <name>.int49</name>
         <load_address>0xfff2</load_address>
         <run_address>0xfff2</run_address>
         <size>0x2</size>
         <input_file_ref idref="fl-4f"/>
      </object_component>
      <object_component id="oc-b0">
         <name>.int50</name>
         <load_address>0xfff4</load_address>
         <run_address>0xfff4</run_address>
         <size>0x2</size>
         <input_file_ref idref="fl-50"/>
      </object_component>
      <object_component id="oc-b1">
         <name>.int51</name>
         <load_address>0xfff6</load_address>
         <run_address>0xfff6</run_address>
         <size>0x2</size>
         <input_file_ref idref="fl-51"/>
      </object_component>
      <object_component id="oc-b2">
         <name>.int52</name>
         <load_address>0xfff8</load_address>
         <run_address>0xfff8</run_address>
         <size>0x2</size>
         <input_file_ref idref="fl-52"/>
      </object_component>
      <object_component id="oc-b3">
         <name>.int53</name>
         <load_address>0xfffa</load_address>
         <run_address>0xfffa</run_address>
         <size>0x2</size>
         <input_file_ref idref="fl-53"/>
      </object_component>
      <object_component id="oc-b4">
         <name>.int54</name>
         <load_address>0xfffc</load_address>
         <run_address>0xfffc</run_address>
         <size>0x2</size>
         <input_file_ref idref="fl-54"/>
      </object_component>
      <object_component id="oc-6c9">
         <name>.reset</name>
         <load_address>0xfffe</load_address>
         <run_address>0xfffe</run_address>
         <size>0x2</size>
         <input_file_ref idref="fl-60"/>
      </object_component>
      <object_component id="oc-826">
         <name>.debug_info</name>
         <load_address>0x0</load_address>
         <run_address>0x0</run_address>
         <size>0x184</size>
         <input_file_ref idref="fl-2"/>
      </object_component>
      <object_component id="oc-891">
         <name>.debug_info</name>
         <load_address>0x184</load_address>
         <run_address>0x184</run_address>
         <size>0xd8</size>
         <input_file_ref idref="fl-2"/>
      </object_component>
      <object_component id="oc-870">
         <name>.debug_info</name>
         <load_address>0x25c</load_address>
         <run_address>0x25c</run_address>
         <size>0xc3</size>
         <input_file_ref idref="fl-2"/>
      </object_component>
      <object_component id="oc-87e">
         <name>.debug_info</name>
         <load_address>0x31f</load_address>
         <run_address>0x31f</run_address>
         <size>0xc3</size>
         <input_file_ref idref="fl-2"/>
      </object_component>
      <object_component id="oc-959">
         <name>.debug_info</name>
         <load_address>0x3e2</load_address>
         <run_address>0x3e2</run_address>
         <size>0x1e5</size>
         <input_file_ref idref="fl-2"/>
      </object_component>
      <object_component id="oc-88c">
         <name>.debug_info</name>
         <load_address>0x5c7</load_address>
         <run_address>0x5c7</run_address>
         <size>0x1a5</size>
         <input_file_ref idref="fl-2"/>
      </object_component>
      <object_component id="oc-8f6">
         <name>.debug_info</name>
         <load_address>0x76c</load_address>
         <run_address>0x76c</run_address>
         <size>0x283</size>
         <input_file_ref idref="fl-2"/>
      </object_component>
      <object_component id="oc-8f1">
         <name>.debug_info</name>
         <load_address>0x9ef</load_address>
         <run_address>0x9ef</run_address>
         <size>0x246</size>
         <input_file_ref idref="fl-2"/>
      </object_component>
      <object_component id="oc-878">
         <name>.debug_info</name>
         <load_address>0xc35</load_address>
         <run_address>0xc35</run_address>
         <size>0x2a8</size>
         <input_file_ref idref="fl-2"/>
      </object_component>
      <object_component id="oc-7d6">
         <name>.debug_info</name>
         <load_address>0xedd</load_address>
         <run_address>0xedd</run_address>
         <size>0x78e</size>
         <input_file_ref idref="fl-2"/>
      </object_component>
      <object_component id="oc-78a">
         <name>.debug_info</name>
         <load_address>0x166b</load_address>
         <run_address>0x166b</run_address>
         <size>0x26b</size>
         <input_file_ref idref="fl-2"/>
      </object_component>
      <object_component id="oc-6d0">
         <name>.debug_info</name>
         <load_address>0x18d6</load_address>
         <run_address>0x18d6</run_address>
         <size>0x84</size>
         <input_file_ref idref="fl-2"/>
      </object_component>
      <object_component id="oc-821">
         <name>.debug_info</name>
         <load_address>0x195a</load_address>
         <run_address>0x195a</run_address>
         <size>0x282</size>
         <input_file_ref idref="fl-2"/>
      </object_component>
      <object_component id="oc-84d">
         <name>.debug_info</name>
         <load_address>0x1bdc</load_address>
         <run_address>0x1bdc</run_address>
         <size>0xbb</size>
         <input_file_ref idref="fl-2"/>
      </object_component>
      <object_component id="oc-7a1">
         <name>.debug_info</name>
         <load_address>0x1c97</load_address>
         <run_address>0x1c97</run_address>
         <size>0xf5</size>
         <input_file_ref idref="fl-3"/>
      </object_component>
      <object_component id="oc-7bb">
         <name>.debug_info</name>
         <load_address>0x1d8c</load_address>
         <run_address>0x1d8c</run_address>
         <size>0x113</size>
         <input_file_ref idref="fl-3"/>
      </object_component>
      <object_component id="oc-795">
         <name>.debug_info</name>
         <load_address>0x1e9f</load_address>
         <run_address>0x1e9f</run_address>
         <size>0xfd</size>
         <input_file_ref idref="fl-3"/>
      </object_component>
      <object_component id="oc-8e9">
         <name>.debug_info</name>
         <load_address>0x1f9c</load_address>
         <run_address>0x1f9c</run_address>
         <size>0x29d</size>
         <input_file_ref idref="fl-4"/>
      </object_component>
      <object_component id="oc-79b">
         <name>.debug_info</name>
         <load_address>0x2239</load_address>
         <run_address>0x2239</run_address>
         <size>0xec</size>
         <input_file_ref idref="fl-4"/>
      </object_component>
      <object_component id="oc-839">
         <name>.debug_info</name>
         <load_address>0x2325</load_address>
         <run_address>0x2325</run_address>
         <size>0x112</size>
         <input_file_ref idref="fl-4"/>
      </object_component>
      <object_component id="oc-841">
         <name>.debug_info</name>
         <load_address>0x2437</load_address>
         <run_address>0x2437</run_address>
         <size>0xee</size>
         <input_file_ref idref="fl-4"/>
      </object_component>
      <object_component id="oc-836">
         <name>.debug_info</name>
         <load_address>0x2525</load_address>
         <run_address>0x2525</run_address>
         <size>0x13c</size>
         <input_file_ref idref="fl-4"/>
      </object_component>
      <object_component id="oc-856">
         <name>.debug_info</name>
         <load_address>0x2661</load_address>
         <run_address>0x2661</run_address>
         <size>0x14e</size>
         <input_file_ref idref="fl-4"/>
      </object_component>
      <object_component id="oc-860">
         <name>.debug_info</name>
         <load_address>0x27af</load_address>
         <run_address>0x27af</run_address>
         <size>0x14d</size>
         <input_file_ref idref="fl-4"/>
      </object_component>
      <object_component id="oc-7c6">
         <name>.debug_info</name>
         <load_address>0x28fc</load_address>
         <run_address>0x28fc</run_address>
         <size>0x575</size>
         <input_file_ref idref="fl-5"/>
      </object_component>
      <object_component id="oc-75a">
         <name>.debug_info</name>
         <load_address>0x2e71</load_address>
         <run_address>0x2e71</run_address>
         <size>0x26a</size>
         <input_file_ref idref="fl-5"/>
      </object_component>
      <object_component id="oc-919">
         <name>.debug_info</name>
         <load_address>0x30db</load_address>
         <run_address>0x30db</run_address>
         <size>0x2c</size>
         <input_file_ref idref="fl-5"/>
      </object_component>
      <object_component id="oc-84a">
         <name>.debug_info</name>
         <load_address>0x3107</load_address>
         <run_address>0x3107</run_address>
         <size>0x25a</size>
         <input_file_ref idref="fl-6"/>
      </object_component>
      <object_component id="oc-847">
         <name>.debug_info</name>
         <load_address>0x3361</load_address>
         <run_address>0x3361</run_address>
         <size>0xca</size>
         <input_file_ref idref="fl-6"/>
      </object_component>
      <object_component id="oc-7b5">
         <name>.debug_info</name>
         <load_address>0x342b</load_address>
         <run_address>0x342b</run_address>
         <size>0x15a</size>
         <input_file_ref idref="fl-6"/>
      </object_component>
      <object_component id="oc-7cc">
         <name>.debug_info</name>
         <load_address>0x3585</load_address>
         <run_address>0x3585</run_address>
         <size>0x263</size>
         <input_file_ref idref="fl-6"/>
      </object_component>
      <object_component id="oc-7c1">
         <name>.debug_info</name>
         <load_address>0x37e8</load_address>
         <run_address>0x37e8</run_address>
         <size>0x1d3</size>
         <input_file_ref idref="fl-6"/>
      </object_component>
      <object_component id="oc-742">
         <name>.debug_info</name>
         <load_address>0x39bb</load_address>
         <run_address>0x39bb</run_address>
         <size>0x30b</size>
         <input_file_ref idref="fl-7"/>
      </object_component>
      <object_component id="oc-745">
         <name>.debug_info</name>
         <load_address>0x3cc6</load_address>
         <run_address>0x3cc6</run_address>
         <size>0xd1</size>
         <input_file_ref idref="fl-7"/>
      </object_component>
      <object_component id="oc-82e">
         <name>.debug_info</name>
         <load_address>0x3d97</load_address>
         <run_address>0x3d97</run_address>
         <size>0x11d</size>
         <input_file_ref idref="fl-7"/>
      </object_component>
      <object_component id="oc-7b1">
         <name>.debug_info</name>
         <load_address>0x3eb4</load_address>
         <run_address>0x3eb4</run_address>
         <size>0x131</size>
         <input_file_ref idref="fl-7"/>
      </object_component>
      <object_component id="oc-780">
         <name>.debug_info</name>
         <load_address>0x3fe5</load_address>
         <run_address>0x3fe5</run_address>
         <size>0x108</size>
         <input_file_ref idref="fl-7"/>
      </object_component>
      <object_component id="oc-73f">
         <name>.debug_info</name>
         <load_address>0x40ed</load_address>
         <run_address>0x40ed</run_address>
         <size>0x140</size>
         <input_file_ref idref="fl-7"/>
      </object_component>
      <object_component id="oc-7aa">
         <name>.debug_info</name>
         <load_address>0x422d</load_address>
         <run_address>0x422d</run_address>
         <size>0xf1</size>
         <input_file_ref idref="fl-7"/>
      </object_component>
      <object_component id="oc-6eb">
         <name>.debug_info</name>
         <load_address>0x431e</load_address>
         <run_address>0x431e</run_address>
         <size>0x103</size>
         <input_file_ref idref="fl-7"/>
      </object_component>
      <object_component id="oc-785">
         <name>.debug_info</name>
         <load_address>0x4421</load_address>
         <run_address>0x4421</run_address>
         <size>0x8b</size>
         <input_file_ref idref="fl-7"/>
      </object_component>
      <object_component id="oc-730">
         <name>.debug_info</name>
         <load_address>0x44ac</load_address>
         <run_address>0x44ac</run_address>
         <size>0x17b</size>
         <input_file_ref idref="fl-2e"/>
      </object_component>
      <object_component id="oc-86">
         <name>.debug_info</name>
         <load_address>0x4627</load_address>
         <run_address>0x4627</run_address>
         <size>0x250</size>
         <input_file_ref idref="fl-2e"/>
      </object_component>
      <object_component id="oc-6cb">
         <name>.debug_info</name>
         <load_address>0x4877</load_address>
         <run_address>0x4877</run_address>
         <size>0x60</size>
         <input_file_ref idref="fl-2e"/>
      </object_component>
      <object_component id="oc-772">
         <name>.debug_info</name>
         <load_address>0x48d7</load_address>
         <run_address>0x48d7</run_address>
         <size>0x46</size>
         <input_file_ref idref="fl-2e"/>
      </object_component>
      <object_component id="oc-72b">
         <name>.debug_info</name>
         <load_address>0x491d</load_address>
         <run_address>0x491d</run_address>
         <size>0x39</size>
         <input_file_ref idref="fl-2e"/>
      </object_component>
      <object_component id="oc-6e1">
         <name>.debug_info</name>
         <load_address>0x4956</load_address>
         <run_address>0x4956</run_address>
         <size>0x18f</size>
         <input_file_ref idref="fl-2f"/>
      </object_component>
      <object_component id="oc-8e">
         <name>.debug_info</name>
         <load_address>0x4ae5</load_address>
         <run_address>0x4ae5</run_address>
         <size>0x1d3</size>
         <input_file_ref idref="fl-2f"/>
      </object_component>
      <object_component id="oc-6dc">
         <name>.debug_info</name>
         <load_address>0x4cb8</load_address>
         <run_address>0x4cb8</run_address>
         <size>0x46</size>
         <input_file_ref idref="fl-2f"/>
      </object_component>
      <object_component id="oc-6e4">
         <name>.debug_info</name>
         <load_address>0x4cfe</load_address>
         <run_address>0x4cfe</run_address>
         <size>0x10f</size>
         <input_file_ref idref="fl-31"/>
      </object_component>
      <object_component id="oc-74e">
         <name>.debug_info</name>
         <load_address>0x4e0d</load_address>
         <run_address>0x4e0d</run_address>
         <size>0x17f</size>
         <input_file_ref idref="fl-55"/>
      </object_component>
      <object_component id="oc-6f7">
         <name>.debug_info</name>
         <load_address>0x4f8c</load_address>
         <run_address>0x4f8c</run_address>
         <size>0x1c5</size>
         <input_file_ref idref="fl-55"/>
      </object_component>
      <object_component id="oc-749">
         <name>.debug_info</name>
         <load_address>0x5151</load_address>
         <run_address>0x5151</run_address>
         <size>0x46</size>
         <input_file_ref idref="fl-55"/>
      </object_component>
      <object_component id="oc-875">
         <name>.debug_info</name>
         <load_address>0x5197</load_address>
         <run_address>0x5197</run_address>
         <size>0x138</size>
         <input_file_ref idref="fl-56"/>
      </object_component>
      <object_component id="oc-86c">
         <name>.debug_info</name>
         <load_address>0x52cf</load_address>
         <run_address>0x52cf</run_address>
         <size>0x123</size>
         <input_file_ref idref="fl-57"/>
      </object_component>
      <object_component id="oc-949">
         <name>.debug_info</name>
         <load_address>0x53f2</load_address>
         <run_address>0x53f2</run_address>
         <size>0x130</size>
         <input_file_ref idref="fl-58"/>
      </object_component>
      <object_component id="oc-883">
         <name>.debug_info</name>
         <load_address>0x5522</load_address>
         <run_address>0x5522</run_address>
         <size>0x130</size>
         <input_file_ref idref="fl-5a"/>
      </object_component>
      <object_component id="oc-866">
         <name>.debug_info</name>
         <load_address>0x5652</load_address>
         <run_address>0x5652</run_address>
         <size>0x126</size>
         <input_file_ref idref="fl-5e"/>
      </object_component>
      <object_component id="oc-886">
         <name>.debug_info</name>
         <load_address>0x5778</load_address>
         <run_address>0x5778</run_address>
         <size>0x126</size>
         <input_file_ref idref="fl-5f"/>
      </object_component>
      <object_component id="oc-6c7">
         <name>.debug_info</name>
         <load_address>0x589e</load_address>
         <run_address>0x589e</run_address>
         <size>0x100</size>
         <input_file_ref idref="fl-60"/>
      </object_component>
      <object_component id="oc-71b">
         <name>.debug_info</name>
         <load_address>0x599e</load_address>
         <run_address>0x599e</run_address>
         <size>0x193</size>
         <input_file_ref idref="fl-60"/>
      </object_component>
      <object_component id="oc-76c">
         <name>.debug_info</name>
         <load_address>0x5b31</load_address>
         <run_address>0x5b31</run_address>
         <size>0xf2</size>
         <input_file_ref idref="fl-61"/>
      </object_component>
      <object_component id="oc-8c1">
         <name>.debug_info</name>
         <load_address>0x5c23</load_address>
         <run_address>0x5c23</run_address>
         <size>0x3fc</size>
         <input_file_ref idref="fl-63"/>
      </object_component>
      <object_component id="oc-808">
         <name>.debug_info</name>
         <load_address>0x601f</load_address>
         <run_address>0x601f</run_address>
         <size>0x230</size>
         <input_file_ref idref="fl-63"/>
      </object_component>
      <object_component id="oc-93c">
         <name>.debug_info</name>
         <load_address>0x624f</load_address>
         <run_address>0x624f</run_address>
         <size>0x39</size>
         <input_file_ref idref="fl-63"/>
      </object_component>
      <object_component id="oc-94d">
         <name>.debug_info</name>
         <load_address>0x6288</load_address>
         <run_address>0x6288</run_address>
         <size>0x2c</size>
         <input_file_ref idref="fl-63"/>
      </object_component>
      <object_component id="oc-8cc">
         <name>.debug_info</name>
         <load_address>0x62b4</load_address>
         <run_address>0x62b4</run_address>
         <size>0x2c</size>
         <input_file_ref idref="fl-63"/>
      </object_component>
      <object_component id="oc-941">
         <name>.debug_info</name>
         <load_address>0x62e0</load_address>
         <run_address>0x62e0</run_address>
         <size>0xcd</size>
         <input_file_ref idref="fl-63"/>
      </object_component>
      <object_component id="oc-8bb">
         <name>.debug_info</name>
         <load_address>0x63ad</load_address>
         <run_address>0x63ad</run_address>
         <size>0x150</size>
         <input_file_ref idref="fl-64"/>
      </object_component>
      <object_component id="oc-752">
         <name>.debug_info</name>
         <load_address>0x64fd</load_address>
         <run_address>0x64fd</run_address>
         <size>0x153</size>
         <input_file_ref idref="fl-65"/>
      </object_component>
      <object_component id="oc-733">
         <name>.debug_info</name>
         <load_address>0x6650</load_address>
         <run_address>0x6650</run_address>
         <size>0x2c</size>
         <input_file_ref idref="fl-66"/>
      </object_component>
      <object_component id="oc-7e4">
         <name>.debug_info</name>
         <load_address>0x667c</load_address>
         <run_address>0x667c</run_address>
         <size>0x122</size>
         <input_file_ref idref="fl-68"/>
      </object_component>
      <object_component id="oc-732">
         <name>.debug_info</name>
         <load_address>0x679e</load_address>
         <run_address>0x679e</run_address>
         <size>0x19a</size>
         <input_file_ref idref="fl-6b"/>
      </object_component>
      <object_component id="oc-6d8">
         <name>.debug_info</name>
         <load_address>0x6938</load_address>
         <run_address>0x6938</run_address>
         <size>0x17a</size>
         <input_file_ref idref="fl-6b"/>
      </object_component>
      <object_component id="oc-8e7">
         <name>.debug_info</name>
         <load_address>0x6ab2</load_address>
         <run_address>0x6ab2</run_address>
         <size>0x177</size>
         <input_file_ref idref="fl-6c"/>
      </object_component>
      <object_component id="oc-85c">
         <name>.debug_info</name>
         <load_address>0x6c29</load_address>
         <run_address>0x6c29</run_address>
         <size>0x275</size>
         <input_file_ref idref="fl-6c"/>
      </object_component>
      <object_component id="oc-8a7">
         <name>.debug_info</name>
         <load_address>0x6e9e</load_address>
         <run_address>0x6e9e</run_address>
         <size>0x229</size>
         <input_file_ref idref="fl-6d"/>
      </object_component>
      <object_component id="oc-7db">
         <name>.debug_info</name>
         <load_address>0x70c7</load_address>
         <run_address>0x70c7</run_address>
         <size>0x1c2</size>
         <input_file_ref idref="fl-6d"/>
      </object_component>
      <object_component id="oc-895">
         <name>.debug_info</name>
         <load_address>0x7289</load_address>
         <run_address>0x7289</run_address>
         <size>0x198</size>
         <input_file_ref idref="fl-6d"/>
      </object_component>
      <object_component id="oc-89d">
         <name>.debug_info</name>
         <load_address>0x7421</load_address>
         <run_address>0x7421</run_address>
         <size>0x16d</size>
         <input_file_ref idref="fl-6d"/>
      </object_component>
      <object_component id="oc-971">
         <name>.debug_info</name>
         <load_address>0x758e</load_address>
         <run_address>0x758e</run_address>
         <size>0x2c</size>
         <input_file_ref idref="fl-6d"/>
      </object_component>
      <object_component id="oc-918">
         <name>.debug_info</name>
         <load_address>0x75ba</load_address>
         <run_address>0x75ba</run_address>
         <size>0x49d</size>
         <input_file_ref idref="fl-6e"/>
      </object_component>
      <object_component id="oc-962">
         <name>.debug_info</name>
         <load_address>0x7a57</load_address>
         <run_address>0x7a57</run_address>
         <size>0x2d3</size>
         <input_file_ref idref="fl-6e"/>
      </object_component>
      <object_component id="oc-90c">
         <name>.debug_info</name>
         <load_address>0x7d2a</load_address>
         <run_address>0x7d2a</run_address>
         <size>0x2dc</size>
         <input_file_ref idref="fl-6e"/>
      </object_component>
      <object_component id="oc-913">
         <name>.debug_info</name>
         <load_address>0x8006</load_address>
         <run_address>0x8006</run_address>
         <size>0x264</size>
         <input_file_ref idref="fl-6e"/>
      </object_component>
      <object_component id="oc-8a2">
         <name>.debug_info</name>
         <load_address>0x826a</load_address>
         <run_address>0x826a</run_address>
         <size>0x30f</size>
         <input_file_ref idref="fl-6e"/>
      </object_component>
      <object_component id="oc-91e">
         <name>.debug_info</name>
         <load_address>0x8579</load_address>
         <run_address>0x8579</run_address>
         <size>0x86</size>
         <input_file_ref idref="fl-6e"/>
      </object_component>
      <object_component id="oc-991">
         <name>.debug_info</name>
         <load_address>0x85ff</load_address>
         <run_address>0x85ff</run_address>
         <size>0xa1</size>
         <input_file_ref idref="fl-6e"/>
      </object_component>
      <object_component id="oc-976">
         <name>.debug_info</name>
         <load_address>0x86a0</load_address>
         <run_address>0x86a0</run_address>
         <size>0x39</size>
         <input_file_ref idref="fl-6e"/>
      </object_component>
      <object_component id="oc-9a0">
         <name>.debug_info</name>
         <load_address>0x86d9</load_address>
         <run_address>0x86d9</run_address>
         <size>0x7a</size>
         <input_file_ref idref="fl-6e"/>
      </object_component>
      <object_component id="oc-999">
         <name>.debug_info</name>
         <load_address>0x8753</load_address>
         <run_address>0x8753</run_address>
         <size>0x46</size>
         <input_file_ref idref="fl-6e"/>
      </object_component>
      <object_component id="oc-98e">
         <name>.debug_info</name>
         <load_address>0x8799</load_address>
         <run_address>0x8799</run_address>
         <size>0x121</size>
         <input_file_ref idref="fl-73"/>
      </object_component>
      <object_component id="oc-997">
         <name>.debug_info</name>
         <load_address>0x88ba</load_address>
         <run_address>0x88ba</run_address>
         <size>0x18e</size>
         <input_file_ref idref="fl-8c"/>
      </object_component>
      <object_component id="oc-96b">
         <name>.debug_info</name>
         <load_address>0x8a48</load_address>
         <run_address>0x8a48</run_address>
         <size>0x1b8</size>
         <input_file_ref idref="fl-8c"/>
      </object_component>
      <object_component id="oc-95f">
         <name>.debug_info</name>
         <load_address>0x8c00</load_address>
         <run_address>0x8c00</run_address>
         <size>0x167</size>
         <input_file_ref idref="fl-8e"/>
      </object_component>
      <object_component id="oc-907">
         <name>.debug_info</name>
         <load_address>0x8d67</load_address>
         <run_address>0x8d67</run_address>
         <size>0x230</size>
         <input_file_ref idref="fl-8e"/>
      </object_component>
      <object_component id="oc-a1d">
         <name>.debug_info</name>
         <load_address>0x8f97</load_address>
         <run_address>0x8f97</run_address>
         <size>0x96</size>
      </object_component>
      <object_component id="oc-8dc">
         <name>.debug_line</name>
         <load_address>0x0</load_address>
         <run_address>0x0</run_address>
         <size>0x20</size>
         <input_file_ref idref="fl-2"/>
      </object_component>
      <object_component id="oc-902">
         <name>.debug_line</name>
         <load_address>0x20</load_address>
         <run_address>0x20</run_address>
         <size>0x32</size>
         <input_file_ref idref="fl-2"/>
      </object_component>
      <object_component id="oc-8ed">
         <name>.debug_line</name>
         <load_address>0x52</load_address>
         <run_address>0x52</run_address>
[...]
         <object_component_ref idref="oc-7d4"/>
      </symbol>
      <symbol id="sm-724">
         <name>maxim_sort_indices_descend</name>
         <value>0x10e94</value>
         <object_component_ref idref="oc-957"/>
      </symbol>
      <symbol id="sm-725">
         <name>maxim_peaks_above_min_height</name>
         <value>0x10914</value>
         <object_component_ref idref="oc-8ef"/>
      </symbol>
      <symbol id="sm-726">
         <name>maxim_remove_close_peaks</name>
         <value>0x10bb6</value>
         <object_component_ref idref="oc-8f5"/>
      </symbol>
      <symbol id="sm-727">
         <name>maxim_find_peaks</name>
         <value>0x1119e</value>
         <object_component_ref idref="oc-877"/>
      </symbol>
      <symbol id="sm-728">
         <name>uch_spo2_table</name>
         <value>0x4040</value>
         <object_component_ref idref="oc-890"/>
      </symbol>
      <symbol id="sm-729">
         <name>maxim_sort_ascend</name>
         <value>0x10ffc</value>
         <object_component_ref idref="oc-88a"/>
      </symbol>
      <symbol id="sm-742">
         <name>delay</name>
         <value>0x11650</value>
         <object_component_ref idref="oc-7b9"/>
      </symbol>
      <symbol id="sm-743">
         <name>configClock</name>
         <value>0x116ce</value>
         <object_component_ref idref="oc-794"/>
      </symbol>
      <symbol id="sm-744">
         <name>initTMR</name>
         <value>0x1171a</value>
         <object_component_ref idref="oc-7a0"/>
      </symbol>
      <symbol id="sm-782">
         <name>i2c_start</name>
         <value>0x114dc</value>
         <object_component_ref idref="oc-832"/>
      </symbol>
      <symbol id="sm-783">
         <name>i2c_read</name>
         <value>0x1143c</value>
         <object_component_ref idref="oc-85e"/>
      </symbol>
      <symbol id="sm-784">
         <name>i2c_stop</name>
         <value>0x1170e</value>
         <object_component_ref idref="oc-83e"/>
      </symbol>
      <symbol id="sm-785">
         <name>initI2C</name>
         <value>0x11478</value>
         <object_component_ref idref="oc-79a"/>
      </symbol>
      <symbol id="sm-786">
         <name>i2c_write</name>
         <value>0x11604</value>
         <object_component_ref idref="oc-838"/>
      </symbol>
      <symbol id="sm-787">
         <name>i2c_repeated_start</name>
         <value>0x1157c</value>
         <object_component_ref idref="oc-852"/>
      </symbol>
      <symbol id="sm-7a3">
         <name>aun_ir_buffer</name>
         <value>0x1f20</value>
      </symbol>
      <symbol id="sm-7a4">
         <name>aun_red_buffer</name>
         <value>0x20b0</value>
      </symbol>
      <symbol id="sm-7a5">
         <name>n_ir_buffer_length</name>
         <value>0x22c4</value>
      </symbol>
      <symbol id="sm-7a6">
         <name>n_spo2</name>
         <value>0x22c8</value>
      </symbol>
      <symbol id="sm-7a7">
         <name>ch_spo2_valid</name>
         <value>0x22d1</value>
      </symbol>
      <symbol id="sm-7a8">
         <name>n_heart_rate</name>
         <value>0x22c0</value>
      </symbol>
      <symbol id="sm-7a9">
         <name>ch_hr_valid</name>
         <value>0x22d0</value>
      </symbol>
      <symbol id="sm-7aa">
         <name>main</name>
         <value>0x10762</value>
         <object_component_ref idref="oc-756"/>
      </symbol>
      <symbol id="sm-7ce">
         <name>maxim_max30102_init</name>
         <value>0x110a2</value>
         <object_component_ref idref="oc-7bf"/>
      </symbol>
      <symbol id="sm-7cf">
         <name>maxim_max30102_reset</name>
         <value>0x115e4</value>
         <object_component_ref idref="oc-7b3"/>
      </symbol>
      <symbol id="sm-7d0">
         <name>maxim_max30102_read_fifo</name>
         <value>0x10f52</value>
         <object_component_ref idref="oc-7ca"/>
      </symbol>
      <symbol id="sm-815">
         <name>uca0Receiver</name>
         <value>0x22cc</value>
      </symbol>
      <symbol id="sm-816">
         <name>__TI_int48</name>
         <value>0xfff0</value>
         <object_component_ref idref="oc-ae"/>
      </symbol>
      <symbol id="sm-817">
         <name>uca0ReadString</name>
         <value>0x11508</value>
         <object_component_ref idref="oc-73b"/>
      </symbol>
      <symbol id="sm-818">
         <name>uartA0</name>
         <value>0x4020</value>
         <object_component_ref idref="oc-6e7"/>
      </symbol>
      <symbol id="sm-819">
         <name>uca0WriteByte</name>
         <value>0x11700</value>
         <object_component_ref idref="oc-82b"/>
      </symbol>
      <symbol id="sm-81a">
         <name>uca0DataReady</name>
         <value>0x22d2</value>
         <object_component_ref idref="oc-744"/>
      </symbol>
      <symbol id="sm-81b">
         <name>uca0ReadByte</name>
         <value>0x1161e</value>
         <object_component_ref idref="oc-77c"/>
      </symbol>
      <symbol id="sm-81c">
         <name>uca0Init</name>
         <value>0x112f6</value>
         <object_component_ref idref="oc-7a6"/>
      </symbol>
      <symbol id="sm-81d">
         <name>uca0WriteString</name>
         <value>0x116ba</value>
         <object_component_ref idref="oc-7ad"/>
      </symbol>
      <symbol id="sm-840">
         <name>__TI_decompress_lzss</name>
         <value>0x11128</value>
         <object_component_ref idref="oc-84"/>
      </symbol>
      <symbol id="sm-851">
         <name>__TI_decompress_none</name>
         <value>0x116e0</value>
         <object_component_ref idref="oc-8a"/>
      </symbol>
      <symbol id="sm-854">
         <name>__TI_int18</name>
         <value>0xffb4</value>
         <object_component_ref idref="oc-90"/>
      </symbol>
      <symbol id="sm-85c">
         <name>__TI_ISR_TRAP</name>
         <value>0x4038</value>
         <object_component_ref idref="oc-6e2"/>
      </symbol>
      <symbol id="sm-85f">
         <name>__TI_int19</name>
         <value>0xffb6</value>
         <object_component_ref idref="oc-91"/>
      </symbol>
      <symbol id="sm-862">
         <name>__TI_int20</name>
         <value>0xffb8</value>
         <object_component_ref idref="oc-92"/>
      </symbol>
      <symbol id="sm-865">
         <name>__TI_int21</name>
         <value>0xffba</value>
         <object_component_ref idref="oc-93"/>
      </symbol>
      <symbol id="sm-868">
         <name>__TI_int22</name>
         <value>0xffbc</value>
         <object_component_ref idref="oc-94"/>
      </symbol>
      <symbol id="sm-86b">
         <name>__TI_int23</name>
         <value>0xffbe</value>
         <object_component_ref idref="oc-95"/>
      </symbol>
      <symbol id="sm-86e">
         <name>__TI_int24</name>
         <value>0xffc0</value>
         <object_component_ref idref="oc-96"/>
      </symbol>
      <symbol id="sm-871">
         <name>__TI_int25</name>
         <value>0xffc2</value>
         <object_component_ref idref="oc-97"/>
      </symbol>
      <symbol id="sm-874">
         <name>__TI_int26</name>
         <value>0xffc4</value>
         <object_component_ref idref="oc-98"/>
      </symbol>
      <symbol id="sm-877">
         <name>__TI_int27</name>
         <value>0xffc6</value>
         <object_component_ref idref="oc-99"/>
      </symbol>
      <symbol id="sm-87a">
         <name>__TI_int28</name>
         <value>0xffc8</value>
         <object_component_ref idref="oc-9a"/>
      </symbol>
      <symbol id="sm-87d">
         <name>__TI_int29</name>
         <value>0xffca</value>
         <object_component_ref idref="oc-9b"/>
      </symbol>
      <symbol id="sm-880">
         <name>__TI_int30</name>
         <value>0xffcc</value>
         <object_component_ref idref="oc-9c"/>
      </symbol>
      <symbol id="sm-883">
         <name>__TI_int31</name>
         <value>0xffce</value>
         <object_component_ref idref="oc-9d"/>
      </symbol>
      <symbol id="sm-886">
         <name>__TI_int32</name>
         <value>0xffd0</value>
         <object_component_ref idref="oc-9e"/>
      </symbol>
      <symbol id="sm-889">
         <name>__TI_int33</name>
         <value>0xffd2</value>
         <object_component_ref idref="oc-9f"/>
      </symbol>
      <symbol id="sm-88c">
         <name>__TI_int34</name>
         <value>0xffd4</value>
         <object_component_ref idref="oc-a0"/>
      </symbol>
      <symbol id="sm-88f">
         <name>__TI_int35</name>
         <value>0xffd6</value>
         <object_component_ref idref="oc-a1"/>
      </symbol>
      <symbol id="sm-892">
         <name>__TI_int36</name>
         <value>0xffd8</value>
         <object_component_ref idref="oc-a2"/>
      </symbol>
      <symbol id="sm-895">
         <name>__TI_int37</name>
         <value>0xffda</value>
         <object_component_ref idref="oc-a3"/>
      </symbol>
      <symbol id="sm-898">
         <name>__TI_int38</name>
         <value>0xffdc</value>
         <object_component_ref idref="oc-a4"/>
      </symbol>
      <symbol id="sm-89b">
         <name>__TI_int39</name>
         <value>0xffde</value>
         <object_component_ref idref="oc-a5"/>
      </symbol>
      <symbol id="sm-89e">
         <name>__TI_int40</name>
         <value>0xffe0</value>
         <object_component_ref idref="oc-a6"/>
      </symbol>
      <symbol id="sm-8a1">
         <name>__TI_int41</name>
         <value>0xffe2</value>
         <object_component_ref idref="oc-a7"/>
      </symbol>
      <symbol id="sm-8a4">
         <name>__TI_int42</name>
         <value>0xffe4</value>
         <object_component_ref idref="oc-a8"/>
      </symbol>
      <symbol id="sm-8a7">
         <name>__TI_int43</name>
         <value>0xffe6</value>
         <object_component_ref idref="oc-a9"/>
      </symbol>
      <symbol id="sm-8aa">
         <name>__TI_int44</name>
         <value>0xffe8</value>
         <object_component_ref idref="oc-aa"/>
      </symbol>
      <symbol id="sm-8ad">
         <name>__TI_int45</name>
         <value>0xffea</value>
         <object_component_ref idref="oc-ab"/>
      </symbol>
      <symbol id="sm-8b0">
         <name>__TI_int46</name>
         <value>0xffec</value>
         <object_component_ref idref="oc-ac"/>
      </symbol>
      <symbol id="sm-8b3">
         <name>__TI_int47</name>
         <value>0xffee</value>
         <object_component_ref idref="oc-ad"/>
      </symbol>
      <symbol id="sm-8b6">
         <name>__TI_int49</name>
         <value>0xfff2</value>
         <object_component_ref idref="oc-af"/>
      </symbol>
      <symbol id="sm-8b9">
         <name>__TI_int50</name>
         <value>0xfff4</value>
         <object_component_ref idref="oc-b0"/>
      </symbol>
      <symbol id="sm-8bc">
         <name>__TI_int51</name>
         <value>0xfff6</value>
         <object_component_ref idref="oc-b1"/>
      </symbol>
      <symbol id="sm-8bf">
         <name>__TI_int52</name>
         <value>0xfff8</value>
         <object_component_ref idref="oc-b2"/>
      </symbol>
      <symbol id="sm-8c2">
         <name>__TI_int53</name>
         <value>0xfffa</value>
         <object_component_ref idref="oc-b3"/>
      </symbol>
      <symbol id="sm-8c5">
         <name>__TI_int54</name>
         <value>0xfffc</value>
         <object_component_ref idref="oc-b4"/>
      </symbol>
      <symbol id="sm-8d8">
         <name>__TI_zero_init</name>
         <value>0x11558</value>
         <object_component_ref idref="oc-6f3"/>
      </symbol>
      <symbol id="sm-8e4">
         <name>__mspabi_remli</name>
         <value>0x11380</value>
         <object_component_ref idref="oc-872"/>
      </symbol>
      <symbol id="sm-8e5">
         <name>__mspabi_divli</name>
         <value>0x11380</value>
         <object_component_ref idref="oc-872"/>
      </symbol>
      <symbol id="sm-8f3">
         <name>__mspabi_remul</name>
         <value>0x11202</value>
         <object_component_ref idref="oc-86a"/>
      </symbol>
      <symbol id="sm-8f4">
         <name>__mspabi_divul</name>
         <value>0x11202</value>
         <object_component_ref idref="oc-86a"/>
      </symbol>
      <symbol id="sm-8fc">
         <name>__mspabi_mpyi_f5hw</name>
         <value>0x11638</value>
         <object_component_ref idref="oc-946"/>
      </symbol>
      <symbol id="sm-905">
         <name>__mspabi_mpyl_f5hw</name>
         <value>0x115a0</value>
         <object_component_ref idref="oc-880"/>
      </symbol>
      <symbol id="sm-910">
         <name>__mspabi_slll_9</name>
         <value>0x11416</value>
         <object_component_ref idref="oc-864"/>
      </symbol>
      <symbol id="sm-911">
         <name>__mspabi_slll_8</name>
         <value>0x1141a</value>
         <object_component_ref idref="oc-864"/>
      </symbol>
      <symbol id="sm-912">
         <name>__mspabi_slll_7</name>
         <value>0x1141e</value>
         <object_component_ref idref="oc-864"/>
      </symbol>
      <symbol id="sm-913">
         <name>__mspabi_slll_6</name>
         <value>0x11422</value>
         <object_component_ref idref="oc-864"/>
      </symbol>
      <symbol id="sm-914">
         <name>__mspabi_slll_5</name>
         <value>0x11426</value>
         <object_component_ref idref="oc-864"/>
      </symbol>
      <symbol id="sm-915">
         <name>__mspabi_slll_4</name>
         <value>0x1142a</value>
         <object_component_ref idref="oc-864"/>
      </symbol>
      <symbol id="sm-916">
         <name>__mspabi_slll_3</name>
         <value>0x1142e</value>
         <object_component_ref idref="oc-864"/>
      </symbol>
      <symbol id="sm-917">
         <name>__mspabi_slll_2</name>
         <value>0x11432</value>
         <object_component_ref idref="oc-864"/>
      </symbol>
      <symbol id="sm-918">
         <name>__mspabi_slll_1</name>
         <value>0x11436</value>
         <object_component_ref idref="oc-864"/>
      </symbol>
      <symbol id="sm-919">
         <name>__mspabi_slll_15</name>
         <value>0x113fe</value>
         <object_component_ref idref="oc-864"/>
      </symbol>
      <symbol id="sm-91a">
         <name>__mspabi_slll_14</name>
         <value>0x11402</value>
         <object_component_ref idref="oc-864"/>
      </symbol>
      <symbol id="sm-91b">
         <name>__mspabi_slll_13</name>
         <value>0x11406</value>
         <object_component_ref idref="oc-864"/>
      </symbol>
      <symbol id="sm-91c">
         <name>__mspabi_slll_12</name>
         <value>0x1140a</value>
         <object_component_ref idref="oc-864"/>
      </symbol>
      <symbol id="sm-91d">
         <name>__mspabi_slll_11</name>
         <value>0x1140e</value>
         <object_component_ref idref="oc-864"/>
      </symbol>
      <symbol id="sm-91e">
         <name>__mspabi_slll_10</name>
         <value>0x11412</value>
         <object_component_ref idref="oc-864"/>
      </symbol>
      <symbol id="sm-926">
         <name>__mspabi_sral_15</name>
         <value>0x113c0</value>
         <object_component_ref idref="oc-885"/>
      </symbol>
      <symbol id="sm-927">
         <name>__mspabi_sral_14</name>
         <value>0x113c4</value>
         <object_component_ref idref="oc-885"/>
      </symbol>
      <symbol id="sm-928">
         <name>__mspabi_sral_13</name>
         <value>0x113c8</value>
         <object_component_ref idref="oc-885"/>
      </symbol>
      <symbol id="sm-929">
         <name>__mspabi_sral_12</name>
         <value>0x113cc</value>
         <object_component_ref idref="oc-885"/>
      </symbol>
      <symbol id="sm-92a">
         <name>__mspabi_sral_11</name>
         <value>0x113d0</value>
         <object_component_ref idref="oc-885"/>
      </symbol>
      <symbol id="sm-92b">
         <name>__mspabi_sral_10</name>
         <value>0x113d4</value>
         <object_component_ref idref="oc-885"/>
      </symbol>
      <symbol id="sm-92c">
         <name>__mspabi_sral_8</name>
         <value>0x113dc</value>
         <object_component_ref idref="oc-885"/>
      </symbol>
      <symbol id="sm-92d">
         <name>__mspabi_sral_9</name>
         <value>0x113d8</value>
         <object_component_ref idref="oc-885"/>
      </symbol>
      <symbol id="sm-92e">
         <name>__mspabi_sral_6</name>
         <value>0x113e4</value>
         <object_component_ref idref="oc-885"/>
      </symbol>
      <symbol id="sm-92f">
         <name>__mspabi_sral_7</name>
         <value>0x113e0</value>
         <object_component_ref idref="oc-885"/>
      </symbol>
      <symbol id="sm-930">
         <name>__mspabi_sral_4</name>
         <value>0x113ec</value>
         <object_component_ref idref="oc-885"/>
      </symbol>
      <symbol id="sm-931">
         <name>__mspabi_sral_5</name>
         <value>0x113e8</value>
         <object_component_ref idref="oc-885"/>
      </symbol>
      <symbol id="sm-932">
         <name>__mspabi_sral_2</name>
         <value>0x113f4</value>
         <object_component_ref idref="oc-885"/>
      </symbol>
      <symbol id="sm-933">
         <name>__mspabi_sral_3</name>
         <value>0x113f0</value>
         <object_component_ref idref="oc-885"/>
      </symbol>
      <symbol id="sm-934">
         <name>__mspabi_sral_1</name>
         <value>0x113f8</value>
         <object_component_ref idref="oc-885"/>
      </symbol>
      <symbol id="sm-944">
         <name>_c_int00_noargs_mpu</name>
         <value>0x4000</value>
         <object_component_ref idref="oc-717"/>
      </symbol>
      <symbol id="sm-945">
         <name>_stack</name>
         <value>0x2b60</value>
         <object_component_ref idref="oc-6c6"/>
      </symbol>
      <symbol id="sm-946">
         <name>_reset_vector</name>
         <value>0xfffe</value>
         <object_component_ref idref="oc-6c9"/>
      </symbol>
      <symbol id="sm-94f">
         <name>__mpu_init</name>
         <value>0x114b0</value>
         <object_component_ref idref="oc-768"/>
      </symbol>
      <symbol id="sm-973">
         <name>__TI_auto_init_nobinit_nopinit_hold_wdt</name>
         <value>0x1125a</value>
         <object_component_ref idref="oc-805"/>
      </symbol>
      <symbol id="sm-97c">
         <name>_system_post_cinit</name>
         <value>0x1172c</value>
         <object_component_ref idref="oc-8ba"/>
      </symbol>
      <symbol id="sm-985">
         <name>_system_pre_init</name>
         <value>0x11728</value>
         <object_component_ref idref="oc-750"/>
      </symbol>
      <symbol id="sm-996">
         <name>C$$EXIT</name>
         <value>0x11722</value>
         <object_component_ref idref="oc-7e1"/>
      </symbol>
      <symbol id="sm-997">
         <name>abort</name>
         <value>0x11722</value>
         <object_component_ref idref="oc-7e1"/>
      </symbol>
      <symbol id="sm-9a7">
         <name>memcpy</name>
         <value>0x116a6</value>
         <object_component_ref idref="oc-6d5"/>
      </symbol>
      <symbol id="sm-9b5">
         <name>memset</name>
         <value>0x11666</value>
         <object_component_ref idref="oc-858"/>
      </symbol>
      <symbol id="sm-9d6">
         <name>sprintf</name>
         <value>0x1133c</value>
         <object_component_ref idref="oc-7da"/>
      </symbol>
      <symbol id="sm-a3a">
         <name>__TI_printfi_minimal</name>
         <value>0x10cde</value>
         <object_component_ref idref="oc-8a0"/>
      </symbol>
      <symbol id="sm-a48">
         <name>__mspabi_remu</name>
         <value>0x1167c</value>
         <object_component_ref idref="oc-98b"/>
      </symbol>
      <symbol id="sm-a49">
         <name>__mspabi_divu</name>
         <value>0x1167c</value>
         <object_component_ref idref="oc-98b"/>
      </symbol>
      <symbol id="sm-a70">
         <name>memccpy</name>
         <value>0x11532</value>
         <object_component_ref idref="oc-967"/>
      </symbol>
      <symbol id="sm-a7e">
         <name>strlen</name>
         <value>0x116f2</value>
         <object_component_ref idref="oc-905"/>
      </symbol>
   </symbol_table>
   <title>Link successful</title>
</link_info>
