<?xml version="1.0" encoding="ISO-8859-1" ?>
<link_info>
   <banner>MSP430 Linker PC v21.6.1.LTS</banner>
   <copyright>Copyright (c) 2003-2018 Texas Instruments Incorporated</copyright>
   <link_time>0x6446b274</link_time>
   <link_errors>0x0</link_errors>
   <output_file>ibpt.out</output_file>
   <entry_point>
      <name>_c_int00_noargs_mpu</name>
      <address>0x4000</address>
   </entry_point>
   <input_file_list>
      <input_file id="fl-2">
         <path>.\</path>
         <kind>object</kind>
         <file>algorithm.obj</file>
         <name>algorithm.obj</name>
      </input_file>
      <input_file id="fl-3">
         <path>.\</path>
         <kind>object</kind>
         <file>config.obj</file>
         <name>config.obj</name>
      </input_file>
      <input_file id="fl-4">
         <path>.\</path>
         <kind>object</kind>
         <file>heartRate.obj</file>
         <name>heartRate.obj</name>
      </input_file>
      <input_file id="fl-5">
         <path>.\</path>
         <kind>object</kind>
         <file>i2c.obj</file>
         <name>i2c.obj</name>
      </input_file>
      <input_file id="fl-6">
         <path>.\</path>
         <kind>object</kind>
         <file>main.obj</file>
         <name>main.obj</name>
      </input_file>
      <input_file id="fl-7">
         <path>.\</path>
         <kind>object</kind>
         <file>maxim30102.obj</file>
         <name>maxim30102.obj</name>
      </input_file>
      <input_file id="fl-8">
         <path>.\</path>
         <kind>object</kind>
         <file>uart.obj</file>
         <name>uart.obj</name>
      </input_file>
      <input_file id="fl-f">
         <kind>object</kind>
         <file>&lt;internal&gt;</file>
         <name>&lt;internal&gt;</name>
      </input_file>
      <input_file id="fl-2f">
         <path>C:\ti\ccs1220\ccs\tools\compiler\ti-cgt-msp430_21.6.1.LTS\lib\</path>
         <kind>archive</kind>
         <file>rts430x_lc_rd_eabi.lib</file>
         <name>copy_decompress_lzss.c.obj</name>
      </input_file>
      <input_file id="fl-30">
         <path>C:\ti\ccs1220\ccs\tools\compiler\ti-cgt-msp430_21.6.1.LTS\lib\</path>
         <kind>archive</kind>
         <file>rts430x_lc_rd_eabi.lib</file>
         <name>copy_decompress_none.c.obj</name>
      </input_file>
      <input_file id="fl-31">
         <path>C:\ti\ccs1220\ccs\tools\compiler\ti-cgt-msp430_21.6.1.LTS\lib\</path>
         <kind>archive</kind>
         <file>rts430x_lc_rd_eabi.lib</file>
         <name>int18.asm.obj</name>
      </input_file>
      <input_file id="fl-32">
         <path>C:\ti\ccs1220\ccs\tools\compiler\ti-cgt-msp430_21.6.1.LTS\lib\</path>
         <kind>archive</kind>
         <file>rts430x_lc_rd_eabi.lib</file>
         <name>isr_trap.asm.obj</name>
      </input_file>
      <input_file id="fl-33">
         <path>C:\ti\ccs1220\ccs\tools\compiler\ti-cgt-msp430_21.6.1.LTS\lib\</path>
         <kind>archive</kind>
         <file>rts430x_lc_rd_eabi.lib</file>
         <name>int19.asm.obj</name>
      </input_file>
      <input_file id="fl-34">
         <path>C:\ti\ccs1220\ccs\tools\compiler\ti-cgt-msp430_21.6.1.LTS\lib\</path>
         <kind>archive</kind>
         <file>rts430x_lc_rd_eabi.lib</file>
         <name>int20.asm.obj</name>
      </input_file>
      <input_file id="fl-35">
         <path>C:\ti\ccs1220\ccs\tools\compiler\ti-cgt-msp430_21.6.1.LTS\lib\</path>
         <kind>archive</kind>
         <file>rts430x_lc_rd_eabi.lib</file>
         <name>int21.asm.obj</name>
      </input_file>
      <input_file id="fl-36">
         <path>C:\ti\ccs1220\ccs\tools\compiler\ti-cgt-msp430_21.6.1.LTS\lib\</path>
         <kind>archive</kind>
         <file>rts430x_lc_rd_eabi.lib</file>
         <name>int22.asm.obj</name>
      </input_file>
      <input_file id="fl-37">
         <path>C:\ti\ccs1220\ccs\tools\compiler\ti-cgt-msp430_21.6.1.LTS\lib\</path>
         <kind>archive</kind>
         <file>rts430x_lc_rd_eabi.lib</file>
         <name>int23.asm.obj</name>
      </input_file>
      <input_file id="fl-38">
         <path>C:\ti\ccs1220\ccs\tools\compiler\ti-cgt-msp430_21.6.1.LTS\lib\</path>
         <kind>archive</kind>
         <file>rts430x_lc_rd_eabi.lib</file>
         <name>int24.asm.obj</name>
      </input_file>
      <input_file id="fl-39">
         <path>C:\ti\ccs1220\ccs\tools\compiler\ti-cgt-msp430_21.6.1.LTS\lib\</path>
         <kind>archive</kind>
         <file>rts430x_lc_rd_eabi.lib</file>
         <name>int25.asm.obj</name>
      </input_file>
      <input_file id="fl-3a">
         <path>C:\ti\ccs1220\ccs\tools\compiler\ti-cgt-msp430_21.6.1.LTS\lib\</path>
         <kind>archive</kind>
         <file>rts430x_lc_rd_eabi.lib</file>
         <name>int26.asm.obj</name>
      </input_file>
      <input_file id="fl-3b">
         <path>C:\ti\ccs1220\ccs\tools\compiler\ti-cgt-msp430_21.6.1.LTS\lib\</path>
         <kind>archive</kind>
         <file>rts430x_lc_rd_eabi.lib</file>
         <name>int27.asm.obj</name>
      </input_file>
      <input_file id="fl-3c">
         <path>C:\ti\ccs1220\ccs\tools\compiler\ti-cgt-msp430_21.6.1.LTS\lib\</path>
         <kind>archive</kind>
         <file>rts430x_lc_rd_eabi.lib</file>
         <name>int28.asm.obj</name>
      </input_file>
      <input_file id="fl-3d">
         <path>C:\ti\ccs1220\ccs\tools\compiler\ti-cgt-msp430_21.6.1.LTS\lib\</path>
         <kind>archive</kind>
         <file>rts430x_lc_rd_eabi.lib</file>
         <name>int29.asm.obj</name>
      </input_file>
      <input_file id="fl-3e">
         <path>C:\ti\ccs1220\ccs\tools\compiler\ti-cgt-msp430_21.6.1.LTS\lib\</path>
         <kind>archive</kind>
         <file>rts430x_lc_rd_eabi.lib</file>
         <name>int30.asm.obj</name>
      </input_file>
      <input_file id="fl-3f">
         <path>C:\ti\ccs1220\ccs\tools\compiler\ti-cgt-msp430_21.6.1.LTS\lib\</path>
         <kind>archive</kind>
         <file>rts430x_lc_rd_eabi.lib</file>
         <name>int31.asm.obj</name>
      </input_file>
      <input_file id="fl-40">
         <path>C:\ti\ccs1220\ccs\tools\compiler\ti-cgt-msp430_21.6.1.LTS\lib\</path>
         <kind>archive</kind>
         <file>rts430x_lc_rd_eabi.lib</file>
         <name>int32.asm.obj</name>
      </input_file>
      <input_file id="fl-41">
         <path>C:\ti\ccs1220\ccs\tools\compiler\ti-cgt-msp430_21.6.1.LTS\lib\</path>
         <kind>archive</kind>
         <file>rts430x_lc_rd_eabi.lib</file>
         <name>int33.asm.obj</name>
      </input_file>
      <input_file id="fl-42">
         <path>C:\ti\ccs1220\ccs\tools\compiler\ti-cgt-msp430_21.6.1.LTS\lib\</path>
         <kind>archive</kind>
         <file>rts430x_lc_rd_eabi.lib</file>
         <name>int34.asm.obj</name>
      </input_file>
      <input_file id="fl-43">
         <path>C:\ti\ccs1220\ccs\tools\compiler\ti-cgt-msp430_21.6.1.LTS\lib\</path>
         <kind>archive</kind>
         <file>rts430x_lc_rd_eabi.lib</file>
         <name>int36.asm.obj</name>
      </input_file>
      <input_file id="fl-44">
         <path>C:\ti\ccs1220\ccs\tools\compiler\ti-cgt-msp430_21.6.1.LTS\lib\</path>
         <kind>archive</kind>
         <file>rts430x_lc_rd_eabi.lib</file>
         <name>int37.asm.obj</name>
      </input_file>
      <input_file id="fl-45">
         <path>C:\ti\ccs1220\ccs\tools\compiler\ti-cgt-msp430_21.6.1.LTS\lib\</path>
         <kind>archive</kind>
         <file>rts430x_lc_rd_eabi.lib</file>
         <name>int38.asm.obj</name>
      </input_file>
      <input_file id="fl-46">
         <path>C:\ti\ccs1220\ccs\tools\compiler\ti-cgt-msp430_21.6.1.LTS\lib\</path>
         <kind>archive</kind>
         <file>rts430x_lc_rd_eabi.lib</file>
         <name>int39.asm.obj</name>
      </input_file>
      <input_file id="fl-47">
         <path>C:\ti\ccs1220\ccs\tools\compiler\ti-cgt-msp430_21.6.1.LTS\lib\</path>
         <kind>archive</kind>
         <file>rts430x_lc_rd_eabi.lib</file>
         <name>int40.asm.obj</name>
      </input_file>
      <input_file id="fl-48">
         <path>C:\ti\ccs1220\ccs\tools\compiler\ti-cgt-msp430_21.6.1.LTS\lib\</path>
         <kind>archive</kind>
         <file>rts430x_lc_rd_eabi.lib</file>
         <name>int41.asm.obj</name>
      </input_file>
      <input_file id="fl-49">
         <path>C:\ti\ccs1220\ccs\tools\compiler\ti-cgt-msp430_21.6.1.LTS\lib\</path>
         <kind>archive</kind>
         <file>rts430x_lc_rd_eabi.lib</file>
         <name>int42.asm.obj</name>
      </input_file>
      <input_file id="fl-4a">
         <path>C:\ti\ccs1220\ccs\tools\compiler\ti-cgt-msp430_21.6.1.LTS\lib\</path>
         <kind>archive</kind>
         <file>rts430x_lc_rd_eabi.lib</file>
         <name>int43.asm.obj</name>
      </input_file>
      <input_file id="fl-4b">
         <path>C:\ti\ccs1220\ccs\tools\compiler\ti-cgt-msp430_21.6.1.LTS\lib\</path>
         <kind>archive</kind>
         <file>rts430x_lc_rd_eabi.lib</file>
         <name>int44.asm.obj</name>
      </input_file>
      <input_file id="fl-4c">
         <path>C:\ti\ccs1220\ccs\tools\compiler\ti-cgt-msp430_21.6.1.LTS\lib\</path>
         <kind>archive</kind>
         <file>rts430x_lc_rd_eabi.lib</file>
         <name>int45.asm.obj</name>
      </input_file>
      <input_file id="fl-4d">
         <path>C:\ti\ccs1220\ccs\tools\compiler\ti-cgt-msp430_21.6.1.LTS\lib\</path>
         <kind>archive</kind>
         <file>rts430x_lc_rd_eabi.lib</file>
         <name>int46.asm.obj</name>
      </input_file>
      <input_file id="fl-4e">
         <path>C:\ti\ccs1220\ccs\tools\compiler\ti-cgt-msp430_21.6.1.LTS\lib\</path>
         <kind>archive</kind>
         <file>rts430x_lc_rd_eabi.lib</file>
         <name>int49.asm.obj</name>
      </input_file>
      <input_file id="fl-4f">
         <path>C:\ti\ccs1220\ccs\tools\compiler\ti-cgt-msp430_21.6.1.LTS\lib\</path>
         <kind>archive</kind>
         <file>rts430x_lc_rd_eabi.lib</file>
         <name>int50.asm.obj</name>
      </input_file>
      <input_file id="fl-50">
         <path>C:\ti\ccs1220\ccs\tools\compiler\ti-cgt-msp430_21.6.1.LTS\lib\</path>
         <kind>archive</kind>
         <file>rts430x_lc_rd_eabi.lib</file>
         <name>int51.asm.obj</name>
      </input_file>
      <input_file id="fl-51">
         <path>C:\ti\ccs1220\ccs\tools\compiler\ti-cgt-msp430_21.6.1.LTS\lib\</path>
         <kind>archive</kind>
         <file>rts430x_lc_rd_eabi.lib</file>
         <name>int52.asm.obj</name>
      </input_file>
      <input_file id="fl-52">
         <path>C:\ti\ccs1220\ccs\tools\compiler\ti-cgt-msp430_21.6.1.LTS\lib\</path>
         <kind>archive</kind>
         <file>rts430x_lc_rd_eabi.lib</file>
         <name>int53.asm.obj</name>
      </input_file>
      <input_file id="fl-53">
         <path>C:\ti\ccs1220\ccs\tools\compiler\ti-cgt-msp430_21.6.1.LTS\lib\</path>
         <kind>archive</kind>
         <file>rts430x_lc_rd_eabi.lib</file>
         <name>int54.asm.obj</name>
      </input_file>
      <input_file id="fl-54">
         <path>C:\ti\ccs1220\ccs\tools\compiler\ti-cgt-msp430_21.6.1.LTS\lib\</path>
         <kind>archive</kind>
         <file>rts430x_lc_rd_eabi.lib</file>
         <name>copy_zero_init.c.obj</name>
      </input_file>
      <input_file id="fl-55">
         <path>C:\ti\ccs1220\ccs\tools\compiler\ti-cgt-msp430_21.6.1.LTS\lib\</path>
         <kind>archive</kind>
         <file>rts430x_lc_rd_eabi.lib</file>
         <name>div16s.asm.obj</name>
      </input_file>
      <input_file id="fl-56">
         <path>C:\ti\ccs1220\ccs\tools\compiler\ti-cgt-msp430_21.6.1.LTS\lib\</path>
         <kind>archive</kind>
         <file>rts430x_lc_rd_eabi.lib</file>
         <name>div32s.asm.obj</name>
      </input_file>
      <input_file id="fl-57">
         <path>C:\ti\ccs1220\ccs\tools\compiler\ti-cgt-msp430_21.6.1.LTS\lib\</path>
         <kind>archive</kind>
         <file>rts430x_lc_rd_eabi.lib</file>
         <name>div16u.asm.obj</name>
      </input_file>
      <input_file id="fl-58">
         <path>C:\ti\ccs1220\ccs\tools\compiler\ti-cgt-msp430_21.6.1.LTS\lib\</path>
         <kind>archive</kind>
         <file>rts430x_lc_rd_eabi.lib</file>
         <name>div32u.asm.obj</name>
      </input_file>
      <input_file id="fl-59">
         <path>C:\ti\ccs1220\ccs\tools\compiler\ti-cgt-msp430_21.6.1.LTS\lib\</path>
         <kind>archive</kind>
         <file>rts430x_lc_rd_eabi.lib</file>
         <name>mult16_f5hw.asm.obj</name>
      </input_file>
      <input_file id="fl-5a">
         <path>C:\ti\ccs1220\ccs\tools\compiler\ti-cgt-msp430_21.6.1.LTS\lib\</path>
         <kind>archive</kind>
         <file>rts430x_lc_rd_eabi.lib</file>
         <name>mult32_f5hw.asm.obj</name>
      </input_file>
      <input_file id="fl-5b">
         <path>C:\ti\ccs1220\ccs\tools\compiler\ti-cgt-msp430_21.6.1.LTS\lib\</path>
         <kind>archive</kind>
         <file>rts430x_lc_rd_eabi.lib</file>
         <name>mult64_f5hw.asm.obj</name>
      </input_file>
      <input_file id="fl-5c">
         <path>C:\ti\ccs1220\ccs\tools\compiler\ti-cgt-msp430_21.6.1.LTS\lib\</path>
         <kind>archive</kind>
         <file>rts430x_lc_rd_eabi.lib</file>
         <name>mult1632_f5hw.asm.obj</name>
      </input_file>
      <input_file id="fl-5d">
         <path>C:\ti\ccs1220\ccs\tools\compiler\ti-cgt-msp430_21.6.1.LTS\lib\</path>
         <kind>archive</kind>
         <file>rts430x_lc_rd_eabi.lib</file>
         <name>mult3264_f5hw.asm.obj</name>
      </input_file>
      <input_file id="fl-5e">
         <path>C:\ti\ccs1220\ccs\tools\compiler\ti-cgt-msp430_21.6.1.LTS\lib\</path>
         <kind>archive</kind>
         <file>rts430x_lc_rd_eabi.lib</file>
         <name>lsl32.asm.obj</name>
      </input_file>
      <input_file id="fl-5f">
         <path>C:\ti\ccs1220\ccs\tools\compiler\ti-cgt-msp430_21.6.1.LTS\lib\</path>
         <kind>archive</kind>
         <file>rts430x_lc_rd_eabi.lib</file>
         <name>asr32.asm.obj</name>
      </input_file>
      <input_file id="fl-60">
         <path>C:\ti\ccs1220\ccs\tools\compiler\ti-cgt-msp430_21.6.1.LTS\lib\</path>
         <kind>archive</kind>
         <file>rts430x_lc_rd_eabi.lib</file>
         <name>boot.c.obj</name>
      </input_file>
      <input_file id="fl-61">
         <path>C:\ti\ccs1220\ccs\ccs_base\msp430\lib\FR59xx\</path>
         <kind>archive</kind>
         <file>MSPMPU_INIT_LIB_CCS_msp430_large_code_restricted_data.lib</file>
         <name>mpu_init.o</name>
      </input_file>
      <input_file id="fl-62">
         <path>C:\ti\ccs1220\ccs\tools\compiler\ti-cgt-msp430_21.6.1.LTS\lib\</path>
         <kind>archive</kind>
         <file>rts430x_lc_rd_eabi.lib</file>
         <name>args_main.c.obj</name>
      </input_file>
      <input_file id="fl-63">
         <path>C:\ti\ccs1220\ccs\tools\compiler\ti-cgt-msp430_21.6.1.LTS\lib\</path>
         <kind>archive</kind>
         <file>rts430x_lc_rd_eabi.lib</file>
         <name>autoinit.c.obj</name>
      </input_file>
      <input_file id="fl-64">
         <path>C:\ti\ccs1220\ccs\tools\compiler\ti-cgt-msp430_21.6.1.LTS\lib\</path>
         <kind>archive</kind>
         <file>rts430x_lc_rd_eabi.lib</file>
         <name>startup.c.obj</name>
      </input_file>
      <input_file id="fl-65">
         <path>C:\ti\ccs1220\ccs\tools\compiler\ti-cgt-msp430_21.6.1.LTS\lib\</path>
         <kind>archive</kind>
         <file>rts430x_lc_rd_eabi.lib</file>
         <name>pre_init.c.obj</name>
      </input_file>
      <input_file id="fl-66">
         <path>C:\ti\ccs1220\ccs\tools\compiler\ti-cgt-msp430_21.6.1.LTS\lib\</path>
         <kind>archive</kind>
         <file>rts430x_lc_rd_eabi.lib</file>
         <name>cpy_tbl.c.obj</name>
      </input_file>
      <input_file id="fl-67">
         <path>C:\ti\ccs1220\ccs\tools\compiler\ti-cgt-msp430_21.6.1.LTS\lib\</path>
         <kind>archive</kind>
         <file>rts430x_lc_rd_eabi.lib</file>
         <name>mult16.asm.obj</name>
      </input_file>
      <input_file id="fl-68">
         <path>C:\ti\ccs1220\ccs\tools\compiler\ti-cgt-msp430_21.6.1.LTS\lib\</path>
         <kind>archive</kind>
         <file>rts430x_lc_rd_eabi.lib</file>
         <name>exit.c.obj</name>
      </input_file>
      <input_file id="fl-69">
         <path>C:\ti\ccs1220\ccs\tools\compiler\ti-cgt-msp430_21.6.1.LTS\lib\</path>
         <kind>archive</kind>
         <file>rts430x_lc_rd_eabi.lib</file>
         <name>exit_gvars.c.obj</name>
      </input_file>
      <input_file id="fl-6a">
         <path>C:\ti\ccs1220\ccs\tools\compiler\ti-cgt-msp430_21.6.1.LTS\lib\</path>
         <kind>archive</kind>
         <file>rts430x_lc_rd_eabi.lib</file>
         <name>_lock.c.obj</name>
      </input_file>
      <input_file id="fl-6b">
         <path>C:\ti\ccs1220\ccs\tools\compiler\ti-cgt-msp430_21.6.1.LTS\lib\</path>
         <kind>archive</kind>
         <file>rts430x_lc_rd_eabi.lib</file>
         <name>memcpy.c.obj</name>
      </input_file>
      <input_file id="fl-6c">
         <path>C:\ti\ccs1220\ccs\tools\compiler\ti-cgt-msp430_21.6.1.LTS\lib\</path>
         <kind>archive</kind>
         <file>rts430x_lc_rd_eabi.lib</file>
         <name>sprintf.c.obj</name>
      </input_file>
      <input_file id="fl-6d">
         <path>C:\ti\ccs1220\ccs\tools\compiler\ti-cgt-msp430_21.6.1.LTS\lib\</path>
         <kind>archive</kind>
         <file>rts430x_lc_rd_eabi.lib</file>
         <name>_printfi.c.obj</name>
      </input_file>
      <input_file id="fl-6e">
         <path>C:\ti\ccs1220\ccs\tools\compiler\ti-cgt-msp430_21.6.1.LTS\lib\</path>
         <kind>archive</kind>
         <file>rts430x_lc_rd_eabi.lib</file>
         <name>_ltoa.c.obj</name>
      </input_file>
      <input_file id="fl-6f">
         <path>C:\ti\ccs1220\ccs\tools\compiler\ti-cgt-msp430_21.6.1.LTS\lib\</path>
         <kind>archive</kind>
         <file>rts430x_lc_rd_eabi.lib</file>
         <name>cmpd.c.obj</name>
      </input_file>
      <input_file id="fl-70">
         <path>C:\ti\ccs1220\ccs\tools\compiler\ti-cgt-msp430_21.6.1.LTS\lib\</path>
         <kind>archive</kind>
         <file>rts430x_lc_rd_eabi.lib</file>
         <name>divd.c.obj</name>
      </input_file>
      <input_file id="fl-71">
         <path>C:\ti\ccs1220\ccs\tools\compiler\ti-cgt-msp430_21.6.1.LTS\lib\</path>
         <kind>archive</kind>
         <file>rts430x_lc_rd_eabi.lib</file>
         <name>frcdivd.c.obj</name>
      </input_file>
      <input_file id="fl-72">
         <path>C:\ti\ccs1220\ccs\tools\compiler\ti-cgt-msp430_21.6.1.LTS\lib\</path>
         <kind>archive</kind>
         <file>rts430x_lc_rd_eabi.lib</file>
         <name>div64u.c.obj</name>
      </input_file>
      <input_file id="fl-73">
         <path>C:\ti\ccs1220\ccs\tools\compiler\ti-cgt-msp430_21.6.1.LTS\lib\</path>
         <kind>archive</kind>
         <file>rts430x_lc_rd_eabi.lib</file>
         <name>fixdi.c.obj</name>
      </input_file>
      <input_file id="fl-74">
         <path>C:\ti\ccs1220\ccs\tools\compiler\ti-cgt-msp430_21.6.1.LTS\lib\</path>
         <kind>archive</kind>
         <file>rts430x_lc_rd_eabi.lib</file>
         <name>fixdli.c.obj</name>
      </input_file>
      <input_file id="fl-75">
         <path>C:\ti\ccs1220\ccs\tools\compiler\ti-cgt-msp430_21.6.1.LTS\lib\</path>
         <kind>archive</kind>
         <file>rts430x_lc_rd_eabi.lib</file>
         <name>fltid.c.obj</name>
      </input_file>
      <input_file id="fl-76">
         <path>C:\ti\ccs1220\ccs\tools\compiler\ti-cgt-msp430_21.6.1.LTS\lib\</path>
         <kind>archive</kind>
         <file>rts430x_lc_rd_eabi.lib</file>
         <name>fltlid.c.obj</name>
      </input_file>
      <input_file id="fl-77">
         <path>C:\ti\ccs1220\ccs\tools\compiler\ti-cgt-msp430_21.6.1.LTS\lib\</path>
         <kind>archive</kind>
         <file>rts430x_lc_rd_eabi.lib</file>
         <name>mpyd.c.obj</name>
      </input_file>
      <input_file id="fl-78">
         <path>C:\ti\ccs1220\ccs\tools\compiler\ti-cgt-msp430_21.6.1.LTS\lib\</path>
         <kind>archive</kind>
         <file>rts430x_lc_rd_eabi.lib</file>
         <name>frcmpyd.c.obj</name>
      </input_file>
      <input_file id="fl-79">
         <path>C:\ti\ccs1220\ccs\tools\compiler\ti-cgt-msp430_21.6.1.LTS\lib\</path>
         <kind>archive</kind>
         <file>rts430x_lc_rd_eabi.lib</file>
         <name>mult32.asm.obj</name>
      </input_file>
      <input_file id="fl-7a">
         <path>C:\ti\ccs1220\ccs\tools\compiler\ti-cgt-msp430_21.6.1.LTS\lib\</path>
         <kind>archive</kind>
         <file>rts430x_lc_rd_eabi.lib</file>
         <name>mult64.asm.obj</name>
      </input_file>
      <input_file id="fl-7b">
         <path>C:\ti\ccs1220\ccs\tools\compiler\ti-cgt-msp430_21.6.1.LTS\lib\</path>
         <kind>archive</kind>
         <file>rts430x_lc_rd_eabi.lib</file>
         <name>mult1632.asm.obj</name>
      </input_file>
      <input_file id="fl-7c">
         <path>C:\ti\ccs1220\ccs\tools\compiler\ti-cgt-msp430_21.6.1.LTS\lib\</path>
         <kind>archive</kind>
         <file>rts430x_lc_rd_eabi.lib</file>
         <name>mult3264.asm.obj</name>
      </input_file>
      <input_file id="fl-7d">
         <path>C:\ti\ccs1220\ccs\tools\compiler\ti-cgt-msp430_21.6.1.LTS\lib\</path>
         <kind>archive</kind>
         <file>rts430x_lc_rd_eabi.lib</file>
         <name>negd.c.obj</name>
      </input_file>
      <input_file id="fl-7e">
         <path>C:\ti\ccs1220\ccs\tools\compiler\ti-cgt-msp430_21.6.1.LTS\lib\</path>
         <kind>archive</kind>
         <file>rts430x_lc_rd_eabi.lib</file>
         <name>lsl64.c.obj</name>
      </input_file>
      <input_file id="fl-7f">
         <path>C:\ti\ccs1220\ccs\tools\compiler\ti-cgt-msp430_21.6.1.LTS\lib\</path>
         <kind>archive</kind>
         <file>rts430x_lc_rd_eabi.lib</file>
         <name>lsr32.asm.obj</name>
      </input_file>
      <input_file id="fl-80">
         <path>C:\ti\ccs1220\ccs\tools\compiler\ti-cgt-msp430_21.6.1.LTS\lib\</path>
         <kind>archive</kind>
         <file>rts430x_lc_rd_eabi.lib</file>
         <name>lsr64.c.obj</name>
      </input_file>
      <input_file id="fl-81">
         <path>C:\ti\ccs1220\ccs\tools\compiler\ti-cgt-msp430_21.6.1.LTS\lib\</path>
         <kind>archive</kind>
         <file>rts430x_lc_rd_eabi.lib</file>
         <name>subd.c.obj</name>
      </input_file>
      <input_file id="fl-82">
         <path>C:\ti\ccs1220\ccs\tools\compiler\ti-cgt-msp430_21.6.1.LTS\lib\</path>
         <kind>archive</kind>
         <file>rts430x_lc_rd_eabi.lib</file>
         <name>addd.c.obj</name>
      </input_file>
      <input_file id="fl-83">
         <path>C:\ti\ccs1220\ccs\tools\compiler\ti-cgt-msp430_21.6.1.LTS\lib\</path>
         <kind>archive</kind>
         <file>rts430x_lc_rd_eabi.lib</file>
         <name>asr64.c.obj</name>
      </input_file>
      <input_file id="fl-84">
         <path>C:\ti\ccs1220\ccs\tools\compiler\ti-cgt-msp430_21.6.1.LTS\lib\</path>
         <kind>archive</kind>
         <file>rts430x_lc_rd_eabi.lib</file>
         <name>abs.c.obj</name>
      </input_file>
      <input_file id="fl-85">
         <path>C:\ti\ccs1220\ccs\tools\compiler\ti-cgt-msp430_21.6.1.LTS\lib\</path>
         <kind>archive</kind>
         <file>rts430x_lc_rd_eabi.lib</file>
         <name>atoi.c.obj</name>
      </input_file>
      <input_file id="fl-86">
         <path>C:\ti\ccs1220\ccs\tools\compiler\ti-cgt-msp430_21.6.1.LTS\lib\</path>
         <kind>archive</kind>
         <file>rts430x_lc_rd_eabi.lib</file>
         <name>ctype.c.obj</name>
      </input_file>
      <input_file id="fl-87">
         <path>C:\ti\ccs1220\ccs\tools\compiler\ti-cgt-msp430_21.6.1.LTS\lib\</path>
         <kind>archive</kind>
         <file>rts430x_lc_rd_eabi.lib</file>
         <name>errno.c.obj</name>
      </input_file>
      <input_file id="fl-88">
         <path>C:\ti\ccs1220\ccs\tools\compiler\ti-cgt-msp430_21.6.1.LTS\lib\</path>
         <kind>archive</kind>
         <file>rts430x_lc_rd_eabi.lib</file>
         <name>s_frexp.c.obj</name>
      </input_file>
      <input_file id="fl-89">
         <path>C:\ti\ccs1220\ccs\tools\compiler\ti-cgt-msp430_21.6.1.LTS\lib\</path>
         <kind>archive</kind>
         <file>rts430x_lc_rd_eabi.lib</file>
         <name>s_scalbn.c.obj</name>
      </input_file>
      <input_file id="fl-8a">
         <path>C:\ti\ccs1220\ccs\tools\compiler\ti-cgt-msp430_21.6.1.LTS\lib\</path>
         <kind>archive</kind>
         <file>rts430x_lc_rd_eabi.lib</file>
         <name>s_copysign.c.obj</name>
      </input_file>
      <input_file id="fl-8b">
         <path>C:\ti\ccs1220\ccs\tools\compiler\ti-cgt-msp430_21.6.1.LTS\lib\</path>
         <kind>archive</kind>
         <file>rts430x_lc_rd_eabi.lib</file>
         <name>memccpy.c.obj</name>
      </input_file>
      <input_file id="fl-8c">
         <path>C:\ti\ccs1220\ccs\tools\compiler\ti-cgt-msp430_21.6.1.LTS\lib\</path>
         <kind>archive</kind>
         <file>rts430x_lc_rd_eabi.lib</file>
         <name>memset.c.obj</name>
      </input_file>
      <input_file id="fl-8d">
         <path>C:\ti\ccs1220\ccs\tools\compiler\ti-cgt-msp430_21.6.1.LTS\lib\</path>
         <kind>archive</kind>
         <file>rts430x_lc_rd_eabi.lib</file>
         <name>strchr.c.obj</name>
      </input_file>
      <input_file id="fl-8e">
         <path>C:\ti\ccs1220\ccs\tools\compiler\ti-cgt-msp430_21.6.1.LTS\lib\</path>
         <kind>archive</kind>
         <file>rts430x_lc_rd_eabi.lib</file>
         <name>strlen.c.obj</name>
      </input_file>
      <input_file id="fl-8f">
         <path>C:\ti\ccs1220\ccs\tools\compiler\ti-cgt-msp430_21.6.1.LTS\lib\</path>
         <kind>archive</kind>
         <file>rts430x_lc_rd_eabi.lib</file>
         <name>toupper.c.obj</name>
      </input_file>
      <input_file id="fl-90">
         <path>C:\ti\ccs1220\ccs\tools\compiler\ti-cgt-msp430_21.6.1.LTS\lib\</path>
         <kind>archive</kind>
         <file>rts430x_lc_rd_eabi.lib</file>
         <name>wcslen.c.obj</name>
      </input_file>
   </input_file_list>
   <object_component_list>
      <object_component id="oc-c7c">
         <name>.cinit..data.load</name>
         <load_address>0x42c8</load_address>
         <run_address>0x42c8</run_address>
         <size>0x13</size>
      </object_component>
      <object_component id="oc-c79">
         <name>__TI_handler_table</name>
         <load_address>0x42dc</load_address>
         <run_address>0x42dc</run_address>
         <size>0xc</size>
      </object_component>
      <object_component id="oc-c7b">
         <name>.cinit..bss.load</name>
         <load_address>0x42e8</load_address>
         <run_address>0x42e8</run_address>
         <size>0x6</size>
      </object_component>
      <object_component id="oc-c7a">
         <name>__TI_cinit_table</name>
         <load_address>0x42ee</load_address>
         <run_address>0x42ee</run_address>
         <size>0x10</size>
      </object_component>
      <object_component id="oc-c06">
         <name>.binit</name>
         <load_address>0x4000</load_address>
         <run_address>0x4000</run_address>
         <size>0x0</size>
      </object_component>
      <object_component id="oc-723">
         <name>.text:_isr:_c_int00_noargs_mpu</name>
         <load_address>0x4000</load_address>
         <run_address>0x4000</run_address>
         <size>0x20</size>
         <input_file_ref idref="fl-60"/>
      </object_component>
      <object_component id="oc-6ed">
         <name>.text:_isr:_Z11USCI_B0_ISRv</name>
         <load_address>0x4020</load_address>
         <run_address>0x4020</run_address>
         <size>0x18</size>
         <input_file_ref idref="fl-5"/>
      </object_component>
      <object_component id="oc-6f3">
         <name>.text:_isr:_Z6uartA0v</name>
         <load_address>0x4038</load_address>
         <run_address>0x4038</run_address>
         <size>0x18</size>
         <input_file_ref idref="fl-8"/>
      </object_component>
      <object_component id="oc-6e7">
         <name>.text:_isr:_Z10millis_isrv</name>
         <load_address>0x4050</load_address>
         <run_address>0x4050</run_address>
         <size>0xa</size>
         <input_file_ref idref="fl-3"/>
      </object_component>
      <object_component id="oc-6e2">
         <name>.text:_isr:__TI_ISR_TRAP</name>
         <load_address>0x405a</load_address>
         <run_address>0x405a</run_address>
         <size>0x8</size>
         <input_file_ref idref="fl-32"/>
      </object_component>
      <object_component id="oc-a80">
         <name>.const:.string:_ctypes_</name>
         <load_address>0x4062</load_address>
         <run_address>0x4062</run_address>
         <size>0x101</size>
         <input_file_ref idref="fl-86"/>
      </object_component>
      <object_component id="oc-8ac">
         <name>.const:.string:uch_spo2_table</name>
         <load_address>0x4164</load_address>
         <run_address>0x4164</run_address>
         <size>0xb8</size>
         <input_file_ref idref="fl-2"/>
      </object_component>
      <object_component id="oc-810">
         <name>.const:.string</name>
         <load_address>0x421c</load_address>
         <run_address>0x421c</run_address>
         <size>0x68</size>
         <input_file_ref idref="fl-6"/>
      </object_component>
      <object_component id="oc-a2d">
         <name>.const:.string</name>
         <load_address>0x4284</load_address>
         <run_address>0x4284</run_address>
         <size>0x26</size>
         <input_file_ref idref="fl-6d"/>
      </object_component>
      <object_component id="oc-87d">
         <name>.const:$P$T0$1</name>
         <load_address>0x42aa</load_address>
         <run_address>0x42aa</run_address>
         <size>0x1c</size>
         <input_file_ref idref="fl-7"/>
      </object_component>
      <object_component id="oc-890">
         <name>.const:$P$T1$2</name>
         <load_address>0x42c6</load_address>
         <run_address>0x42c6</run_address>
         <size>0x2</size>
         <input_file_ref idref="fl-7"/>
      </object_component>
      <object_component id="oc-801">
         <name>.text:_Z38maxim_heart_rate_and_oxygen_saturationPmlS_PlPaS0_S1_S0_S0_bb</name>
         <load_address>0x10000</load_address>
         <run_address>0x10000</run_address>
         <size>0x8a6</size>
         <input_file_ref idref="fl-2"/>
      </object_component>
      <object_component id="oc-bba">
         <name>.text:__mspabi_addd</name>
         <load_address>0x108a6</load_address>
         <run_address>0x108a6</run_address>
         <size>0x72a</size>
         <input_file_ref idref="fl-82"/>
      </object_component>
      <object_component id="oc-b85">
         <name>.text:__TI_frcdivd</name>
         <load_address>0x10fd0</load_address>
         <run_address>0x10fd0</run_address>
         <size>0x468</size>
         <input_file_ref idref="fl-71"/>
      </object_component>
      <object_component id="oc-76e">
         <name>.text:main</name>
         <load_address>0x11438</load_address>
         <run_address>0x11438</run_address>
         <size>0x42c</size>
         <input_file_ref idref="fl-6"/>
      </object_component>
      <object_component id="oc-ae4">
         <name>.text:__mspabi_divull</name>
         <load_address>0x11864</load_address>
         <run_address>0x11864</run_address>
         <size>0x34e</size>
         <input_file_ref idref="fl-72"/>
      </object_component>
      <object_component id="oc-969">
         <name>.text:__TI_printfi:__TI_printfi</name>
         <load_address>0x11bb2</load_address>
         <run_address>0x11bb2</run_address>
         <size>0x2a6</size>
         <input_file_ref idref="fl-6d"/>
      </object_component>
      <object_component id="oc-b1d">
         <name>.text:__mspabi_mpyd</name>
         <load_address>0x11e58</load_address>
         <run_address>0x11e58</run_address>
         <size>0x292</size>
         <input_file_ref idref="fl-77"/>
      </object_component>
      <object_component id="oc-9f7">
         <name>.text:__TI_printfi:_setfield___TI_printfi</name>
         <load_address>0x120ea</load_address>
         <run_address>0x120ea</run_address>
         <size>0x27a</size>
         <input_file_ref idref="fl-6d"/>
      </object_component>
      <object_component id="oc-a68">
         <name>.text:_pproc_fgea</name>
         <load_address>0x12364</load_address>
         <run_address>0x12364</run_address>
         <size>0x268</size>
         <input_file_ref idref="fl-6d"/>
      </object_component>
      <object_component id="oc-947">
         <name>.text:_Z28maxim_peaks_above_min_heightPlS_S_ll</name>
         <load_address>0x125cc</load_address>
         <run_address>0x125cc</run_address>
         <size>0x234</size>
         <input_file_ref idref="fl-2"/>
      </object_component>
      <object_component id="oc-b30">
         <name>.text:acvt</name>
         <load_address>0x12800</load_address>
         <run_address>0x12800</run_address>
         <size>0x224</size>
         <input_file_ref idref="fl-6d"/>
      </object_component>
      <object_component id="oc-b23">
         <name>.text:__mspabi_divd</name>
         <load_address>0x12a24</load_address>
         <run_address>0x12a24</run_address>
         <size>0x21c</size>
         <input_file_ref idref="fl-70"/>
      </object_component>
      <object_component id="oc-a9b">
         <name>.text:__TI_printfi:_getarg_diouxp___TI_printfi</name>
         <load_address>0x12c40</load_address>
         <run_address>0x12c40</run_address>
         <size>0x206</size>
         <input_file_ref idref="fl-6d"/>
      </object_component>
      <object_component id="oc-afd">
         <name>.text:ecvt</name>
         <load_address>0x12e46</load_address>
         <run_address>0x12e46</run_address>
         <size>0x1e6</size>
         <input_file_ref idref="fl-6d"/>
      </object_component>
      <object_component id="oc-9b8">
         <name>.text:_Z26maxim_sort_indices_descendPlS_l</name>
         <load_address>0x1302c</load_address>
         <run_address>0x1302c</run_address>
         <size>0x1d2</size>
         <input_file_ref idref="fl-2"/>
      </object_component>
      <object_component id="oc-b10">
         <name>.text:fcvt</name>
         <load_address>0x131fe</load_address>
         <run_address>0x131fe</run_address>
         <size>0x1c8</size>
         <input_file_ref idref="fl-6d"/>
      </object_component>
      <object_component id="oc-ac0">
         <name>.text:_pconv_e</name>
         <load_address>0x133c6</load_address>
         <run_address>0x133c6</run_address>
         <size>0x1a2</size>
         <input_file_ref idref="fl-6d"/>
      </object_component>
      <object_component id="oc-8b4">
         <name>.text:_Z17maxim_sort_ascendPll</name>
         <load_address>0x13568</load_address>
         <run_address>0x13568</run_address>
         <size>0x182</size>
         <input_file_ref idref="fl-2"/>
      </object_component>
      <object_component id="oc-90e">
         <name>.text:_system_post_cinit</name>
         <load_address>0x136ea</load_address>
         <run_address>0x136ea</run_address>
         <size>0x2</size>
         <input_file_ref idref="fl-64"/>
      </object_component>
      <object_component id="oc-74b">
         <name>.text:_Z11dummy_startv</name>
         <load_address>0x136ec</load_address>
         <run_address>0x136ec</run_address>
         <size>0x17e</size>
         <input_file_ref idref="fl-5"/>
      </object_component>
      <object_component id="oc-ac6">
         <name>.text:_pconv_a</name>
         <load_address>0x1386a</load_address>
         <run_address>0x1386a</run_address>
         <size>0x170</size>
         <input_file_ref idref="fl-6d"/>
      </object_component>
      <object_component id="oc-b7d">
         <name>.text:__TI_frcmpyd</name>
         <load_address>0x139da</load_address>
         <run_address>0x139da</run_address>
         <size>0x164</size>
         <input_file_ref idref="fl-78"/>
      </object_component>
      <object_component id="oc-b94">
         <name>.text:scalbn</name>
         <load_address>0x13b3e</load_address>
         <run_address>0x13b3e</run_address>
         <size>0x15a</size>
         <input_file_ref idref="fl-89"/>
      </object_component>
      <object_component id="oc-a62">
         <name>.text:__TI_printfi:_pproc_diouxp___TI_printfi</name>
         <load_address>0x13c98</load_address>
         <run_address>0x13c98</run_address>
         <size>0x148</size>
         <input_file_ref idref="fl-6d"/>
      </object_component>
      <object_component id="oc-aa1">
         <name>.text:__TI_printfi:_ltostr___TI_printfi</name>
         <load_address>0x13de0</load_address>
         <run_address>0x13de0</run_address>
         <size>0x128</size>
         <input_file_ref idref="fl-6d"/>
      </object_component>
      <object_component id="oc-94d">
         <name>.text:_Z24maxim_remove_close_peaksPlS_S_l</name>
         <load_address>0x13f08</load_address>
         <run_address>0x13f08</run_address>
         <size>0x120</size>
         <input_file_ref idref="fl-2"/>
      </object_component>
      <object_component id="oc-7ce">
         <name>.text:_Z19maxim_max30102_initv</name>
         <load_address>0x14028</load_address>
         <run_address>0x14028</run_address>
         <size>0xfc</size>
         <input_file_ref idref="fl-7"/>
      </object_component>
      <object_component id="oc-ab4">
         <name>.text:_pconv_g</name>
         <load_address>0x14124</load_address>
         <run_address>0x14124</run_address>
         <size>0xfc</size>
         <input_file_ref idref="fl-6d"/>
      </object_component>
      <object_component id="oc-9f1">
         <name>.text:__TI_printfi:_pproc_fwp___TI_printfi</name>
         <load_address>0x14220</load_address>
         <run_address>0x14220</run_address>
         <size>0xea</size>
         <input_file_ref idref="fl-6d"/>
      </object_component>
      <object_component id="oc-acc">
         <name>.text:__mspabi_cmpd</name>
         <load_address>0x1430a</load_address>
         <run_address>0x1430a</run_address>
         <size>0xd8</size>
         <input_file_ref idref="fl-6f"/>
      </object_component>
      <object_component id="oc-a03">
         <name>.text:__TI_printfi:_pproc_wstr___TI_printfi</name>
         <load_address>0x143e2</load_address>
         <run_address>0x143e2</run_address>
         <size>0xc8</size>
         <input_file_ref idref="fl-6d"/>
      </object_component>
      <object_component id="oc-81e">
         <name>.text:_Z5checkv</name>
         <load_address>0x144ac</load_address>
         <run_address>0x144ac</run_address>
         <size>0xbc</size>
         <input_file_ref idref="fl-7"/>
      </object_component>
      <object_component id="oc-9fd">
         <name>.text:__TI_printfi:_pproc_str___TI_printfi</name>
         <load_address>0x14568</load_address>
         <run_address>0x14568</run_address>
         <size>0xa6</size>
         <input_file_ref idref="fl-6d"/>
      </object_component>
      <object_component id="oc-b2a">
         <name>.text:frexp</name>
         <load_address>0x1460e</load_address>
         <run_address>0x1460e</run_address>
         <size>0xa6</size>
         <input_file_ref idref="fl-88"/>
      </object_component>
      <object_component id="oc-b60">
         <name>.text:__mspabi_fltlid</name>
         <load_address>0x146b4</load_address>
         <run_address>0x146b4</run_address>
         <size>0x9e</size>
         <input_file_ref idref="fl-76"/>
      </object_component>
      <object_component id="oc-b03">
         <name>.text:_ecpy</name>
         <load_address>0x14752</load_address>
         <run_address>0x14752</run_address>
         <size>0x90</size>
         <input_file_ref idref="fl-6d"/>
      </object_component>
      <object_component id="oc-b09">
         <name>.text:_mcpy</name>
         <load_address>0x147e2</load_address>
         <run_address>0x147e2</run_address>
         <size>0x90</size>
         <input_file_ref idref="fl-6d"/>
      </object_component>
      <object_component id="oc-b5a">
         <name>.text:__TI_ltoa</name>
         <load_address>0x14872</load_address>
         <run_address>0x14872</run_address>
         <size>0x80</size>
         <input_file_ref idref="fl-6e"/>
      </object_component>
      <object_component id="oc-aba">
         <name>.text:_pconv_f</name>
         <load_address>0x148f2</load_address>
         <run_address>0x148f2</run_address>
         <size>0x78</size>
         <input_file_ref idref="fl-6d"/>
      </object_component>
      <object_component id="oc-84">
         <name>.text:decompress:lzss:__TI_decompress_lzss</name>
         <load_address>0x1496a</load_address>
         <run_address>0x1496a</run_address>
         <size>0x76</size>
         <input_file_ref idref="fl-2f"/>
      </object_component>
      <object_component id="oc-b54">
         <name>.text:__mspabi_fixdli</name>
         <load_address>0x149e0</load_address>
         <run_address>0x149e0</run_address>
         <size>0x66</size>
         <input_file_ref idref="fl-74"/>
      </object_component>
      <object_component id="oc-a48">
         <name>.text:atoi</name>
         <load_address>0x14a46</load_address>
         <run_address>0x14a46</run_address>
         <size>0x62</size>
         <input_file_ref idref="fl-85"/>
      </object_component>
      <object_component id="oc-8a3">
         <name>.text:_Z16maxim_find_peaksPlS_S_llll</name>
         <load_address>0x14aa8</load_address>
         <run_address>0x14aa8</run_address>
         <size>0x60</size>
         <input_file_ref idref="fl-2"/>
      </object_component>
      <object_component id="oc-bc3">
         <name>.text:__mpyll</name>
         <load_address>0x14b08</load_address>
         <run_address>0x14b08</run_address>
         <size>0x5c</size>
         <input_file_ref idref="fl-5b"/>
      </object_component>
      <object_component id="oc-896">
         <name>.text</name>
         <load_address>0x14b64</load_address>
         <run_address>0x14b64</run_address>
         <size>0x58</size>
         <input_file_ref idref="fl-58"/>
      </object_component>
      <object_component id="oc-849">
         <name>.text:__TI_auto_init_nobinit_nopinit_hold_wdt:__TI_auto_init_nobinit_nopinit_hold_wdt</name>
         <load_address>0x14bbc</load_address>
         <run_address>0x14bbc</run_address>
         <size>0x54</size>
         <input_file_ref idref="fl-63"/>
      </object_component>
      <object_component id="oc-b16">
         <name>.text:_fcpy</name>
         <load_address>0x14c10</load_address>
         <run_address>0x14c10</run_address>
         <size>0x4e</size>
         <input_file_ref idref="fl-6d"/>
      </object_component>
      <object_component id="oc-7c2">
         <name>.text:_Z7initI2Cv</name>
         <load_address>0x14c60</load_address>
         <run_address>0x14c60</run_address>
         <size>0x4a</size>
         <input_file_ref idref="fl-5"/>
      </object_component>
      <object_component id="oc-7bc">
         <name>.text:_Z7initTMRv</name>
         <load_address>0x14cac</load_address>
         <run_address>0x14cac</run_address>
         <size>0x44</size>
         <input_file_ref idref="fl-3"/>
      </object_component>
      <object_component id="oc-982">
         <name>.text:_Z9i2c_read2Phji</name>
         <load_address>0x14cf0</load_address>
         <run_address>0x14cf0</run_address>
         <size>0x44</size>
         <input_file_ref idref="fl-5"/>
      </object_component>
      <object_component id="oc-812">
         <name>.text:sprintf</name>
         <load_address>0x14d34</load_address>
         <run_address>0x14d34</run_address>
         <size>0x44</size>
         <input_file_ref idref="fl-6c"/>
      </object_component>
      <object_component id="oc-bf1">
         <name>.text:__mspabi_srall</name>
         <load_address>0x14d78</load_address>
         <run_address>0x14d78</run_address>
         <size>0x40</size>
         <input_file_ref idref="fl-83"/>
      </object_component>
      <object_component id="oc-89e">
         <name>.text</name>
         <load_address>0x14db8</load_address>
         <run_address>0x14db8</run_address>
         <size>0x40</size>
         <input_file_ref idref="fl-56"/>
      </object_component>
      <object_component id="oc-8af">
         <name>.text:l_asr_const</name>
         <load_address>0x14df8</load_address>
         <run_address>0x14df8</run_address>
         <size>0x3e</size>
         <input_file_ref idref="fl-5f"/>
      </object_component>
      <object_component id="oc-bab">
         <name>.text:l_lsl_const</name>
         <load_address>0x14e36</load_address>
         <run_address>0x14e36</run_address>
         <size>0x3e</size>
         <input_file_ref idref="fl-5e"/>
      </object_component>
      <object_component id="oc-bb3">
         <name>.text:l_lsr_const</name>
         <load_address>0x14e74</load_address>
         <run_address>0x14e74</run_address>
         <size>0x3e</size>
         <input_file_ref idref="fl-7f"/>
      </object_component>
      <object_component id="oc-8f5">
         <name>.text:_Z14readThreeBytesi</name>
         <load_address>0x14eb4</load_address>
         <run_address>0x14eb4</run_address>
         <size>0x3a</size>
         <input_file_ref idref="fl-7"/>
      </object_component>
      <object_component id="oc-b44">
         <name>.text:__mspabi_sllll</name>
         <load_address>0x14eee</load_address>
         <run_address>0x14eee</run_address>
         <size>0x3a</size>
         <input_file_ref idref="fl-7e"/>
      </object_component>
      <object_component id="oc-aea">
         <name>.text:__mspabi_srlll</name>
         <load_address>0x14f28</load_address>
         <run_address>0x14f28</run_address>
         <size>0x3a</size>
         <input_file_ref idref="fl-80"/>
      </object_component>
      <object_component id="oc-b66">
         <name>.text:__mspabi_subd</name>
         <load_address>0x14f62</load_address>
         <run_address>0x14f62</run_address>
         <size>0x32</size>
         <input_file_ref idref="fl-81"/>
      </object_component>
      <object_component id="oc-8e3">
         <name>.text:_Z9i2c_starthj</name>
         <load_address>0x14f94</load_address>
         <run_address>0x14f94</run_address>
         <size>0x30</size>
         <input_file_ref idref="fl-5"/>
      </object_component>
      <object_component id="oc-aae">
         <name>.text:__mspabi_negd</name>
         <load_address>0x14fc4</load_address>
         <run_address>0x14fc4</run_address>
         <size>0x2e</size>
         <input_file_ref idref="fl-7d"/>
      </object_component>
      <object_component id="oc-be0">
         <name>.text:copysign</name>
         <load_address>0x14ff2</load_address>
         <run_address>0x14ff2</run_address>
         <size>0x2e</size>
         <input_file_ref idref="fl-8a"/>
      </object_component>
      <object_component id="oc-7b6">
         <name>.text:_Z11configClockv</name>
         <load_address>0x15020</load_address>
         <run_address>0x15020</run_address>
         <size>0x2c</size>
         <input_file_ref idref="fl-3"/>
      </object_component>
      <object_component id="oc-780">
         <name>.text:__mpu_init</name>
         <load_address>0x1504c</load_address>
         <run_address>0x1504c</run_address>
         <size>0x2c</size>
         <input_file_ref idref="fl-61"/>
      </object_component>
      <object_component id="oc-bc8">
         <name>.text:__mpyull</name>
         <load_address>0x15078</load_address>
         <run_address>0x15078</run_address>
         <size>0x2c</size>
         <input_file_ref idref="fl-5d"/>
      </object_component>
      <object_component id="oc-80a">
         <name>.text</name>
         <load_address>0x150a4</load_address>
         <run_address>0x150a4</run_address>
         <size>0x2c</size>
         <input_file_ref idref="fl-55"/>
      </object_component>
      <object_component id="oc-977">
         <name>.text:_Z13readRegister8hh</name>
         <load_address>0x150d0</load_address>
         <run_address>0x150d0</run_address>
         <size>0x2a</size>
         <input_file_ref idref="fl-7"/>
      </object_component>
      <object_component id="oc-7f2">
         <name>.text:_Z23maxim_max30102_shutdownv</name>
         <load_address>0x150fc</load_address>
         <run_address>0x150fc</run_address>
         <size>0x2a</size>
         <input_file_ref idref="fl-7"/>
      </object_component>
      <object_component id="oc-752">
         <name>.text:_Z14uca0ReadStringv</name>
         <load_address>0x15128</load_address>
         <run_address>0x15128</run_address>
         <size>0x28</size>
         <input_file_ref idref="fl-8"/>
      </object_component>
      <object_component id="oc-8ef">
         <name>.text:_Z18i2c_repeated_starthj</name>
         <load_address>0x15150</load_address>
         <run_address>0x15150</run_address>
         <size>0x28</size>
         <input_file_ref idref="fl-5"/>
      </object_component>
      <object_component id="oc-b6c">
         <name>.text:__mspabi_fixdi</name>
         <load_address>0x15178</load_address>
         <run_address>0x15178</run_address>
         <size>0x28</size>
         <input_file_ref idref="fl-73"/>
      </object_component>
      <object_component id="oc-a34">
         <name>.text:memccpy</name>
         <load_address>0x151a0</load_address>
         <run_address>0x151a0</run_address>
         <size>0x26</size>
         <input_file_ref idref="fl-8b"/>
      </object_component>
      <object_component id="oc-7ec">
         <name>.text:_Z10nextSamplev</name>
         <load_address>0x151c8</load_address>
         <run_address>0x151c8</run_address>
         <size>0x24</size>
         <input_file_ref idref="fl-7"/>
      </object_component>
      <object_component id="oc-a0f">
         <name>.text:_Z13i2c_read1bytePh</name>
         <load_address>0x151ec</load_address>
         <run_address>0x151ec</run_address>
         <size>0x24</size>
         <input_file_ref idref="fl-5"/>
      </object_component>
      <object_component id="oc-6ff">
         <name>.text:decompress:ZI:__TI_zero_init</name>
         <load_address>0x15210</load_address>
         <run_address>0x15210</run_address>
         <size>0x24</size>
         <input_file_ref idref="fl-54"/>
      </object_component>
      <object_component id="oc-bd0">
         <name>.text</name>
         <load_address>0x15234</load_address>
         <run_address>0x15234</run_address>
         <size>0x24</size>
         <input_file_ref idref="fl-5a"/>
      </object_component>
      <object_component id="oc-818">
         <name>.text:_Z15uca0WriteStringPc</name>
         <load_address>0x15258</load_address>
         <run_address>0x15258</run_address>
         <size>0x22</size>
         <input_file_ref idref="fl-8"/>
      </object_component>
      <object_component id="oc-876">
         <name>.text:_Z14writeRegister8hhh</name>
         <load_address>0x1527c</load_address>
         <run_address>0x1527c</run_address>
         <size>0x20</size>
         <input_file_ref idref="fl-7"/>
      </object_component>
      <object_component id="oc-8c1">
         <name>.text:_outs</name>
         <load_address>0x1529c</load_address>
         <run_address>0x1529c</run_address>
         <size>0x20</size>
         <input_file_ref idref="fl-6c"/>
      </object_component>
      <object_component id="oc-799">
         <name>.text:_Z12uca0ReadBytev</name>
         <load_address>0x152bc</load_address>
         <run_address>0x152bc</run_address>
         <size>0x1c</size>
         <input_file_ref idref="fl-8"/>
      </object_component>
      <object_component id="oc-8e9">
         <name>.text:_Z9i2c_writeh</name>
         <load_address>0x152d8</load_address>
         <run_address>0x152d8</run_address>
         <size>0x1c</size>
         <input_file_ref idref="fl-5"/>
      </object_component>
      <object_component id="oc-b9a">
         <name>.text:strchr</name>
         <load_address>0x152f4</load_address>
         <run_address>0x152f4</run_address>
         <size>0x1c</size>
         <input_file_ref idref="fl-8d"/>
      </object_component>
      <object_component id="oc-7d8">
         <name>.text:_Z9availablev</name>
         <load_address>0x15310</load_address>
         <run_address>0x15310</run_address>
         <size>0x18</size>
         <input_file_ref idref="fl-7"/>
      </object_component>
      <object_component id="oc-9aa">
         <name>.text</name>
         <load_address>0x15328</load_address>
         <run_address>0x15328</run_address>
         <size>0x18</size>
         <input_file_ref idref="fl-59"/>
      </object_component>
      <object_component id="oc-a27">
         <name>.text:memset</name>
         <load_address>0x15340</load_address>
         <run_address>0x15340</run_address>
         <size>0x16</size>
         <input_file_ref idref="fl-8c"/>
      </object_component>
      <object_component id="oc-8bb">
         <name>.text</name>
         <load_address>0x15356</load_address>
         <run_address>0x15356</run_address>
         <size>0x16</size>
         <input_file_ref idref="fl-57"/>
      </object_component>
      <object_component id="oc-a57">
         <name>.text:wcslen</name>
         <load_address>0x1536c</load_address>
         <run_address>0x1536c</run_address>
         <size>0x16</size>
         <input_file_ref idref="fl-90"/>
      </object_component>
      <object_component id="oc-7de">
         <name>.text:_Z9getFIFOIRv</name>
         <load_address>0x15384</load_address>
         <run_address>0x15384</run_address>
         <size>0x14</size>
         <input_file_ref idref="fl-7"/>
      </object_component>
      <object_component id="oc-8c7">
         <name>.text:_outc</name>
         <load_address>0x15398</load_address>
         <run_address>0x15398</run_address>
         <size>0x14</size>
         <input_file_ref idref="fl-6c"/>
      </object_component>
      <object_component id="oc-6d5">
         <name>.text:memcpy</name>
         <load_address>0x153ac</load_address>
         <run_address>0x153ac</run_address>
         <size>0x14</size>
         <input_file_ref idref="fl-6b"/>
      </object_component>
      <object_component id="oc-8a">
         <name>.text:decompress:none:__TI_decompress_none</name>
         <load_address>0x153c0</load_address>
         <run_address>0x153c0</run_address>
         <size>0x12</size>
         <input_file_ref idref="fl-30"/>
      </object_component>
      <object_component id="oc-aa8">
         <name>.text:toupper</name>
         <load_address>0x153d2</load_address>
         <run_address>0x153d2</run_address>
         <size>0x12</size>
         <input_file_ref idref="fl-8f"/>
      </object_component>
      <object_component id="oc-7e5">
         <name>.text:_Z10getFIFORedv</name>
         <load_address>0x153e4</load_address>
         <run_address>0x153e4</run_address>
         <size>0x10</size>
         <input_file_ref idref="fl-7"/>
      </object_component>
      <object_component id="oc-7c8">
         <name>.text:_Z20maxim_max30102_resetv</name>
         <load_address>0x153f4</load_address>
         <run_address>0x153f4</run_address>
         <size>0x10</size>
         <input_file_ref idref="fl-7"/>
      </object_component>
      <object_component id="oc-b4a">
         <name>.text:l_lsr</name>
         <load_address>0x15404</load_address>
         <run_address>0x15404</run_address>
         <size>0x10</size>
         <input_file_ref idref="fl-7f"/>
      </object_component>
      <object_component id="oc-8d0">
         <name>.text:_Z13uca0WriteBytec</name>
         <load_address>0x15414</load_address>
         <run_address>0x15414</run_address>
         <size>0xe</size>
         <input_file_ref idref="fl-8"/>
      </object_component>
      <object_component id="oc-9bf">
         <name>.text:strlen</name>
         <load_address>0x15422</load_address>
         <run_address>0x15422</run_address>
         <size>0xe</size>
         <input_file_ref idref="fl-8e"/>
      </object_component>
      <object_component id="oc-8d7">
         <name>.text:_Z14getReadPointerv</name>
         <load_address>0x15430</load_address>
         <run_address>0x15430</run_address>
         <size>0xc</size>
         <input_file_ref idref="fl-7"/>
      </object_component>
      <object_component id="oc-931">
         <name>.text:_Z8i2c_stopv</name>
         <load_address>0x1543c</load_address>
         <run_address>0x1543c</run_address>
         <size>0xc</size>
         <input_file_ref idref="fl-5"/>
      </object_component>
      <object_component id="oc-ba0">
         <name>.text:__mspabi_fltid</name>
         <load_address>0x15448</load_address>
         <run_address>0x15448</run_address>
         <size>0xc</size>
         <input_file_ref idref="fl-75"/>
      </object_component>
      <object_component id="oc-8dd">
         <name>.text:_Z15getWritePointerv</name>
         <load_address>0x15454</load_address>
         <run_address>0x15454</run_address>
         <size>0xa</size>
         <input_file_ref idref="fl-7"/>
      </object_component>
      <object_component id="oc-b73">
         <name>.text:abs</name>
         <load_address>0x1545e</load_address>
         <run_address>0x1545e</run_address>
         <size>0xa</size>
         <input_file_ref idref="fl-84"/>
      </object_component>
      <object_component id="oc-825">
         <name>.text:abort</name>
         <load_address>0x15468</load_address>
         <run_address>0x15468</run_address>
         <size>0x6</size>
         <input_file_ref idref="fl-68"/>
      </object_component>
      <object_component id="oc-768">
         <name>.text:_system_pre_init</name>
         <load_address>0x1546e</load_address>
         <run_address>0x1546e</run_address>
         <size>0x4</size>
         <input_file_ref idref="fl-65"/>
      </object_component>
      <object_component id="oc-89b">
         <name>.bss:an_x</name>
         <uninitialized>true</uninitialized>
         <run_address>0x2208</run_address>
         <size>0x190</size>
         <input_file_ref idref="fl-2"/>
      </object_component>
      <object_component id="oc-8a9">
         <name>.bss:an_y</name>
         <uninitialized>true</uninitialized>
         <run_address>0x2398</run_address>
         <size>0x190</size>
         <input_file_ref idref="fl-2"/>
      </object_component>
      <object_component id="oc-798">
         <name>.bss:buffer$1</name>
         <uninitialized>true</uninitialized>
         <run_address>0x2848</run_address>
         <size>0x80</size>
         <input_file_ref idref="fl-8"/>
      </object_component>
      <object_component id="oc-88b">
         <name>.common:sense</name>
         <uninitialized>true</uninitialized>
         <run_address>0x1c00</run_address>
         <size>0x608</size>
      </object_component>
      <object_component id="oc-811">
         <name>.common:string</name>
         <uninitialized>true</uninitialized>
         <run_address>0x28c8</run_address>
         <size>0x64</size>
      </object_component>
      <object_component id="oc-7eb">
         <name>.common:irBuffer</name>
         <uninitialized>true</uninitialized>
         <run_address>0x2528</run_address>
         <size>0x190</size>
      </object_component>
      <object_component id="oc-7e4">
         <name>.common:redBuffer</name>
         <uninitialized>true</uninitialized>
         <run_address>0x26b8</run_address>
         <size>0x190</size>
      </object_component>
      <object_component id="oc-7f8">
         <name>.common:spo2</name>
         <uninitialized>true</uninitialized>
         <run_address>0x294c</run_address>
         <size>0x4</size>
      </object_component>
      <object_component id="oc-7f9">
         <name>.common:validSPO2</name>
         <uninitialized>true</uninitialized>
         <run_address>0x295b</run_address>
         <size>0x1</size>
      </object_component>
      <object_component id="oc-7fa">
         <name>.common:heartRate</name>
         <uninitialized>true</uninitialized>
         <run_address>0x2940</run_address>
         <size>0x4</size>
      </object_component>
      <object_component id="oc-7fb">
         <name>.common:validHeartRate</name>
         <uninitialized>true</uninitialized>
         <run_address>0x295a</run_address>
         <size>0x1</size>
      </object_component>
      <object_component id="oc-7fc">
         <name>.common:sys</name>
         <uninitialized>true</uninitialized>
         <run_address>0x2950</run_address>
         <size>0x4</size>
      </object_component>
      <object_component id="oc-7fd">
         <name>.common:dia</name>
         <uninitialized>true</uninitialized>
         <run_address>0x293c</run_address>
         <size>0x4</size>
      </object_component>
      <object_component id="oc-809">
         <name>.common:heartRateAvgArr</name>
         <uninitialized>true</uninitialized>
         <run_address>0x292c</run_address>
         <size>0x8</size>
      </object_component>
      <object_component id="oc-80f">
         <name>.common:spo2RateAvgArr</name>
         <uninitialized>true</uninitialized>
         <run_address>0x2934</run_address>
         <size>0x8</size>
      </object_component>
      <object_component id="oc-807">
         <name>.common:irValue</name>
         <uninitialized>true</uninitialized>
         <run_address>0x2944</run_address>
         <size>0x4</size>
      </object_component>
      <object_component id="oc-808">
         <name>.common:redValue</name>
         <uninitialized>true</uninitialized>
         <run_address>0x2948</run_address>
         <size>0x4</size>
      </object_component>
      <object_component id="oc-7d4">
         <name>.common:i</name>
         <uninitialized>true</uninitialized>
         <run_address>0x2958</run_address>
         <size>0x2</size>
      </object_component>
      <object_component id="oc-758">
         <name>.common:uca0Receiver</name>
         <uninitialized>true</uninitialized>
         <run_address>0x2954</run_address>
         <size>0x4</size>
      </object_component>
      <object_component id="oc-747">
         <name>.data</name>
         <load_address>0x296e</load_address>
         <run_address>0x296e</run_address>
         <size>0x4</size>
         <input_file_ref idref="fl-3"/>
      </object_component>
      <object_component id="oc-7fe">
         <name>.data</name>
         <load_address>0x295c</load_address>
         <run_address>0x295c</run_address>
         <size>0x12</size>
         <input_file_ref idref="fl-6"/>
      </object_component>
      <object_component id="oc-75c">
         <name>.data</name>
         <load_address>0x2974</load_address>
         <run_address>0x2974</run_address>
         <size>0x1</size>
         <input_file_ref idref="fl-8"/>
      </object_component>
      <object_component id="oc-a5d">
         <name>.data</name>
         <load_address>0x2972</load_address>
         <run_address>0x2972</run_address>
         <size>0x2</size>
         <input_file_ref idref="fl-87"/>
      </object_component>
      <object_component id="oc-6c6">
         <name>.stack</name>
         <uninitialized>true</uninitialized>
         <run_address>0x2b60</run_address>
         <size>0x4</size>
         <input_file_ref idref="fl-60"/>
      </object_component>
      <object_component id="oc-c7d">
         <name>.stack</name>
         <uninitialized>true</uninitialized>
         <run_address>0x2b60</run_address>
         <size>0x0</size>
      </object_component>
      <object_component id="oc-90">
         <name>.int18</name>
         <load_address>0xffb4</load_address>
         <run_address>0xffb4</run_address>
         <size>0x2</size>
         <input_file_ref idref="fl-31"/>
      </object_component>
      <object_component id="oc-91">
         <name>.int19</name>
         <load_address>0xffb6</load_address>
         <run_address>0xffb6</run_address>
         <size>0x2</size>
         <input_file_ref idref="fl-33"/>
      </object_component>
      <object_component id="oc-92">
         <name>.int20</name>
         <load_address>0xffb8</load_address>
         <run_address>0xffb8</run_address>
         <size>0x2</size>
         <input_file_ref idref="fl-34"/>
      </object_component>
      <object_component id="oc-93">
         <name>.int21</name>
         <load_address>0xffba</load_address>
         <run_address>0xffba</run_address>
         <size>0x2</size>
         <input_file_ref idref="fl-35"/>
      </object_component>
      <object_component id="oc-94">
         <name>.int22</name>
         <load_address>0xffbc</load_address>
         <run_address>0xffbc</run_address>
         <size>0x2</size>
         <input_file_ref idref="fl-36"/>
      </object_component>
      <object_component id="oc-95">
         <name>.int23</name>
         <load_address>0xffbe</load_address>
         <run_address>0xffbe</run_address>
         <size>0x2</size>
         <input_file_ref idref="fl-37"/>
      </object_component>
      <object_component id="oc-96">
         <name>.int24</name>
         <load_address>0xffc0</load_address>
         <run_address>0xffc0</run_address>
         <size>0x2</size>
         <input_file_ref idref="fl-38"/>
      </object_component>
      <object_component id="oc-97">
         <name>.int25</name>
         <load_address>0xffc2</load_address>
         <run_address>0xffc2</run_address>
         <size>0x2</size>
         <input_file_ref idref="fl-39"/>
      </object_component>
      <object_component id="oc-98">
         <name>.int26</name>
         <load_address>0xffc4</load_address>
         <run_address>0xffc4</run_address>
         <size>0x2</size>
         <input_file_ref idref="fl-3a"/>
      </object_component>
      <object_component id="oc-99">
         <name>.int27</name>
         <load_address>0xffc6</load_address>
         <run_address>0xffc6</run_address>
         <size>0x2</size>
         <input_file_ref idref="fl-3b"/>
      </object_component>
      <object_component id="oc-9a">
         <name>.int28</name>
         <load_address>0xffc8</load_address>
         <run_address>0xffc8</run_address>
         <size>0x2</size>
         <input_file_ref idref="fl-3c"/>
      </object_component>
      <object_component id="oc-9b">
         <name>.int29</name>
         <load_address>0xffca</load_address>
         <run_address>0xffca</run_address>
         <size>0x2</size>
         <input_file_ref idref="fl-3d"/>
      </object_component>
      <object_component id="oc-9c">
         <name>.int30</name>
         <load_address>0xffcc</load_address>
         <run_address>0xffcc</run_address>
         <size>0x2</size>
         <input_file_ref idref="fl-3e"/>
      </object_component>
      <object_component id="oc-9d">
         <name>.int31</name>
         <load_address>0xffce</load_address>
         <run_address>0xffce</run_address>
         <size>0x2</size>
         <input_file_ref idref="fl-3f"/>
      </object_component>
      <object_component id="oc-9e">
         <name>.int32</name>
         <load_address>0xffd0</load_address>
         <run_address>0xffd0</run_address>
         <size>0x2</size>
         <input_file_ref idref="fl-40"/>
      </object_component>
      <object_component id="oc-9f">
         <name>.int33</name>
         <load_address>0xffd2</load_address>
         <run_address>0xffd2</run_address>
         <size>0x2</size>
         <input_file_ref idref="fl-41"/>
      </object_component>
      <object_component id="oc-a0">
         <name>.int34</name>
         <load_address>0xffd4</load_address>
         <run_address>0xffd4</run_address>
         <size>0x2</size>
         <input_file_ref idref="fl-42"/>
      </object_component>
      <object_component id="oc-a1">
         <name>.int35</name>
         <load_address>0xffd6</load_address>
         <run_address>0xffd6</run_address>
         <size>0x2</size>
         <input_file_ref idref="fl-3"/>
      </object_component>
      <object_component id="oc-a2">
         <name>.int36</name>
         <load_address>0xffd8</load_address>
         <run_address>0xffd8</run_address>
         <size>0x2</size>
         <input_file_ref idref="fl-43"/>
      </object_component>
      <object_component id="oc-a3">
         <name>.int37</name>
         <load_address>0xffda</load_address>
         <run_address>0xffda</run_address>
         <size>0x2</size>
         <input_file_ref idref="fl-44"/>
      </object_component>
      <object_component id="oc-a4">
         <name>.int38</name>
         <load_address>0xffdc</load_address>
         <run_address>0xffdc</run_address>
         <size>0x2</size>
         <input_file_ref idref="fl-45"/>
      </object_component>
      <object_component id="oc-a5">
         <name>.int39</name>
         <load_address>0xffde</load_address>
         <run_address>0xffde</run_address>
         <size>0x2</size>
         <input_file_ref idref="fl-46"/>
      </object_component>
      <object_component id="oc-a6">
         <name>.int40</name>
         <load_address>0xffe0</load_address>
         <run_address>0xffe0</run_address>
         <size>0x2</size>
         <input_file_ref idref="fl-47"/>
      </object_component>
      <object_component id="oc-a7">
         <name>.int41</name>
         <load_address>0xffe2</load_address>
         <run_address>0xffe2</run_address>
         <size>0x2</size>
         <input_file_ref idref="fl-48"/>
      </object_component>
      <object_component id="oc-a8">
         <name>.int42</name>
         <load_address>0xffe4</load_address>
         <run_address>0xffe4</run_address>
         <size>0x2</size>
         <input_file_ref idref="fl-49"/>
      </object_component>
      <object_component id="oc-a9">
         <name>.int43</name>
         <load_address>0xffe6</load_address>
         <run_address>0xffe6</run_address>
         <size>0x2</size>
         <input_file_ref idref="fl-4a"/>
      </object_component>
      <object_component id="oc-aa">
         <name>.int44</name>
         <load_address>0xffe8</load_address>
         <run_address>0xffe8</run_address>
         <size>0x2</size>
         <input_file_ref idref="fl-4b"/>
      </object_component>
      <object_component id="oc-ab">
         <name>.int45</name>
         <load_address>0xffea</load_address>
         <run_address>0xffea</run_address>
         <size>0x2</size>
         <input_file_ref idref="fl-4c"/>
      </object_component>
      <object_component id="oc-ac">
         <name>.int46</name>
         <load_address>0xffec</load_address>
         <run_address>0xffec</run_address>
         <size>0x2</size>
         <input_file_ref idref="fl-4d"/>
      </object_component>
      <object_component id="oc-ad">
         <name>.int47</name>
         <load_address>0xffee</load_address>
         <run_address>0xffee</run_address>
         <size>0x2</size>
         <input_file_ref idref="fl-5"/>
      </object_component>
      <object_component id="oc-ae">
         <name>.int48</name>
         <load_address>0xfff0</load_address>
         <run_address>0xfff0</run_address>
         <size>0x2</size>
         <input_file_ref idref="fl-8"/>
      </object_component>
      <object_component id="oc-af">
         <name>.int49</name>
         <load_address>0xfff2</load_address>
         <run_address>0xfff2</run_address>
         <size>0x2</size>
         <input_file_ref idref="fl-4e"/>
      </object_component>
      <object_component id="oc-b0">
         <name>.int50</name>
         <load_address>0xfff4</load_address>
         <run_address>0xfff4</run_address>
         <size>0x2</size>
         <input_file_ref idref="fl-4f"/>
      </object_component>
      <object_component id="oc-b1">
         <name>.int51</name>
         <load_address>0xfff6</load_address>
         <run_address>0xfff6</run_address>
         <size>0x2</size>
         <input_file_ref idref="fl-50"/>
      </object_component>
      <object_component id="oc-b2">
         <name>.int52</name>
         <load_address>0xfff8</load_address>
         <run_address>0xfff8</run_address>
         <size>0x2</size>
         <input_file_ref idref="fl-51"/>
      </object_component>
      <object_component id="oc-b3">
         <name>.int53</name>
         <load_address>0xfffa</load_address>
         <run_address>0xfffa</run_address>
         <size>0x2</size>
         <input_file_ref idref="fl-52"/>
      </object_component>
      <object_component id="oc-b4">
         <name>.int54</name>
         <load_address>0xfffc</load_address>
         <run_address>0xfffc</run_address>
         <size>0x2</size>
         <input_file_ref idref="fl-53"/>
      </object_component>
      <object_component id="oc-6c9">
         <name>.reset</name>
         <load_address>0xfffe</load_address>
         <run_address>0xfffe</run_address>
         <size>0x2</size>
         <input_file_ref idref="fl-60"/>
      </object_component>
      <object_component id="oc-871">
         <name>.debug_info</name>
         <load_address>0x0</load_address>
         <run_address>0x0</run_address>
         <size>0x1e7</size>
         <input_file_ref idref="fl-2"/>
      </object_component>
      <object_component id="oc-8ad">
         <name>.debug_info</name>
         <load_address>0x1e7</load_address>
         <run_address>0x1e7</run_address>
         <size>0xdb</size>
         <input_file_ref idref="fl-2"/>
      </object_component>
      <object_component id="oc-89c">
         <name>.debug_info</name>
         <load_address>0x2c2</load_address>
         <run_address>0x2c2</run_address>
         <size>0xc7</size>
         <input_file_ref idref="fl-2"/>
      </object_component>
      <object_component id="oc-8aa">
         <name>.debug_info</name>
         <load_address>0x389</load_address>
         <run_address>0x389</run_address>
         <size>0xc7</size>
         <input_file_ref idref="fl-2"/>
      </object_component>
      <object_component id="oc-948">
         <name>.debug_info</name>
         <load_address>0x450</load_address>
         <run_address>0x450</run_address>
         <size>0x24a</size>
         <input_file_ref idref="fl-2"/>
      </object_component>
      <object_component id="oc-9b9">
         <name>.debug_info</name>
         <load_address>0x69a</load_address>
         <run_address>0x69a</run_address>
         <size>0x1e2</size>
         <input_file_ref idref="fl-2"/>
      </object_component>
      <object_component id="oc-8b5">
         <name>.debug_info</name>
         <load_address>0x87c</load_address>
         <run_address>0x87c</run_address>
         <size>0x1ac</size>
         <input_file_ref idref="fl-2"/>
      </object_component>
      <object_component id="oc-94e">
         <name>.debug_info</name>
         <load_address>0xa28</load_address>
         <run_address>0xa28</run_address>
         <size>0x27a</size>
         <input_file_ref idref="fl-2"/>
      </object_component>
      <object_component id="oc-8a5">
         <name>.debug_info</name>
         <load_address>0xca2</load_address>
         <run_address>0xca2</run_address>
         <size>0x296</size>
         <input_file_ref idref="fl-2"/>
      </object_component>
      <object_component id="oc-803">
         <name>.debug_info</name>
         <load_address>0xf38</load_address>
         <run_address>0xf38</run_address>
         <size>0x87d</size>
         <input_file_ref idref="fl-2"/>
      </object_component>
      <object_component id="oc-7a2">
         <name>.debug_info</name>
         <load_address>0x17b5</load_address>
         <run_address>0x17b5</run_address>
         <size>0x8b</size>
         <input_file_ref idref="fl-2"/>
      </object_component>
      <object_component id="oc-86c">
         <name>.debug_info</name>
         <load_address>0x1840</load_address>
         <run_address>0x1840</run_address>
         <size>0x282</size>
         <input_file_ref idref="fl-2"/>
      </object_component>
      <object_component id="oc-866">
         <name>.debug_info</name>
         <load_address>0x1ac2</load_address>
         <run_address>0x1ac2</run_address>
         <size>0xbb</size>
         <input_file_ref idref="fl-2"/>
      </object_component>
      <object_component id="oc-7a7">
         <name>.debug_info</name>
         <load_address>0x1b7d</load_address>
         <run_address>0x1b7d</run_address>
         <size>0x2a1</size>
         <input_file_ref idref="fl-2"/>
      </object_component>
      <object_component id="oc-795">
         <name>.debug_info</name>
         <load_address>0x1e1e</load_address>
         <run_address>0x1e1e</run_address>
         <size>0x2ed</size>
         <input_file_ref idref="fl-3"/>
      </object_component>
      <object_component id="oc-748">
         <name>.debug_info</name>
         <load_address>0x210b</load_address>
         <run_address>0x210b</run_address>
         <size>0xd8</size>
         <input_file_ref idref="fl-3"/>
      </object_component>
      <object_component id="oc-7bd">
         <name>.debug_info</name>
         <load_address>0x21e3</load_address>
         <run_address>0x21e3</run_address>
         <size>0x101</size>
         <input_file_ref idref="fl-3"/>
      </object_component>
      <object_component id="oc-7b9">
         <name>.debug_info</name>
         <load_address>0x22e4</load_address>
         <run_address>0x22e4</run_address>
         <size>0x10a</size>
         <input_file_ref idref="fl-3"/>
      </object_component>
      <object_component id="oc-6ea">
         <name>.debug_info</name>
         <load_address>0x23ee</load_address>
         <run_address>0x23ee</run_address>
         <size>0x109</size>
         <input_file_ref idref="fl-3"/>
      </object_component>
      <object_component id="oc-6d0">
         <name>.debug_info</name>
         <load_address>0x24f7</load_address>
         <run_address>0x24f7</run_address>
         <size>0x84</size>
         <input_file_ref idref="fl-3"/>
      </object_component>
      <object_component id="oc-a72">
         <name>.debug_info</name>
         <load_address>0x257b</load_address>
         <run_address>0x257b</run_address>
         <size>0x347</size>
         <input_file_ref idref="fl-5"/>
      </object_component>
      <object_component id="oc-8ea">
         <name>.debug_info</name>
         <load_address>0x28c2</load_address>
         <run_address>0x28c2</run_address>
         <size>0x11a</size>
         <input_file_ref idref="fl-5"/>
      </object_component>
      <object_component id="oc-8e4">
         <name>.debug_info</name>
         <load_address>0x29dc</load_address>
         <run_address>0x29dc</run_address>
         <size>0x145</size>
         <input_file_ref idref="fl-5"/>
      </object_component>
      <object_component id="oc-984">
         <name>.debug_info</name>
         <load_address>0x2b21</load_address>
         <run_address>0x2b21</run_address>
         <size>0x171</size>
         <input_file_ref idref="fl-5"/>
      </object_component>
      <object_component id="oc-932">
         <name>.debug_info</name>
         <load_address>0x2c92</load_address>
         <run_address>0x2c92</run_address>
         <size>0xfa</size>
         <input_file_ref idref="fl-5"/>
      </object_component>
      <object_component id="oc-74d">
         <name>.debug_info</name>
         <load_address>0x2d8c</load_address>
         <run_address>0x2d8c</run_address>
         <size>0x101</size>
         <input_file_ref idref="fl-5"/>
      </object_component>
      <object_component id="oc-7c3">
         <name>.debug_info</name>
         <load_address>0x2e8d</load_address>
         <run_address>0x2e8d</run_address>
         <size>0x10f</size>
         <input_file_ref idref="fl-5"/>
      </object_component>
      <object_component id="oc-8f0">
         <name>.debug_info</name>
         <load_address>0x2f9c</load_address>
         <run_address>0x2f9c</run_address>
         <size>0x14b</size>
         <input_file_ref idref="fl-5"/>
      </object_component>
      <object_component id="oc-a10">
         <name>.debug_info</name>
         <load_address>0x30e7</load_address>
[...]
         <name>__TI_int32</name>
         <value>0xffd0</value>
         <object_component_ref idref="oc-9e"/>
      </symbol>
      <symbol id="sm-984">
         <name>__TI_int33</name>
         <value>0xffd2</value>
         <object_component_ref idref="oc-9f"/>
      </symbol>
      <symbol id="sm-987">
         <name>__TI_int34</name>
         <value>0xffd4</value>
         <object_component_ref idref="oc-a0"/>
      </symbol>
      <symbol id="sm-98a">
         <name>__TI_int36</name>
         <value>0xffd8</value>
         <object_component_ref idref="oc-a2"/>
      </symbol>
      <symbol id="sm-98d">
         <name>__TI_int37</name>
         <value>0xffda</value>
         <object_component_ref idref="oc-a3"/>
      </symbol>
      <symbol id="sm-990">
         <name>__TI_int38</name>
         <value>0xffdc</value>
         <object_component_ref idref="oc-a4"/>
      </symbol>
      <symbol id="sm-993">
         <name>__TI_int39</name>
         <value>0xffde</value>
         <object_component_ref idref="oc-a5"/>
      </symbol>
      <symbol id="sm-996">
         <name>__TI_int40</name>
         <value>0xffe0</value>
         <object_component_ref idref="oc-a6"/>
      </symbol>
      <symbol id="sm-999">
         <name>__TI_int41</name>
         <value>0xffe2</value>
         <object_component_ref idref="oc-a7"/>
      </symbol>
      <symbol id="sm-99c">
         <name>__TI_int42</name>
         <value>0xffe4</value>
         <object_component_ref idref="oc-a8"/>
      </symbol>
      <symbol id="sm-99f">
         <name>__TI_int43</name>
         <value>0xffe6</value>
         <object_component_ref idref="oc-a9"/>
      </symbol>
      <symbol id="sm-9a2">
         <name>__TI_int44</name>
         <value>0xffe8</value>
         <object_component_ref idref="oc-aa"/>
      </symbol>
      <symbol id="sm-9a5">
         <name>__TI_int45</name>
         <value>0xffea</value>
         <object_component_ref idref="oc-ab"/>
      </symbol>
      <symbol id="sm-9a8">
         <name>__TI_int46</name>
         <value>0xffec</value>
         <object_component_ref idref="oc-ac"/>
      </symbol>
      <symbol id="sm-9ab">
         <name>__TI_int49</name>
         <value>0xfff2</value>
         <object_component_ref idref="oc-af"/>
      </symbol>
      <symbol id="sm-9ae">
         <name>__TI_int50</name>
         <value>0xfff4</value>
         <object_component_ref idref="oc-b0"/>
      </symbol>
      <symbol id="sm-9b1">
         <name>__TI_int51</name>
         <value>0xfff6</value>
         <object_component_ref idref="oc-b1"/>
      </symbol>
      <symbol id="sm-9b4">
         <name>__TI_int52</name>
         <value>0xfff8</value>
         <object_component_ref idref="oc-b2"/>
      </symbol>
      <symbol id="sm-9b7">
         <name>__TI_int53</name>
         <value>0xfffa</value>
         <object_component_ref idref="oc-b3"/>
      </symbol>
      <symbol id="sm-9ba">
         <name>__TI_int54</name>
         <value>0xfffc</value>
         <object_component_ref idref="oc-b4"/>
      </symbol>
      <symbol id="sm-9cd">
         <name>__TI_zero_init</name>
         <value>0x15210</value>
         <object_component_ref idref="oc-6ff"/>
      </symbol>
      <symbol id="sm-9d9">
         <name>__mspabi_remi</name>
         <value>0x150a4</value>
         <object_component_ref idref="oc-80a"/>
      </symbol>
      <symbol id="sm-9da">
         <name>__mspabi_divi</name>
         <value>0x150a4</value>
         <object_component_ref idref="oc-80a"/>
      </symbol>
      <symbol id="sm-9e6">
         <name>__mspabi_remli</name>
         <value>0x14db8</value>
         <object_component_ref idref="oc-89e"/>
      </symbol>
      <symbol id="sm-9e7">
         <name>__mspabi_divli</name>
         <value>0x14db8</value>
         <object_component_ref idref="oc-89e"/>
      </symbol>
      <symbol id="sm-9f1">
         <name>__mspabi_remu</name>
         <value>0x15356</value>
         <object_component_ref idref="oc-8bb"/>
      </symbol>
      <symbol id="sm-9f2">
         <name>__mspabi_divu</name>
         <value>0x15356</value>
         <object_component_ref idref="oc-8bb"/>
      </symbol>
      <symbol id="sm-a00">
         <name>__mspabi_remul</name>
         <value>0x14b64</value>
         <object_component_ref idref="oc-896"/>
      </symbol>
      <symbol id="sm-a01">
         <name>__mspabi_divul</name>
         <value>0x14b64</value>
         <object_component_ref idref="oc-896"/>
      </symbol>
      <symbol id="sm-a09">
         <name>__mspabi_mpyi_f5hw</name>
         <value>0x15328</value>
         <object_component_ref idref="oc-9aa"/>
      </symbol>
      <symbol id="sm-a11">
         <name>__mspabi_mpyl_f5hw</name>
         <value>0x15234</value>
         <object_component_ref idref="oc-bd0"/>
      </symbol>
      <symbol id="sm-a19">
         <name>__mspabi_mpyll_f5hw</name>
         <value>0x14b08</value>
         <object_component_ref idref="oc-bc3"/>
      </symbol>
      <symbol id="sm-a22">
         <name>__mspabi_mpyull_f5hw</name>
         <value>0x15078</value>
         <object_component_ref idref="oc-bc8"/>
      </symbol>
      <symbol id="sm-a2a">
         <name>__mspabi_slll_9</name>
         <value>0x14e4e</value>
         <object_component_ref idref="oc-bab"/>
      </symbol>
      <symbol id="sm-a2b">
         <name>__mspabi_slll_8</name>
         <value>0x14e52</value>
         <object_component_ref idref="oc-bab"/>
      </symbol>
      <symbol id="sm-a2c">
         <name>__mspabi_slll_7</name>
         <value>0x14e56</value>
         <object_component_ref idref="oc-bab"/>
      </symbol>
      <symbol id="sm-a2d">
         <name>__mspabi_slll_6</name>
         <value>0x14e5a</value>
         <object_component_ref idref="oc-bab"/>
      </symbol>
      <symbol id="sm-a2e">
         <name>__mspabi_slll_5</name>
         <value>0x14e5e</value>
         <object_component_ref idref="oc-bab"/>
      </symbol>
      <symbol id="sm-a2f">
         <name>__mspabi_slll_4</name>
         <value>0x14e62</value>
         <object_component_ref idref="oc-bab"/>
      </symbol>
      <symbol id="sm-a30">
         <name>__mspabi_slll_3</name>
         <value>0x14e66</value>
         <object_component_ref idref="oc-bab"/>
      </symbol>
      <symbol id="sm-a31">
         <name>__mspabi_slll_2</name>
         <value>0x14e6a</value>
         <object_component_ref idref="oc-bab"/>
      </symbol>
      <symbol id="sm-a32">
         <name>__mspabi_slll_1</name>
         <value>0x14e6e</value>
         <object_component_ref idref="oc-bab"/>
      </symbol>
      <symbol id="sm-a33">
         <name>__mspabi_slll_15</name>
         <value>0x14e36</value>
         <object_component_ref idref="oc-bab"/>
      </symbol>
      <symbol id="sm-a34">
         <name>__mspabi_slll_14</name>
         <value>0x14e3a</value>
         <object_component_ref idref="oc-bab"/>
      </symbol>
      <symbol id="sm-a35">
         <name>__mspabi_slll_13</name>
         <value>0x14e3e</value>
         <object_component_ref idref="oc-bab"/>
      </symbol>
      <symbol id="sm-a36">
         <name>__mspabi_slll_12</name>
         <value>0x14e42</value>
         <object_component_ref idref="oc-bab"/>
      </symbol>
      <symbol id="sm-a37">
         <name>__mspabi_slll_11</name>
         <value>0x14e46</value>
         <object_component_ref idref="oc-bab"/>
      </symbol>
      <symbol id="sm-a38">
         <name>__mspabi_slll_10</name>
         <value>0x14e4a</value>
         <object_component_ref idref="oc-bab"/>
      </symbol>
      <symbol id="sm-a40">
         <name>__mspabi_sral_15</name>
         <value>0x14df8</value>
         <object_component_ref idref="oc-8af"/>
      </symbol>
      <symbol id="sm-a41">
         <name>__mspabi_sral_14</name>
         <value>0x14dfc</value>
         <object_component_ref idref="oc-8af"/>
      </symbol>
      <symbol id="sm-a42">
         <name>__mspabi_sral_13</name>
         <value>0x14e00</value>
         <object_component_ref idref="oc-8af"/>
      </symbol>
      <symbol id="sm-a43">
         <name>__mspabi_sral_12</name>
         <value>0x14e04</value>
         <object_component_ref idref="oc-8af"/>
      </symbol>
      <symbol id="sm-a44">
         <name>__mspabi_sral_11</name>
         <value>0x14e08</value>
         <object_component_ref idref="oc-8af"/>
      </symbol>
      <symbol id="sm-a45">
         <name>__mspabi_sral_10</name>
         <value>0x14e0c</value>
         <object_component_ref idref="oc-8af"/>
      </symbol>
      <symbol id="sm-a46">
         <name>__mspabi_sral_8</name>
         <value>0x14e14</value>
         <object_component_ref idref="oc-8af"/>
      </symbol>
      <symbol id="sm-a47">
         <name>__mspabi_sral_9</name>
         <value>0x14e10</value>
         <object_component_ref idref="oc-8af"/>
      </symbol>
      <symbol id="sm-a48">
         <name>__mspabi_sral_6</name>
         <value>0x14e1c</value>
         <object_component_ref idref="oc-8af"/>
      </symbol>
      <symbol id="sm-a49">
         <name>__mspabi_sral_7</name>
         <value>0x14e18</value>
         <object_component_ref idref="oc-8af"/>
      </symbol>
      <symbol id="sm-a4a">
         <name>__mspabi_sral_4</name>
         <value>0x14e24</value>
         <object_component_ref idref="oc-8af"/>
      </symbol>
      <symbol id="sm-a4b">
         <name>__mspabi_sral_5</name>
         <value>0x14e20</value>
         <object_component_ref idref="oc-8af"/>
      </symbol>
      <symbol id="sm-a4c">
         <name>__mspabi_sral_2</name>
         <value>0x14e2c</value>
         <object_component_ref idref="oc-8af"/>
      </symbol>
      <symbol id="sm-a4d">
         <name>__mspabi_sral_3</name>
         <value>0x14e28</value>
         <object_component_ref idref="oc-8af"/>
      </symbol>
      <symbol id="sm-a4e">
         <name>__mspabi_sral_1</name>
         <value>0x14e30</value>
         <object_component_ref idref="oc-8af"/>
      </symbol>
      <symbol id="sm-a5e">
         <name>_c_int00_noargs_mpu</name>
         <value>0x4000</value>
         <object_component_ref idref="oc-723"/>
      </symbol>
      <symbol id="sm-a5f">
         <name>_stack</name>
         <value>0x2b60</value>
         <object_component_ref idref="oc-6c6"/>
      </symbol>
      <symbol id="sm-a60">
         <name>_reset_vector</name>
         <value>0xfffe</value>
         <object_component_ref idref="oc-6c9"/>
      </symbol>
      <symbol id="sm-a69">
         <name>__mpu_init</name>
         <value>0x1504c</value>
         <object_component_ref idref="oc-780"/>
      </symbol>
      <symbol id="sm-a8d">
         <name>__TI_auto_init_nobinit_nopinit_hold_wdt</name>
         <value>0x14bbc</value>
         <object_component_ref idref="oc-849"/>
      </symbol>
      <symbol id="sm-a96">
         <name>_system_post_cinit</name>
         <value>0x136ea</value>
         <object_component_ref idref="oc-90e"/>
      </symbol>
      <symbol id="sm-a9f">
         <name>_system_pre_init</name>
         <value>0x1546e</value>
         <object_component_ref idref="oc-768"/>
      </symbol>
      <symbol id="sm-ab0">
         <name>C$$EXIT</name>
         <value>0x15468</value>
         <object_component_ref idref="oc-825"/>
      </symbol>
      <symbol id="sm-ab1">
         <name>abort</name>
         <value>0x15468</value>
         <object_component_ref idref="oc-825"/>
      </symbol>
      <symbol id="sm-ac1">
         <name>memcpy</name>
         <value>0x153ac</value>
         <object_component_ref idref="oc-6d5"/>
      </symbol>
      <symbol id="sm-aec">
         <name>sprintf</name>
         <value>0x14d34</value>
         <object_component_ref idref="oc-812"/>
      </symbol>
      <symbol id="sm-cbb">
         <name>__TI_printfi</name>
         <value>0x11bb2</value>
         <object_component_ref idref="oc-969"/>
      </symbol>
      <symbol id="sm-cca">
         <name>__TI_ltoa</name>
         <value>0x14872</value>
         <object_component_ref idref="oc-b5a"/>
      </symbol>
      <symbol id="sm-ce9">
         <name>__mspabi_cmpd</name>
         <value>0x1430a</value>
         <object_component_ref idref="oc-acc"/>
      </symbol>
      <symbol id="sm-d0a">
         <name>__mspabi_divd</name>
         <value>0x12a24</value>
         <object_component_ref idref="oc-b23"/>
      </symbol>
      <symbol id="sm-d25">
         <name>__TI_frcdivd</name>
         <value>0x10fd0</value>
         <object_component_ref idref="oc-b85"/>
      </symbol>
      <symbol id="sm-d58">
         <name>__mspabi_divull</name>
         <value>0x11864</value>
         <object_component_ref idref="oc-ae4"/>
      </symbol>
      <symbol id="sm-d65">
         <name>__mspabi_fixdi</name>
         <value>0x15178</value>
         <object_component_ref idref="oc-b6c"/>
      </symbol>
      <symbol id="sm-d74">
         <name>__mspabi_fixdli</name>
         <value>0x149e0</value>
         <object_component_ref idref="oc-b54"/>
      </symbol>
      <symbol id="sm-d7d">
         <name>__mspabi_fltid</name>
         <value>0x15448</value>
         <object_component_ref idref="oc-ba0"/>
      </symbol>
      <symbol id="sm-d95">
         <name>__mspabi_fltlid</name>
         <value>0x146b4</value>
         <object_component_ref idref="oc-b60"/>
      </symbol>
      <symbol id="sm-dba">
         <name>__mspabi_mpyd</name>
         <value>0x11e58</value>
         <object_component_ref idref="oc-b1d"/>
      </symbol>
      <symbol id="sm-dc5">
         <name>__TI_frcmpyd</name>
         <value>0x139da</value>
         <object_component_ref idref="oc-b7d"/>
      </symbol>
      <symbol id="sm-dd2">
         <name>__mspabi_negd</name>
         <value>0x14fc4</value>
         <object_component_ref idref="oc-aae"/>
      </symbol>
      <symbol id="sm-ddf">
         <name>__mspabi_sllll</name>
         <value>0x14eee</value>
         <object_component_ref idref="oc-b44"/>
      </symbol>
      <symbol id="sm-def">
         <name>__mspabi_srll_8</name>
         <value>0x14e90</value>
         <object_component_ref idref="oc-bb3"/>
      </symbol>
      <symbol id="sm-df0">
         <name>__mspabi_srll_9</name>
         <value>0x14e8c</value>
         <object_component_ref idref="oc-bb3"/>
      </symbol>
      <symbol id="sm-df1">
         <name>__mspabi_srll_6</name>
         <value>0x14e98</value>
         <object_component_ref idref="oc-bb3"/>
      </symbol>
      <symbol id="sm-df2">
         <name>__mspabi_srll_7</name>
         <value>0x14e94</value>
         <object_component_ref idref="oc-bb3"/>
      </symbol>
      <symbol id="sm-df3">
         <name>__mspabi_srll_4</name>
         <value>0x14ea0</value>
         <object_component_ref idref="oc-bb3"/>
      </symbol>
      <symbol id="sm-df4">
         <name>__mspabi_srll_5</name>
         <value>0x14e9c</value>
         <object_component_ref idref="oc-bb3"/>
      </symbol>
      <symbol id="sm-df5">
         <name>__mspabi_srll_2</name>
         <value>0x14ea8</value>
         <object_component_ref idref="oc-bb3"/>
      </symbol>
      <symbol id="sm-df6">
         <name>__mspabi_srll_3</name>
         <value>0x14ea4</value>
         <object_component_ref idref="oc-bb3"/>
      </symbol>
      <symbol id="sm-df7">
         <name>__mspabi_srll_1</name>
         <value>0x14eac</value>
         <object_component_ref idref="oc-bb3"/>
      </symbol>
      <symbol id="sm-df8">
         <name>__mspabi_srll_15</name>
         <value>0x14e74</value>
         <object_component_ref idref="oc-bb3"/>
      </symbol>
      <symbol id="sm-df9">
         <name>__mspabi_srll_14</name>
         <value>0x14e78</value>
         <object_component_ref idref="oc-bb3"/>
      </symbol>
      <symbol id="sm-dfa">
         <name>__mspabi_srll_13</name>
         <value>0x14e7c</value>
         <object_component_ref idref="oc-bb3"/>
      </symbol>
      <symbol id="sm-dfb">
         <name>__mspabi_srll_12</name>
         <value>0x14e80</value>
         <object_component_ref idref="oc-bb3"/>
      </symbol>
      <symbol id="sm-dfc">
         <name>__mspabi_srll_11</name>
         <value>0x14e84</value>
         <object_component_ref idref="oc-bb3"/>
      </symbol>
      <symbol id="sm-dfd">
         <name>__mspabi_srll_10</name>
         <value>0x14e88</value>
         <object_component_ref idref="oc-bb3"/>
      </symbol>
      <symbol id="sm-dfe">
         <name>__mspabi_srll</name>
         <value>0x15404</value>
         <object_component_ref idref="oc-b4a"/>
      </symbol>
      <symbol id="sm-e0b">
         <name>__mspabi_srlll</name>
         <value>0x14f28</value>
         <object_component_ref idref="oc-aea"/>
      </symbol>
      <symbol id="sm-e14">
         <name>__mspabi_subd</name>
         <value>0x14f62</value>
         <object_component_ref idref="oc-b66"/>
      </symbol>
      <symbol id="sm-e4e">
         <name>__mspabi_addd</name>
         <value>0x108a6</value>
         <object_component_ref idref="oc-bba"/>
      </symbol>
      <symbol id="sm-e5b">
         <name>__mspabi_srall</name>
         <value>0x14d78</value>
         <object_component_ref idref="oc-bf1"/>
      </symbol>
      <symbol id="sm-e65">
         <name>abs</name>
         <value>0x1545e</value>
         <object_component_ref idref="oc-b73"/>
      </symbol>
      <symbol id="sm-e78">
         <name>atoi</name>
         <value>0x14a46</value>
         <object_component_ref idref="oc-a48"/>
      </symbol>
      <symbol id="sm-e82">
         <name>_ctypes_</name>
         <value>0x4062</value>
         <object_component_ref idref="oc-a80"/>
      </symbol>
      <symbol id="sm-e89">
         <name>errno</name>
         <value>0x2972</value>
         <object_component_ref idref="oc-a5d"/>
      </symbol>
      <symbol id="sm-ea5">
         <name>frexpl</name>
         <value>0x1460e</value>
         <object_component_ref idref="oc-b2a"/>
      </symbol>
      <symbol id="sm-ea6">
         <name>frexp</name>
         <value>0x1460e</value>
         <object_component_ref idref="oc-b2a"/>
      </symbol>
      <symbol id="sm-ebf">
         <name>scalbn</name>
         <value>0x13b3e</value>
         <object_component_ref idref="oc-b94"/>
      </symbol>
      <symbol id="sm-ec0">
         <name>scalbnl</name>
         <value>0x13b3e</value>
         <object_component_ref idref="oc-b94"/>
      </symbol>
      <symbol id="sm-ec1">
         <name>ldexpl</name>
         <value>0x13b3e</value>
         <object_component_ref idref="oc-b94"/>
      </symbol>
      <symbol id="sm-ec2">
         <name>ldexp</name>
         <value>0x13b3e</value>
         <object_component_ref idref="oc-b94"/>
      </symbol>
      <symbol id="sm-ecb">
         <name>copysign</name>
         <value>0x14ff2</value>
         <object_component_ref idref="oc-be0"/>
      </symbol>
      <symbol id="sm-ecc">
         <name>copysignl</name>
         <value>0x14ff2</value>
         <object_component_ref idref="oc-be0"/>
      </symbol>
      <symbol id="sm-edb">
         <name>memccpy</name>
         <value>0x151a0</value>
         <object_component_ref idref="oc-a34"/>
      </symbol>
      <symbol id="sm-ee9">
         <name>memset</name>
         <value>0x15340</value>
         <object_component_ref idref="oc-a27"/>
      </symbol>
      <symbol id="sm-ef8">
         <name>strchr</name>
         <value>0x152f4</value>
         <object_component_ref idref="oc-b9a"/>
      </symbol>
      <symbol id="sm-f05">
         <name>strlen</name>
         <value>0x15422</value>
         <object_component_ref idref="oc-9bf"/>
      </symbol>
      <symbol id="sm-f12">
         <name>toupper</name>
         <value>0x153d2</value>
         <object_component_ref idref="oc-aa8"/>
      </symbol>
      <symbol id="sm-f2a">
         <name>wcslen</name>
         <value>0x1536c</value>
         <object_component_ref idref="oc-a57"/>
      </symbol>
   </symbol_table>
   <title>Link successful</title>
</link_info>
